\BOOKMARK [0][-]{Doc-Start}{\376\377\000A\000b\000s\000t\000r\000a\000c\000t}{}% 1
\BOOKMARK [0][-]{chapter*.1}{\376\377\000P\000r\000e\000f\000a\000c\000e}{}% 2
\BOOKMARK [-1][-]{part.1}{\376\377\000I\000\040\000F\000o\000u\000n\000d\000a\000t\000i\000o\000n\000s\000:\000\040\000W\000h\000a\000t\000\040\000a\000\040\000C\000o\000o\000r\000d\000i\000n\000a\000t\000e\000\040\000S\000y\000s\000t\000e\000m\000\040\000I\000s}{}% 3
\BOOKMARK [0][-]{chapter.1}{\376\377\000W\000h\000y\000\040\000C\000o\000o\000r\000d\000i\000n\000a\000t\000e\000\040\000S\000y\000s\000t\000e\000m\000s\000\040\000E\000x\000i\000s\000t}{part.1}% 4
\BOOKMARK [1][-]{section.1.1}{\376\377\000A\000\040\000Q\000u\000e\000s\000t\000i\000o\000n\000\040\000A\000l\000m\000o\000s\000t\000\040\000N\000o\000b\000o\000d\000y\000\040\000A\000s\000k\000s}{chapter.1}% 5
\BOOKMARK [1][-]{section.1.2}{\376\377\000C\000o\000o\000r\000d\000i\000n\000a\000t\000e\000s\000\040\000a\000s\000\040\000I\000n\000t\000e\000r\000f\000a\000c\000e\000s}{chapter.1}% 6
\BOOKMARK [1][-]{section.1.3}{\376\377\000A\000n\000\040\000I\000l\000l\000u\000s\000t\000r\000a\000t\000i\000o\000n\000:\000\040\000T\000h\000e\000\040\000T\000w\000o\000\040\000D\000e\000s\000c\000r\000i\000p\000t\000i\000o\000n\000s\000\040\000o\000f\000\040\000a\000\040\000C\000i\000r\000c\000l\000e}{chapter.1}% 7
\BOOKMARK [1][-]{section.1.4}{\376\377\000C\000o\000o\000r\000d\000i\000n\000a\000t\000e\000\040\000A\000r\000t\000i\000f\000a\000c\000t\000s\000\040\000a\000n\000d\000\040\000t\000h\000e\000\040\000C\000o\000s\000t\000\040\000o\000f\000\040\000F\000o\000r\000g\000e\000t\000t\000i\000n\000g\000\040\000t\000h\000e\000\040\000I\000n\000t\000e\000r\000f\000a\000c\000e}{chapter.1}% 8
\BOOKMARK [1][-]{section.1.5}{\376\377\000A\000\040\000S\000h\000a\000r\000p\000e\000r\000\040\000D\000i\000s\000t\000i\000n\000c\000t\000i\000o\000n\000:\000\040\000A\000r\000t\000i\000f\000a\000c\000t\000s\000\040\000o\000f\000\040\000t\000h\000e\000\040\000C\000h\000a\000r\000t\000\040\000V\000e\000r\000s\000u\000s\000\040\000I\000n\000v\000a\000r\000i\000a\000n\000t\000s\000\040\000o\000f\000\040\000t\000h\000e\000\040\000E\000m\000b\000e\000d\000d\000i\000n\000g}{chapter.1}% 9
\BOOKMARK [1][-]{section.1.6}{\376\377\000S\000u\000m\000m\000a\000r\000y\000\040\000a\000n\000d\000\040\000t\000h\000e\000\040\000Q\000u\000e\000s\000t\000i\000o\000n\000\040\000A\000h\000e\000a\000d}{chapter.1}% 10
\BOOKMARK [0][-]{chapter.2}{\376\377\000A\000\040\000T\000a\000x\000o\000n\000o\000m\000y\000\040\000o\000f\000\040\000C\000o\000o\000r\000d\000i\000n\000a\000t\000e\000\040\000S\000y\000s\000t\000e\000m\000s}{part.1}% 11
\BOOKMARK [1][-]{section.2.1}{\376\377\000W\000h\000a\000t\000\040\000a\000\040\000C\000h\000a\000r\000t\000\040\000I\000s\000\040\000A\000d\000a\000p\000t\000e\000d\000\040\000T\000o}{chapter.2}% 12
\BOOKMARK [1][-]{section.2.2}{\376\377\000T\000h\000e\000\040\000S\000t\000a\000n\000d\000a\000r\000d\000\040\000C\000h\000a\000r\000t\000s\000\040\000a\000n\000d\000\040\000T\000h\000e\000i\000r\000\040\000G\000r\000o\000u\000p\000s}{chapter.2}% 13
\BOOKMARK [1][-]{section.2.3}{\376\377\000C\000h\000o\000o\000s\000i\000n\000g\000\040\000a\000\040\000C\000h\000a\000r\000t\000\040\000I\000s\000\040\000a\000n\000\040\000O\000p\000t\000i\000m\000i\000z\000a\000t\000i\000o\000n\000\040\000P\000r\000o\000b\000l\000e\000m}{chapter.2}% 14
\BOOKMARK [1][-]{section.2.4}{\376\377\000W\000h\000y\000\040\000S\000p\000h\000e\000r\000i\000c\000a\000l\000\040\000C\000o\000o\000r\000d\000i\000n\000a\000t\000e\000s\000\040\000R\000e\000c\000u\000r}{chapter.2}% 15
\BOOKMARK [1][-]{section.2.5}{\376\377\000S\000u\000m\000m\000a\000r\000y}{chapter.2}% 16
\BOOKMARK [-1][-]{part.2}{\376\377\000I\000I\000\040\000S\000p\000h\000e\000r\000i\000c\000a\000l\000\040\000G\000e\000o\000m\000e\000t\000r\000y\000\040\000a\000s\000\040\000C\000o\000m\000p\000u\000t\000a\000t\000i\000o\000n}{}% 17
\BOOKMARK [0][-]{chapter.3}{\376\377\000T\000h\000e\000\040\000R\000a\000d\000i\000a\000l\040\023\000A\000n\000g\000u\000l\000a\000r\000\040\000D\000e\000c\000o\000m\000p\000o\000s\000i\000t\000i\000o\000n}{part.2}% 18
\BOOKMARK [1][-]{section.3.1}{\376\377\000T\000h\000e\000\040\000C\000h\000a\000r\000t\000\040\000S\000e\000l\000e\000c\000t\000e\000d\000\040\000E\000a\000r\000l\000i\000e\000r}{chapter.3}% 19
\BOOKMARK [1][-]{section.3.2}{\376\377\000R\000a\000d\000i\000u\000s\000\040\000a\000s\000\040\000L\000e\000v\000e\000l\000,\000\040\000A\000n\000g\000l\000e\000\040\000a\000s\000\040\000O\000r\000g\000a\000n\000i\000z\000a\000t\000i\000o\000n\000\040\000W\000i\000t\000h\000i\000n\000\040\000a\000\040\000L\000e\000v\000e\000l}{chapter.3}% 20
\BOOKMARK [1][-]{section.3.3}{\376\377\000A\000\040\000F\000i\000x\000e\000d\000-\000R\000a\000d\000i\000u\000s\000\040\000S\000h\000e\000l\000l\000\040\000I\000s\000\040\000I\000t\000s\000e\000l\000f\000\040\000a\000\040\000B\000o\000u\000n\000d\000a\000r\000y}{chapter.3}% 21
\BOOKMARK [2][-]{subsection.3.3.1}{\376\377\000T\000h\000e\000\040\000S\000y\000n\000c\000h\000r\000o\000n\000i\000c\000\040\000S\000c\000r\000e\000e\000n}{section.3.3}% 22
\BOOKMARK [2][-]{subsection.3.3.2}{\376\377\000T\000h\000e\000\040\000S\000t\000o\000r\000e\000d\000\040\000T\000a\000r\000g\000e\000t}{section.3.3}% 23
\BOOKMARK [2][-]{subsection.3.3.3}{\376\377\000T\000h\000e\000\040\000D\000i\000a\000c\000h\000r\000o\000n\000i\000c\000\040\000E\000x\000c\000l\000u\000s\000i\000o\000n}{section.3.3}% 24
\BOOKMARK [1][-]{section.3.4}{\376\377\000W\000h\000y\000\040\000t\000h\000e\000\040\000T\000h\000r\000e\000e\000\040\000T\000y\000p\000e\000s\000\040\000C\000a\000n\000n\000o\000t\000\040\000B\000e\000\040\000C\000o\000l\000l\000a\000p\000s\000e\000d\000\040\000I\000n\000t\000o\000\040\000O\000n\000e}{chapter.3}% 25
\BOOKMARK [1][-]{section.3.5}{\376\377\000S\000u\000m\000m\000a\000r\000y}{chapter.3}% 26
\BOOKMARK [0][-]{chapter.4}{\376\377\000T\000h\000e\000\040\000L\000a\000p\000l\000a\000c\000i\000a\000n\000\040\000a\000s\000\040\000a\000\040\000U\000n\000i\000v\000e\000r\000s\000a\000l\000\040\000C\000o\000m\000p\000u\000t\000a\000t\000i\000o\000n\000a\000l\000\040\000P\000r\000i\000m\000i\000t\000i\000v\000e}{part.2}% 27
\BOOKMARK [1][-]{section.4.1}{\376\377\000R\000e\000c\000a\000l\000l}{chapter.4}% 28
\BOOKMARK [1][-]{section.4.2}{\376\377\000T\000h\000e\000\040\000S\000p\000l\000i\000t\000,\000\040\000M\000a\000d\000e\000\040\000P\000r\000e\000c\000i\000s\000e}{chapter.4}% 29
\BOOKMARK [1][-]{section.4.3}{\376\377\000R\000e\000s\000t\000r\000i\000c\000t\000i\000o\000n\000\040\000t\000o\000\040\000a\000\040\000F\000i\000x\000e\000d\000\040\000S\000h\000e\000l\000l}{chapter.4}% 30
\BOOKMARK [1][-]{section.4.4}{\376\377\000D\000i\000a\000g\000o\000n\000a\000l\000i\000z\000a\000t\000i\000o\000n\000:\000\040\000T\000h\000e\000\040\000O\000p\000e\000r\000a\000t\000o\000r\000'\000s\000\040\000O\000w\000n\000\040\000P\000r\000e\000f\000e\000r\000r\000e\000d\000\040\000B\000a\000s\000i\000s}{chapter.4}% 31
\BOOKMARK [1][-]{section.4.5}{\376\377\000T\000h\000e\000\040\000O\000p\000e\000r\000a\000t\000o\000r\000\040\000a\000s\000\040\000a\000\040\000R\000e\000c\000u\000r\000r\000i\000n\000g\000\040\000P\000r\000i\000m\000i\000t\000i\000v\000e}{chapter.4}% 32
\BOOKMARK [1][-]{section.4.6}{\376\377\000S\000u\000m\000m\000a\000r\000y}{chapter.4}% 33
\BOOKMARK [-1][-]{part.3}{\376\377\000I\000I\000I\000\040\000A\000p\000p\000l\000i\000c\000a\000t\000i\000o\000n\000s\000\040\000I\000:\000\040\000F\000i\000e\000l\000d\000s\000\040\000a\000n\000d\000\040\000R\000e\000p\000a\000i\000r}{}% 34
\BOOKMARK [0][-]{chapter.5}{\376\377\000R\000S\000V\000P\000\040\000T\000h\000r\000o\000u\000g\000h\000\040\000t\000h\000e\000\040\000R\000a\000d\000i\000a\000l\040\023\000A\000n\000g\000u\000l\000a\000r\000\040\000L\000e\000n\000s}{part.3}% 35
\BOOKMARK [1][-]{section.5.1}{\376\377\000S\000c\000o\000p\000e}{chapter.5}% 36
\BOOKMARK [1][-]{section.5.2}{\376\377\000T\000h\000e\000\040\000F\000u\000n\000c\000t\000i\000o\000n\000a\000l\000,\000\040\000R\000e\000c\000a\000l\000l\000e\000d}{chapter.5}% 37
\BOOKMARK [1][-]{section.5.3}{\376\377\000S\000p\000l\000i\000t\000t\000i\000n\000g\000\040\000t\000h\000e\000\040\000G\000r\000a\000d\000i\000e\000n\000t\000\040\000E\000n\000e\000r\000g\000y}{chapter.5}% 38
\BOOKMARK [1][-]{section.5.4}{\376\377\000V\000o\000r\000t\000i\000c\000i\000t\000y\000\040\000a\000s\000\040\000a\000n\000\040\000I\000n\000t\000r\000i\000n\000s\000i\000c\000a\000l\000l\000y\000\040\000A\000n\000g\000u\000l\000a\000r\000\040\000P\000e\000n\000a\000l\000t\000y}{chapter.5}% 39
\BOOKMARK [1][-]{section.5.5}{\376\377\000T\000h\000e\000\040\000E\000n\000t\000r\000o\000p\000y\000\040\000F\000i\000e\000l\000d\000'\000s\000\040\000D\000u\000a\000l\000\040\000R\000o\000l\000e\000,\000\040\000R\000e\000r\000e\000a\000d}{chapter.5}% 40
\BOOKMARK [1][-]{section.5.6}{\376\377\000S\000u\000m\000m\000a\000r\000y}{chapter.5}% 41
\BOOKMARK [0][-]{chapter.6}{\376\377\000R\000e\000p\000a\000i\000r\000\040\000T\000h\000e\000o\000r\000y\000,\000\040\000R\000e\000i\000n\000t\000e\000r\000p\000r\000e\000t\000e\000d\000\040\000G\000e\000o\000m\000e\000t\000r\000i\000c\000a\000l\000l\000y}{part.3}% 42
\BOOKMARK [1][-]{section.6.1}{\376\377\000S\000c\000o\000p\000e}{chapter.6}% 43
\BOOKMARK [1][-]{section.6.2}{\376\377\000R\000e\000p\000a\000i\000r\000\040\000a\000s\000\040\000G\000r\000a\000d\000i\000e\000n\000t\000\040\000D\000e\000s\000c\000e\000n\000t\000\040\000o\000n\000\040\000L\000o\000c\000a\000l\000\040\000M\000i\000s\000m\000a\000t\000c\000h}{chapter.6}% 44
\BOOKMARK [1][-]{section.6.3}{\376\377\000L\000a\000m\000p\000h\000r\000o\000d\000y\000n\000e\000\040\000a\000s\000\040\000t\000h\000e\000\040\000R\000e\000p\000a\000i\000r\000\040\000P\000r\000e\000s\000s\000u\000r\000e\000,\000\040\000M\000a\000d\000e\000\040\000E\000x\000p\000l\000i\000c\000i\000t}{chapter.6}% 45
\BOOKMARK [1][-]{section.6.4}{\376\377\000T\000h\000e\000\040\000D\000u\000a\000l\000i\000t\000y\000\040\000B\000e\000t\000w\000e\000e\000n\000\040\000R\000e\000p\000a\000i\000r\000\040\000a\000n\000d\000\040\000W\000h\000a\000t\000\040\000R\000e\000p\000a\000i\000r\000\040\000A\000c\000t\000s\000\040\000A\000g\000a\000i\000n\000s\000t}{chapter.6}% 46
\BOOKMARK [1][-]{section.6.5}{\376\377\000T\000h\000e\000\040\000C\000u\000r\000v\000a\000t\000u\000r\000e\000\040\000D\000e\000f\000e\000c\000t\000,\000\040\000A\000n\000t\000i\000c\000i\000p\000a\000t\000e\000d}{chapter.6}% 47
\BOOKMARK [1][-]{section.6.6}{\376\377\000W\000h\000a\000t\000\040\000R\000e\000p\000a\000i\000r\000\040\000D\000o\000e\000s\000\040\000N\000o\000t\000\040\000E\000x\000p\000l\000a\000i\000n}{chapter.6}% 48
\BOOKMARK [1][-]{section.6.7}{\376\377\000S\000u\000m\000m\000a\000r\000y}{chapter.6}% 49
\BOOKMARK [-1][-]{part.4}{\376\377\000I\000V\000\040\000A\000p\000p\000l\000i\000c\000a\000t\000i\000o\000n\000s\000\040\000I\000I\000:\000\040\000S\000t\000a\000t\000e\000\040\000S\000p\000a\000c\000e\000\040\000a\000n\000d\000\040\000P\000l\000a\000n\000e\000t\000a\000r\000y\000\040\000S\000p\000a\000c\000e}{}% 50
\BOOKMARK [0][-]{chapter.7}{\376\377\000S\000p\000h\000e\000r\000e\000p\000o\000p\000\040\000a\000s\000\040\000a\000\040\000C\000h\000a\000r\000t\000\040\000o\000n\000\040\000P\000o\000s\000s\000i\000b\000i\000l\000i\000t\000y\000\040\000S\000p\000a\000c\000e}{part.4}% 51
\BOOKMARK [1][-]{section.7.1}{\376\377\000A\000\040\000S\000p\000h\000e\000r\000e\000\040\000W\000i\000t\000h\000o\000u\000t\000\040\000a\000\040\000P\000l\000a\000n\000e\000t}{chapter.7}% 52
\BOOKMARK [1][-]{section.7.2}{\376\377\000B\000u\000b\000b\000l\000e\000s\000\040\000a\000s\000\040\000R\000e\000g\000i\000o\000n\000s\000,\000\040\000N\000o\000t\000\040\000N\000o\000t\000a\000t\000i\000o\000n}{chapter.7}% 53
\BOOKMARK [1][-]{section.7.3}{\376\377\000P\000o\000p\000\040\000a\000s\000\040\000t\000h\000e\000\040\000R\000a\000d\000i\000a\000l\000\040\000C\000o\000o\000r\000d\000i\000n\000a\000t\000e}{chapter.7}% 54
\BOOKMARK [1][-]{section.7.4}{\376\377\000R\000e\000f\000u\000s\000e\000,\000\040\000B\000i\000n\000d\000,\000\040\000a\000n\000d\000\040\000C\000o\000l\000l\000a\000p\000s\000e\000\040\000a\000s\000\040\000t\000h\000e\000\040\000A\000n\000g\000u\000l\000a\000r\000\040\000D\000i\000r\000e\000c\000t\000i\000o\000n\000s}{chapter.7}% 55
\BOOKMARK [1][-]{section.7.5}{\376\377\000A\000n\000g\000u\000l\000a\000r\000\040\000H\000a\000r\000m\000o\000n\000i\000c\000s\000\040\000a\000s\000\040\000C\000o\000l\000l\000a\000p\000s\000e\000\040\000G\000r\000a\000n\000u\000l\000a\000r\000i\000t\000y}{chapter.7}% 56
\BOOKMARK [1][-]{section.7.6}{\376\377\000M\000e\000r\000g\000e\000\040\000a\000n\000d\000\040\000t\000h\000e\000\040\000A\000n\000g\000u\000l\000a\000r\000\040\000C\000o\000m\000p\000o\000s\000i\000t\000i\000o\000n\000\040\000o\000f\000\040\000R\000e\000g\000i\000o\000n\000s}{chapter.7}% 57
\BOOKMARK [1][-]{section.7.7}{\376\377\000S\000u\000m\000m\000a\000r\000y\000:\000\040\000A\000\040\000S\000e\000c\000o\000n\000d\000\040\000I\000n\000s\000t\000a\000n\000c\000e\000,\000\040\000I\000n\000d\000e\000p\000e\000n\000d\000e\000n\000t\000l\000y\000\040\000D\000e\000r\000i\000v\000e\000d}{chapter.7}% 58
\BOOKMARK [0][-]{chapter.8}{\376\377\000D\000i\000s\000t\000i\000n\000g\000u\000i\000s\000h\000a\000b\000i\000l\000i\000t\000y\000\040\000G\000e\000o\000m\000e\000t\000r\000y\000\040\000o\000n\000\040\000t\000h\000e\000\040\000S\000p\000h\000e\000r\000e}{part.4}% 59
\BOOKMARK [1][-]{section.8.1}{\376\377\000W\000h\000a\000t\000\040\000W\000a\000s\000\040\000P\000r\000o\000m\000i\000s\000e\000d}{chapter.8}% 60
\BOOKMARK [1][-]{section.8.2}{\376\377\000T\000h\000e\000\040\000P\000r\000o\000j\000e\000c\000t\000i\000o\000n\000\040\000S\000e\000t\000t\000i\000n\000g\000,\000\040\000R\000e\000c\000a\000l\000l\000e\000d}{chapter.8}% 61
\BOOKMARK [1][-]{section.8.3}{\376\377\000T\000h\000e\000\040\000G\000r\000a\000d\000i\000e\000n\000t\000,\000\040\000M\000a\000d\000e\000\040\000R\000i\000g\000o\000r\000o\000u\000s}{chapter.8}% 62
\BOOKMARK [1][-]{section.8.4}{\376\377\000C\000u\000r\000v\000a\000t\000u\000r\000e\000\040\000a\000s\000\040\000t\000h\000e\000\040\000Q\000u\000a\000l\000i\000t\000a\000t\000i\000v\000e\000\040\000L\000a\000p\000l\000a\000c\000i\000a\000n}{chapter.8}% 63
\BOOKMARK [1][-]{section.8.5}{\376\377\000T\000h\000e\000\040\000I\000s\000o\000m\000e\000t\000r\000y\000:\000\040\000W\000h\000e\000n\000\040\000t\000h\000e\000\040\000S\000p\000h\000e\000r\000e\000\040\000I\000s\000\040\000N\000o\000t\000\040\000a\000\040\000M\000e\000t\000a\000p\000h\000o\000r}{chapter.8}% 64
\BOOKMARK [1][-]{section.8.6}{\376\377\000H\000a\000r\000m\000o\000n\000i\000c\000\040\000T\000r\000u\000n\000c\000a\000t\000i\000o\000n\000\040\000a\000s\000\040\000R\000e\000c\000o\000n\000s\000t\000r\000u\000c\000t\000i\000o\000n\000\040\000D\000e\000f\000e\000c\000t}{chapter.8}% 65
\BOOKMARK [1][-]{section.8.7}{\376\377\000C\000o\000l\000l\000a\000p\000s\000e\000\040\000O\000p\000e\000r\000a\000t\000o\000r\000s\000\040\000a\000s\000\040\000P\000r\000o\000j\000e\000c\000t\000i\000o\000n\000s\000,\000\040\000R\000e\000v\000i\000s\000i\000t\000e\000d}{chapter.8}% 66
\BOOKMARK [1][-]{section.8.8}{\376\377\000S\000u\000m\000m\000a\000r\000y\000:\000\040\000P\000a\000r\000t\000\040\000I\000V\000\040\000C\000l\000o\000s\000e\000d}{chapter.8}% 67
\BOOKMARK [0][-]{chapter.9}{\376\377\000O\000r\000t\000h\000o\000d\000r\000o\000m\000i\000c\000\040\000I\000n\000f\000r\000a\000s\000t\000r\000u\000c\000t\000u\000r\000e\000:\000\040\000T\000h\000e\000\040\000E\000n\000g\000i\000n\000e\000e\000r\000i\000n\000g\000\040\000D\000e\000m\000o\000n\000s\000t\000r\000a\000t\000i\000o\000n}{part.4}% 68
\BOOKMARK [1][-]{section.9.1}{\376\377\000F\000r\000o\000m\000\040\000A\000b\000s\000t\000r\000a\000c\000t\000i\000o\000n\000\040\000t\000o\000\040\000T\000e\000r\000r\000a\000i\000n}{chapter.9}% 69
\BOOKMARK [1][-]{section.9.2}{\376\377\000T\000h\000e\000\040\000F\000i\000x\000e\000d\000-\000R\000a\000d\000i\000u\000s\000\040\000S\000h\000e\000l\000l}{chapter.9}% 70
\BOOKMARK [1][-]{section.9.3}{\376\377\000W\000h\000i\000c\000h\000\040\000B\000o\000u\000n\000d\000a\000r\000y\000\040\000I\000s\000\040\000a\000\040\000C\000o\000r\000r\000i\000d\000o\000r\000?}{chapter.9}% 71
\BOOKMARK [1][-]{section.9.4}{\376\377\000G\000r\000e\000a\000t\000\040\000C\000i\000r\000c\000l\000e\000s\000\040\000a\000s\000\040\000P\000u\000r\000e\000\040\000A\000n\000g\000u\000l\000a\000r\000\040\000G\000e\000o\000d\000e\000s\000i\000c\000s}{chapter.9}% 72
\BOOKMARK [1][-]{section.9.5}{\376\377\000V\000o\000r\000o\000n\000o\000i\000,\000\040\000D\000e\000l\000a\000u\000n\000a\000y\000,\000\040\000a\000n\000d\000\040\000t\000h\000e\000\040\000A\000n\000g\000u\000l\000a\000r\000\040\000D\000i\000s\000t\000i\000n\000g\000u\000i\000s\000h\000a\000b\000i\000l\000i\000t\000y\000\040\000H\000i\000e\000r\000a\000r\000c\000h\000y}{chapter.9}% 73
\BOOKMARK [1][-]{section.9.6}{\376\377\000T\000h\000e\000\040\000R\000e\000t\000u\000r\000n\000\040\000o\000f\000\040\000t\000h\000e\000\040\000R\000a\000d\000i\000a\000l\000\040\000D\000i\000r\000e\000c\000t\000i\000o\000n\000,\000\040\000R\000e\000i\000n\000t\000e\000r\000p\000r\000e\000t\000e\000d}{chapter.9}% 74
\BOOKMARK [1][-]{section.9.7}{\376\377\000D\000i\000f\000f\000u\000s\000i\000o\000n\000,\000\040\000P\000o\000t\000e\000n\000t\000i\000a\000l\000,\000\040\000a\000n\000d\000\040\000t\000h\000e\000\040\000O\000p\000e\000r\000a\000t\000o\000r\000\040\000M\000a\000d\000e\000\040\000C\000o\000n\000c\000r\000e\000t\000e}{chapter.9}% 75
\BOOKMARK [1][-]{section.9.8}{\376\377\000S\000u\000m\000m\000a\000r\000y\000:\000\040\000T\000h\000e\000\040\000E\000m\000p\000i\000r\000i\000c\000a\000l\000\040\000C\000a\000s\000e}{chapter.9}% 76
\BOOKMARK [0][-]{chapter.10}{\376\377\000S\000y\000n\000c\000h\000r\000o\000n\000i\000z\000a\000t\000i\000o\000n\000\040\000a\000s\000\040\000a\000\040\000G\000e\000o\000m\000e\000t\000r\000i\000c\000\040\000P\000r\000o\000c\000e\000s\000s}{part.4}% 77
\BOOKMARK [1][-]{section.10.1}{\376\377\000F\000r\000o\000m\000\040\000I\000r\000r\000e\000d\000u\000c\000i\000b\000l\000e\000\040\000D\000e\000f\000e\000c\000t\000\040\000t\000o\000\040\000S\000u\000p\000p\000r\000e\000s\000s\000e\000d\000\040\000V\000a\000r\000i\000a\000t\000i\000o\000n}{chapter.10}% 78
\BOOKMARK [1][-]{section.10.2}{\376\377\000T\000h\000e\000\040\000G\000e\000n\000e\000r\000a\000l\000\040\000S\000i\000g\000n\000a\000t\000u\000r\000e}{chapter.10}% 79
\BOOKMARK [1][-]{section.10.3}{\376\377\000R\000S\000V\000P\000:\000\040\000C\000o\000h\000e\000r\000e\000n\000c\000e\000\040\000i\000n\000\040\000t\000h\000e\000\040\000E\000n\000t\000r\000o\000p\000y\000\040\000F\000i\000e\000l\000d}{chapter.10}% 80
\BOOKMARK [1][-]{section.10.4}{\376\377\000T\000h\000e\000\040\000I\000s\000i\000n\000g\000\040\000M\000o\000d\000e\000l\000:\000\040\000S\000y\000n\000c\000h\000r\000o\000n\000i\000z\000a\000t\000i\000o\000n\000\040\000W\000i\000t\000h\000o\000u\000t\000\040\000a\000\040\000C\000o\000n\000t\000i\000n\000u\000u\000m}{chapter.10}% 81
\BOOKMARK [1][-]{section.10.5}{\376\377\000B\000i\000o\000l\000o\000g\000i\000c\000a\000l\000\040\000C\000o\000o\000r\000d\000i\000n\000a\000t\000i\000o\000n}{chapter.10}% 82
\BOOKMARK [1][-]{section.10.6}{\376\377\000D\000i\000s\000t\000r\000i\000b\000u\000t\000e\000d\000\040\000C\000o\000m\000p\000u\000t\000a\000t\000i\000o\000n}{chapter.10}% 83
\BOOKMARK [1][-]{section.10.7}{\376\377\000S\000u\000m\000m\000a\000r\000y\000:\000\040\000O\000n\000e\000\040\000O\000p\000e\000r\000a\000t\000o\000r\000,\000\040\000F\000o\000u\000r\000\040\000P\000h\000y\000s\000i\000c\000a\000l\000\040\000S\000u\000b\000s\000t\000r\000a\000t\000e\000s}{chapter.10}% 84
\BOOKMARK [-1][-]{part.5}{\376\377\000V\000\040\000G\000e\000n\000e\000r\000a\000l\000i\000z\000a\000t\000i\000o\000n\000\040\000a\000n\000d\000\040\000P\000h\000i\000l\000o\000s\000o\000p\000h\000y}{}% 85
\BOOKMARK [0][-]{chapter.11}{\376\377\000O\000r\000i\000g\000i\000n\000s\000\040\000a\000s\000\040\000C\000o\000m\000p\000u\000t\000a\000t\000i\000o\000n\000a\000l\000\040\000I\000n\000d\000i\000c\000e\000s}{part.5}% 86
\BOOKMARK [1][-]{section.11.1}{\376\377\000A\000\040\000Q\000u\000e\000s\000t\000i\000o\000n\000\040\000D\000e\000f\000e\000r\000r\000e\000d\000\040\000F\000r\000o\000m\000\040\000t\000h\000e\000\040\000S\000t\000a\000r\000t}{chapter.11}% 87
\BOOKMARK [1][-]{section.11.2}{\376\377\000T\000h\000e\000\040\000O\000r\000i\000g\000i\000n\000\040\000I\000s\000\040\000N\000o\000t\000\040\000S\000e\000l\000e\000c\000t\000e\000d\000\040\000b\000y\000\040\000t\000h\000e\000\040\000M\000a\000t\000h\000e\000m\000a\000t\000i\000c\000s}{chapter.11}% 88
\BOOKMARK [1][-]{section.11.3}{\376\377\000E\000v\000e\000r\000y\000\040\000B\000o\000u\000n\000d\000a\000r\000y\000\040\000T\000y\000p\000e\000\040\000P\000r\000e\000s\000u\000p\000p\000o\000s\000e\000s\000\040\000O\000n\000e}{chapter.11}% 89
\BOOKMARK [1][-]{section.11.4}{\376\377\000T\000a\000s\000k\000-\000R\000e\000l\000a\000t\000i\000v\000e\000,\000\040\000N\000o\000t\000\040\000A\000r\000b\000i\000t\000r\000a\000r\000y}{chapter.11}% 90
\BOOKMARK [1][-]{section.11.5}{\376\377\000S\000u\000m\000m\000a\000r\000y}{chapter.11}% 91
\BOOKMARK [0][-]{chapter.12}{\376\377\000C\000o\000m\000p\000u\000t\000a\000t\000i\000o\000n\000a\000l\000\040\000A\000t\000l\000a\000s\000e\000s}{part.5}% 92
\BOOKMARK [1][-]{section.12.1}{\376\377\000W\000h\000e\000n\000\040\000O\000n\000e\000\040\000C\000h\000a\000r\000t\000\040\000I\000s\000\040\000N\000o\000t\000\040\000E\000n\000o\000u\000g\000h}{chapter.12}% 93
\BOOKMARK [1][-]{section.12.2}{\376\377\000N\000o\000\040\000C\000h\000a\000r\000t\000\040\000S\000e\000r\000v\000e\000s\000\040\000T\000w\000o\000\040\000M\000a\000s\000t\000e\000r\000s}{chapter.12}% 94
\BOOKMARK [1][-]{section.12.3}{\376\377\000A\000t\000l\000a\000s\000e\000s}{chapter.12}% 95
\BOOKMARK [1][-]{section.12.4}{\376\377\000A\000n\000\040\000I\000n\000s\000t\000a\000n\000c\000e\000\040\000A\000l\000r\000e\000a\000d\000y\000\040\000S\000e\000e\000n}{chapter.12}% 96
\BOOKMARK [1][-]{section.12.5}{\376\377\000T\000r\000a\000n\000s\000i\000t\000i\000o\000n\000s\000\040\000A\000r\000e\000\040\000W\000h\000e\000r\000e\000\040\000A\000d\000m\000i\000s\000s\000i\000b\000i\000l\000i\000t\000y\000\040\000L\000i\000v\000e\000s}{chapter.12}% 97
\BOOKMARK [1][-]{section.12.6}{\376\377\000S\000u\000m\000m\000a\000r\000y}{chapter.12}% 98
\BOOKMARK [0][-]{chapter.13}{\376\377\000C\000o\000n\000c\000l\000u\000s\000i\000o\000n\000:\000\040\000G\000e\000o\000m\000e\000t\000r\000y\000\040\000a\000s\000\040\000C\000o\000m\000p\000u\000t\000a\000t\000i\000o\000n\000a\000l\000\040\000I\000n\000f\000r\000a\000s\000t\000r\000u\000c\000t\000u\000r\000e}{part.5}% 99
\BOOKMARK [1][-]{section.13.1}{\376\377\000T\000h\000e\000\040\000Q\000u\000e\000s\000t\000i\000o\000n\000\040\000T\000h\000i\000s\000\040\000B\000o\000o\000k\000\040\000O\000p\000e\000n\000e\000d\000\040\000W\000i\000t\000h}{chapter.13}% 100
\BOOKMARK [1][-]{section.13.2}{\376\377\000W\000h\000a\000t\000\040\000t\000h\000e\000\040\000J\000u\000l\000y\000\040\000T\000r\000i\000l\000o\000g\000y\000\040\000T\000u\000r\000n\000e\000d\000\040\000O\000u\000t\000\040\000t\000o\000\040\000B\000e}{chapter.13}% 101
\BOOKMARK [1][-]{section.13.3}{\376\377\000W\000h\000a\000t\000\040\000W\000a\000s\000\040\000N\000o\000t\000\040\000C\000l\000a\000i\000m\000e\000d}{chapter.13}% 102
\BOOKMARK [1][-]{section.13.4}{\376\377\000T\000h\000e\000\040\000W\000o\000r\000k\000i\000n\000g\000\040\000M\000e\000t\000h\000o\000d\000,\000\040\000R\000e\000s\000t\000a\000t\000e\000d\000\040\000O\000n\000e\000\040\000L\000a\000s\000t\000\040\000T\000i\000m\000e}{chapter.13}% 103
\BOOKMARK [0][-]{appendix.A}{\376\377\000R\000S\000V\000P\000\040\000i\000n\000\040\000B\000r\000i\000e\000f}{part.5}% 104
\BOOKMARK [1][-]{section.A.1}{\376\377\000P\000u\000r\000p\000o\000s\000e\000\040\000o\000f\000\040\000T\000h\000i\000s\000\040\000A\000p\000p\000e\000n\000d\000i\000x}{appendix.A}% 105
\BOOKMARK [1][-]{section.A.2}{\376\377\000T\000h\000e\000\040\000F\000o\000u\000r\000\040\000F\000i\000e\000l\000d\000s}{appendix.A}% 106
\BOOKMARK [1][-]{section.A.3}{\376\377\000T\000h\000e\000\040\000F\000r\000e\000e\000-\000E\000n\000e\000r\000g\000y\000\040\000F\000u\000n\000c\000t\000i\000o\000n\000a\000l}{appendix.A}% 107
\BOOKMARK [1][-]{section.A.4}{\376\377\000V\000a\000r\000i\000a\000t\000i\000o\000n\000a\000l\000\040\000D\000e\000r\000i\000v\000a\000t\000i\000v\000e\000s\000\040\000a\000n\000d\000\040\000t\000h\000e\000\040\000G\000r\000a\000d\000i\000e\000n\000t\000-\000F\000l\000o\000w\000\040\000S\000y\000s\000t\000e\000m}{appendix.A}% 108
\BOOKMARK [1][-]{section.A.5}{\376\377\000L\000a\000m\000p\000h\000r\000o\000n\000\040\000a\000n\000d\000\040\000L\000a\000m\000p\000h\000r\000o\000d\000y\000n\000e}{appendix.A}% 109
\BOOKMARK [1][-]{section.A.6}{\376\377\000S\000t\000a\000t\000u\000s\000\040\000o\000f\000\040\000T\000h\000e\000s\000e\000\040\000R\000e\000s\000u\000l\000t\000s}{appendix.A}% 110
\BOOKMARK [0][-]{appendix.B}{\376\377\000S\000p\000h\000e\000r\000e\000p\000o\000p\000\040\000i\000n\000\040\000B\000r\000i\000e\000f}{part.5}% 111
\BOOKMARK [1][-]{section.B.1}{\376\377\000P\000u\000r\000p\000o\000s\000e\000\040\000o\000f\000\040\000T\000h\000i\000s\000\040\000A\000p\000p\000e\000n\000d\000i\000x}{appendix.B}% 112
\BOOKMARK [1][-]{section.B.2}{\376\377\000B\000u\000b\000b\000l\000e\000s\000\040\000a\000s\000\040\000R\000e\000g\000i\000o\000n\000s}{appendix.B}% 113
\BOOKMARK [1][-]{section.B.3}{\376\377\000T\000h\000e\000\040\000F\000o\000u\000r\000\040\000O\000p\000e\000r\000a\000t\000o\000r\000s}{appendix.B}% 114
\BOOKMARK [1][-]{section.B.4}{\376\377\000T\000h\000e\000\040\000C\000o\000n\000s\000e\000r\000v\000a\000t\000i\000o\000n\000\040\000L\000a\000w}{appendix.B}% 115
\BOOKMARK [1][-]{section.B.5}{\376\377\000S\000t\000a\000t\000u\000s\000\040\000o\000f\000\040\000T\000h\000e\000s\000e\000\040\000R\000e\000s\000u\000l\000t\000s}{appendix.B}% 116
\BOOKMARK [0][-]{appendix.C}{\376\377\000Q\000u\000a\000n\000t\000i\000f\000y\000i\000n\000g\000\040\000A\000d\000a\000p\000t\000e\000d\000\040\000C\000o\000o\000r\000d\000i\000n\000a\000t\000e\000\040\000S\000y\000s\000t\000e\000m\000s}{part.5}% 117
\BOOKMARK [1][-]{section.C.1}{\376\377\000W\000h\000a\000t\000\040\000t\000h\000e\000\040\000Q\000u\000a\000l\000i\000t\000a\000t\000i\000v\000e\000\040\000C\000o\000u\000n\000t\000\040\000L\000e\000f\000t\000\040\000O\000p\000e\000n}{appendix.C}% 118
\BOOKMARK [1][-]{section.C.2}{\376\377\000T\000h\000e\000\040\000G\000e\000n\000e\000r\000a\000l\000\040\000C\000o\000s\000t\000\040\000F\000u\000n\000c\000t\000i\000o\000n\000a\000l}{appendix.C}% 119
\BOOKMARK [1][-]{section.C.3}{\376\377\000F\000o\000u\000r\000\040\000R\000e\000a\000l\000i\000z\000a\000t\000i\000o\000n\000s}{appendix.C}% 120
\BOOKMARK [1][-]{section.C.4}{\376\377\000T\000w\000o\000\040\000o\000f\000\040\000T\000h\000e\000s\000e\000\040\000A\000r\000e\000\040\000N\000o\000t\000\040\000I\000n\000d\000e\000p\000e\000n\000d\000e\000n\000t}{appendix.C}% 121
\BOOKMARK [1][-]{section.C.5}{\376\377\000A\000g\000r\000e\000e\000m\000e\000n\000t\000\040\000W\000i\000t\000h\000o\000u\000t\000\040\000U\000n\000i\000q\000u\000e\000n\000e\000s\000s}{appendix.C}% 122
\BOOKMARK [1][-]{section.C.6}{\376\377\000T\000h\000e\000\040\000I\000m\000p\000o\000s\000s\000i\000b\000i\000l\000i\000t\000y\000\040\000R\000e\000s\000u\000l\000t\000,\000\040\000R\000e\000c\000o\000n\000f\000i\000r\000m\000e\000d}{appendix.C}% 123
\BOOKMARK [1][-]{section.C.7}{\376\377\000A\000\040\000N\000o\000t\000e\000\040\000o\000n\000\040\000S\000c\000o\000p\000e}{appendix.C}% 124
\BOOKMARK [0][-]{appendix.D}{\376\377\000C\000e\000l\000l\000u\000l\000a\000r\000i\000t\000y\000\040\000a\000n\000d\000\040\000t\000h\000e\000\040\000C\000a\000t\000e\000g\000o\000r\000y\000\040\000o\000f\000\040\000R\000e\000c\000o\000n\000s\000t\000r\000u\000c\000t\000i\000o\000n}{part.5}% 125
\BOOKMARK [1][-]{section.D.1}{\376\377\000P\000u\000r\000p\000o\000s\000e\000\040\000o\000f\000\040\000T\000h\000i\000s\000\040\000A\000p\000p\000e\000n\000d\000i\000x}{appendix.D}% 126
\BOOKMARK [1][-]{section.D.2}{\376\377\000C\000e\000l\000l\000u\000l\000a\000r\000\040\000S\000e\000t\000s\000\040\000a\000n\000d\000\040\000Q\000u\000o\000t\000i\000e\000n\000t\000\040\000R\000e\000c\000o\000v\000e\000r\000y}{appendix.D}% 127
\BOOKMARK [1][-]{section.D.3}{\376\377\000T\000w\000o\000\040\000D\000i\000f\000f\000e\000r\000e\000n\000t\000\040\000Z\000e\000r\000o\000-\000D\000e\000f\000e\000c\000t\000\040\000C\000o\000n\000d\000i\000t\000i\000o\000n\000s}{appendix.D}% 128
\BOOKMARK [1][-]{section.D.4}{\376\377\000C\000o\000n\000n\000e\000c\000t\000i\000o\000n\000\040\000t\000o\000\040\000S\000p\000h\000e\000r\000e\000p\000o\000p\000'\000s\000\040\000C\000o\000l\000l\000a\000p\000s\000e\000\040\000O\000p\000e\000r\000a\000t\000o\000r\000s}{appendix.D}% 129
\BOOKMARK [1][-]{section.D.5}{\376\377\000S\000t\000a\000t\000u\000s\000\040\000o\000f\000\040\000T\000h\000e\000s\000e\000\040\000R\000e\000s\000u\000l\000t\000s}{appendix.D}% 130
