\BOOKMARK [0][-]{chapter*.1}{\376\377\000A\000b\000s\000t\000r\000a\000c\000t}{}% 1
\BOOKMARK [0][-]{chapter*.2}{\376\377\000P\000r\000e\000f\000a\000c\000e}{}% 2
\BOOKMARK [-1][-]{part.1}{\376\377\000I\000\040\000T\000h\000e\000\040\000P\000r\000o\000b\000l\000e\000m}{}% 3
\BOOKMARK [0][-]{chapter.1}{\376\377\000O\000c\000c\000u\000p\000a\000t\000i\000o\000n\000,\000\040\000N\000o\000t\000\040\000L\000o\000u\000d\000n\000e\000s\000s}{part.1}% 4
\BOOKMARK [1][-]{section.1.1}{\376\377\000A\000\040\000f\000a\000m\000i\000l\000i\000a\000r\000\040\000c\000o\000m\000p\000l\000a\000i\000n\000t\000,\000\040\000s\000t\000a\000t\000e\000d\000\040\000p\000r\000e\000c\000i\000s\000e\000l\000y}{chapter.1}% 5
\BOOKMARK [1][-]{section.1.2}{\376\377\000P\000e\000a\000k\000\040\000i\000n\000t\000e\000n\000s\000i\000t\000y\000\040\000a\000n\000d\000\040\000o\000c\000c\000u\000p\000a\000t\000i\000o\000n}{chapter.1}% 6
\BOOKMARK [1][-]{section.1.3}{\376\377\000W\000h\000y\000\040\000a\000\040\000s\000i\000n\000g\000l\000e\000\040\000c\000a\000s\000e}{chapter.1}% 7
\BOOKMARK [1][-]{section.1.4}{\376\377\000G\000r\000a\000d\000i\000n\000g\000\040\000c\000l\000a\000i\000m\000s}{chapter.1}% 8
\BOOKMARK [1][-]{section.1.5}{\376\377\000P\000l\000a\000n\000\040\000o\000f\000\040\000t\000h\000e\000\040\000b\000o\000o\000k}{chapter.1}% 9
\BOOKMARK [0][-]{chapter.2}{\376\377\000B\000a\000c\000k\000g\000r\000o\000u\000n\000d\000:\000\040\000S\000t\000a\000n\000d\000a\000r\000d\000s\000,\000\040\000P\000r\000a\000c\000t\000i\000c\000e\000,\000\040\000a\000n\000d\000\040\000P\000e\000r\000c\000e\000p\000t\000i\000o\000n}{part.1}% 10
\BOOKMARK [1][-]{section.2.1}{\376\377\000M\000e\000a\000s\000u\000r\000i\000n\000g\000\040\000l\000o\000u\000d\000n\000e\000s\000s}{chapter.2}% 11
\BOOKMARK [1][-]{section.2.2}{\376\377\000D\000i\000a\000l\000o\000g\000u\000e\000\040\000a\000s\000\040\000r\000e\000f\000e\000r\000e\000n\000c\000e}{chapter.2}% 12
\BOOKMARK [1][-]{section.2.3}{\376\377\000C\000i\000n\000e\000m\000a\000\040\000c\000a\000l\000i\000b\000r\000a\000t\000i\000o\000n\000\040\000a\000n\000d\000\040\000t\000h\000e\000\040\000h\000o\000m\000e}{chapter.2}% 13
\BOOKMARK [1][-]{section.2.4}{\376\377\000F\000i\000l\000m\000\040\000s\000o\000u\000n\000d\000\040\000p\000r\000a\000c\000t\000i\000c\000e\000\040\000a\000n\000d\000\040\000t\000h\000e\000o\000r\000y}{chapter.2}% 14
\BOOKMARK [1][-]{section.2.5}{\376\377\000P\000s\000y\000c\000h\000o\000a\000c\000o\000u\000s\000t\000i\000c\000s}{chapter.2}% 15
\BOOKMARK [1][-]{section.2.6}{\376\377\000N\000o\000i\000s\000e\000,\000\040\000a\000n\000n\000o\000y\000a\000n\000c\000e\000,\000\040\000a\000n\000d\000\040\000c\000o\000n\000t\000r\000o\000l}{chapter.2}% 16
\BOOKMARK [1][-]{section.2.7}{\376\377\000S\000o\000u\000n\000d\000,\000\040\000a\000f\000f\000e\000c\000t\000,\000\040\000a\000n\000d\000\040\000t\000h\000e\000\040\000s\000o\000u\000n\000d\000s\000c\000a\000p\000e}{chapter.2}% 17
\BOOKMARK [1][-]{section.2.8}{\376\377\000T\000h\000e\000\040\000g\000a\000p}{chapter.2}% 18
\BOOKMARK [0][-]{chapter.3}{\376\377\000A\000\040\000F\000r\000a\000m\000e\000w\000o\000r\000k\000\040\000f\000o\000r\000\040\000O\000c\000c\000u\000p\000a\000t\000i\000o\000n}{part.1}% 19
\BOOKMARK [1][-]{section.3.1}{\376\377\000T\000i\000m\000e\000\040\000b\000a\000s\000e\000\040\000a\000n\000d\000\040\000l\000e\000v\000e\000l}{chapter.3}% 20
\BOOKMARK [1][-]{section.3.2}{\376\377\000T\000h\000e\000\040\000d\000i\000a\000l\000o\000g\000u\000e\000\040\000r\000e\000f\000e\000r\000e\000n\000c\000e}{chapter.3}% 21
\BOOKMARK [1][-]{section.3.3}{\376\377\000E\000x\000c\000e\000e\000d\000a\000n\000c\000e\000\040\000a\000n\000d\000\040\000o\000c\000c\000u\000p\000a\000t\000i\000o\000n}{chapter.3}% 22
\BOOKMARK [1][-]{section.3.4}{\376\377\000R\000e\000c\000o\000v\000e\000r\000y}{chapter.3}% 23
\BOOKMARK [1][-]{section.3.5}{\376\377\000S\000a\000l\000i\000e\000n\000c\000e\000\040\000c\000h\000a\000n\000n\000e\000l\000s}{chapter.3}% 24
\BOOKMARK [1][-]{section.3.6}{\376\377\000A\000\040\000l\000i\000s\000t\000e\000n\000e\000r\000\040\000m\000o\000d\000e\000l}{chapter.3}% 25
\BOOKMARK [1][-]{section.3.7}{\376\377\000H\000y\000p\000o\000t\000h\000e\000s\000e\000s}{chapter.3}% 26
\BOOKMARK [-1][-]{part.2}{\376\377\000I\000I\000\040\000I\000n\000s\000t\000r\000u\000m\000e\000n\000t\000s}{}% 27
\BOOKMARK [0][-]{chapter.4}{\376\377\000T\000h\000e\000\040\000A\000n\000a\000l\000y\000s\000i\000s\000\040\000P\000i\000p\000e\000l\000i\000n\000e}{part.2}% 28
\BOOKMARK [1][-]{section.4.1}{\376\377\000D\000e\000s\000i\000g\000n\000\040\000c\000o\000n\000s\000t\000r\000a\000i\000n\000t\000s}{chapter.4}% 29
\BOOKMARK [1][-]{section.4.2}{\376\377\000A\000n\000a\000l\000y\000s\000i\000s\000\040\000s\000t\000e\000m\000s}{chapter.4}% 30
\BOOKMARK [1][-]{section.4.3}{\376\377\000F\000r\000a\000m\000e\000\040\000f\000e\000a\000t\000u\000r\000e\000s}{chapter.4}% 31
\BOOKMARK [1][-]{section.4.4}{\376\377\000A\000u\000d\000i\000b\000i\000l\000i\000t\000y\000\040\000w\000e\000i\000g\000h\000t\000i\000n\000g}{chapter.4}% 32
\BOOKMARK [1][-]{section.4.5}{\376\377\000D\000e\000t\000e\000c\000t\000o\000r\000s}{chapter.4}% 33
\BOOKMARK [1][-]{section.4.6}{\376\377\000A\000u\000d\000i\000t\000i\000o\000n\000\040\000c\000l\000i\000p\000s}{chapter.4}% 34
\BOOKMARK [1][-]{section.4.7}{\376\377\000L\000o\000u\000d\000n\000e\000s\000s}{chapter.4}% 35
\BOOKMARK [1][-]{section.4.8}{\376\377\000S\000u\000b\000t\000i\000t\000l\000e\000s}{chapter.4}% 36
\BOOKMARK [1][-]{section.4.9}{\376\377\000P\000a\000r\000a\000m\000e\000t\000e\000r\000s}{chapter.4}% 37
\BOOKMARK [0][-]{chapter.5}{\376\377\000H\000o\000w\000\040\000t\000h\000e\000\040\000D\000e\000t\000e\000c\000t\000o\000r\000s\000\040\000F\000a\000i\000l\000e\000d}{part.2}% 38
\BOOKMARK [1][-]{section.5.1}{\376\377\000T\000h\000e\000\040\000s\000w\000e\000l\000l\000\040\000d\000e\000t\000e\000c\000t\000o\000r\000\040\000t\000h\000a\000t\000\040\000d\000e\000t\000e\000c\000t\000e\000d\000\040\000t\000r\000a\000n\000s\000i\000e\000n\000t\000s}{chapter.5}% 39
\BOOKMARK [1][-]{section.5.2}{\376\377\000H\000a\000r\000s\000h\000n\000e\000s\000s\000\040\000i\000n\000\040\000s\000i\000l\000e\000n\000c\000e}{chapter.5}% 40
\BOOKMARK [1][-]{section.5.3}{\376\377\000S\000t\000a\000t\000i\000s\000t\000i\000c\000s\000\040\000f\000i\000x\000e\000d\000\040\000b\000y\000\040\000t\000h\000e\000i\000r\000\040\000t\000h\000r\000e\000s\000h\000o\000l\000d\000s}{chapter.5}% 41
\BOOKMARK [1][-]{section.5.4}{\376\377\000I\000n\000t\000e\000r\000p\000r\000e\000t\000i\000v\000e\000\040\000o\000v\000e\000r\000r\000e\000a\000c\000h}{chapter.5}% 42
\BOOKMARK [1][-]{section.5.5}{\376\377\000R\000u\000l\000e\000s\000\040\000a\000d\000o\000p\000t\000e\000d}{chapter.5}% 43
\BOOKMARK [0][-]{chapter.6}{\376\377\000T\000h\000e\000\040\000R\000e\000p\000r\000o\000d\000u\000c\000t\000i\000o\000n\000\040\000C\000h\000a\000i\000n}{part.2}% 44
\BOOKMARK [1][-]{section.6.1}{\376\377\000T\000h\000e\000\040\000c\000h\000a\000i\000n\000\040\000i\000n\000\040\000t\000h\000e\000\040\000c\000a\000s\000e}{chapter.6}% 45
\BOOKMARK [1][-]{section.6.2}{\376\377\000F\000o\000u\000r\000\040\000t\000r\000a\000n\000s\000f\000o\000r\000m\000a\000t\000i\000o\000n\000s}{chapter.6}% 46
\BOOKMARK [2][-]{subsection.6.2.1}{\376\377\000C\000h\000a\000n\000n\000e\000l\000\040\000r\000e\000d\000u\000c\000t\000i\000o\000n}{section.6.2}% 47
\BOOKMARK [2][-]{subsection.6.2.2}{\376\377\000B\000a\000n\000d\000\040\000l\000i\000m\000i\000t\000a\000t\000i\000o\000n}{section.6.2}% 48
\BOOKMARK [2][-]{subsection.6.2.3}{\376\377\000L\000e\000v\000e\000l\000-\000d\000e\000p\000e\000n\000d\000e\000n\000t\000\040\000d\000i\000s\000t\000o\000r\000t\000i\000o\000n}{section.6.2}% 49
\BOOKMARK [2][-]{subsection.6.2.4}{\376\377\000C\000o\000u\000p\000l\000i\000n\000g\000\040\000o\000f\000\040\000v\000o\000l\000u\000m\000e\000\040\000a\000n\000d\000\040\000d\000i\000s\000t\000o\000r\000t\000i\000o\000n}{section.6.2}% 50
\BOOKMARK [1][-]{section.6.3}{\376\377\000H\000o\000w\000\040\000t\000h\000e\000\040\000c\000h\000a\000i\000n\000\040\000e\000n\000l\000a\000r\000g\000e\000s\000\040\000e\000x\000c\000e\000e\000d\000a\000n\000c\000e}{chapter.6}% 51
\BOOKMARK [1][-]{section.6.4}{\376\377\000M\000e\000a\000s\000u\000r\000i\000n\000g\000\040\000t\000h\000e\000\040\000c\000h\000a\000i\000n}{chapter.6}% 52
\BOOKMARK [1][-]{section.6.5}{\376\377\000S\000i\000m\000u\000l\000a\000t\000i\000n\000g\000\040\000t\000h\000e\000\040\000c\000h\000a\000i\000n}{chapter.6}% 53
\BOOKMARK [-1][-]{part.3}{\376\377\000I\000I\000I\000\040\000T\000h\000e\000\040\000C\000a\000s\000e}{}% 54
\BOOKMARK [0][-]{chapter.7}{\376\377\000C\000a\000s\000e\000\040\000S\000t\000u\000d\000y\000:\000\040\000D\000r\000i\000v\000e\000\040\000T\000h\000r\000o\000u\000g\000h\000\040\000F\000i\000r\000e}{part.3}% 55
\BOOKMARK [1][-]{section.7.1}{\376\377\000T\000h\000e\000\040\000f\000i\000l\000m}{chapter.7}% 56
\BOOKMARK [1][-]{section.7.2}{\376\377\000T\000h\000e\000\040\000l\000i\000s\000t\000e\000n\000i\000n\000g\000\040\000r\000e\000p\000o\000r\000t}{chapter.7}% 57
\BOOKMARK [1][-]{section.7.3}{\376\377\000D\000e\000s\000c\000r\000i\000p\000t\000i\000v\000e\000\040\000o\000u\000t\000p\000u\000t\000\040\000o\000f\000\040\000t\000h\000e\000\040\000p\000i\000p\000e\000l\000i\000n\000e}{chapter.7}% 58
\BOOKMARK [1][-]{section.7.4}{\376\377\000T\000h\000e\000\040\000s\000h\000a\000p\000e\000\040\000o\000f\000\040\000t\000h\000e\000\040\000f\000i\000l\000m}{chapter.7}% 59
\BOOKMARK [1][-]{section.7.5}{\376\377\000D\000i\000a\000l\000o\000g\000u\000e\000-\000r\000e\000f\000e\000r\000e\000n\000c\000e\000d\000\040\000m\000e\000a\000s\000u\000r\000e\000s}{chapter.7}% 60
\BOOKMARK [2][-]{subsection.7.5.1}{\376\377\000L\000o\000u\000d\000n\000e\000s\000s\000\040\000b\000y\000\040\000t\000h\000e\000\040\000s\000t\000a\000n\000d\000a\000r\000d\000\040\000m\000e\000a\000s\000u\000r\000e\000s}{section.7.5}% 61
\BOOKMARK [2][-]{subsection.7.5.2}{\376\377\000S\000u\000b\000t\000i\000t\000l\000e\000s\000\040\000a\000n\000d\000\040\000t\000h\000e\000\040\000d\000i\000a\000l\000o\000g\000u\000e\000\040\000p\000r\000o\000x\000y}{section.7.5}% 62
\BOOKMARK [2][-]{subsection.7.5.3}{\376\377\000T\000h\000e\000\040\000d\000i\000a\000l\000o\000g\000u\000e\000\040\000r\000e\000f\000e\000r\000e\000n\000c\000e}{section.7.5}% 63
\BOOKMARK [2][-]{subsection.7.5.4}{\376\377\000E\000x\000c\000e\000e\000d\000a\000n\000c\000e}{section.7.5}% 64
\BOOKMARK [2][-]{subsection.7.5.5}{\376\377\000O\000c\000c\000u\000p\000a\000t\000i\000o\000n\000\040\000b\000l\000o\000c\000k\000s}{section.7.5}% 65
\BOOKMARK [2][-]{subsection.7.5.6}{\376\377\000T\000w\000o\000\040\000r\000e\000g\000i\000m\000e\000s}{section.7.5}% 66
\BOOKMARK [2][-]{subsection.7.5.7}{\376\377\000D\000i\000a\000l\000o\000g\000u\000e\000\040\000e\000x\000p\000o\000s\000e\000d\000\040\000t\000o\000\040\000t\000h\000r\000o\000t\000t\000l\000i\000n\000g}{section.7.5}% 67
\BOOKMARK [2][-]{subsection.7.5.8}{\376\377\000R\000e\000c\000o\000v\000e\000r\000y}{section.7.5}% 68
\BOOKMARK [2][-]{subsection.7.5.9}{\376\377\000S\000w\000e\000l\000l\000s}{section.7.5}% 69
\BOOKMARK [1][-]{section.7.6}{\376\377\000A\000s\000s\000e\000s\000s\000m\000e\000n\000t}{chapter.7}% 70
\BOOKMARK [0][-]{chapter.8}{\376\377\000O\000v\000e\000r\000d\000e\000t\000e\000r\000m\000i\000n\000a\000t\000i\000o\000n}{part.3}% 71
\BOOKMARK [1][-]{section.8.1}{\376\377\000T\000h\000e\000\040\000i\000d\000e\000a}{chapter.8}% 72
\BOOKMARK [1][-]{section.8.2}{\376\377\000M\000e\000a\000s\000u\000r\000e\000m\000e\000n\000t}{chapter.8}% 73
\BOOKMARK [1][-]{section.8.3}{\376\377\000R\000e\000s\000u\000l\000t\000\040\000f\000o\000r\000\040\000t\000h\000e\000\040\000c\000a\000s\000e}{chapter.8}% 74
\BOOKMARK [1][-]{section.8.4}{\376\377\000W\000h\000a\000t\000\040\000t\000h\000e\000\040\000i\000n\000d\000e\000x\000\040\000c\000a\000n\000n\000o\000t\000\040\000s\000h\000o\000w\000\040\000y\000e\000t}{chapter.8}% 75
\BOOKMARK [1][-]{section.8.5}{\376\377\000A\000\040\000n\000o\000t\000e\000\040\000o\000n\000\040\000t\000h\000e\000\040\000e\000a\000r\000l\000i\000e\000r\000\040\000r\000e\000a\000d\000i\000n\000g}{chapter.8}% 76
\BOOKMARK [1][-]{section.8.6}{\376\377\000S\000t\000a\000t\000u\000s}{chapter.8}% 77
\BOOKMARK [-1][-]{part.4}{\376\377\000I\000V\000\040\000R\000e\000s\000p\000o\000n\000s\000e\000\040\000a\000n\000d\000\040\000I\000n\000t\000e\000r\000v\000e\000n\000t\000i\000o\000n}{}% 78
\BOOKMARK [0][-]{chapter.9}{\376\377\000T\000h\000e\000\040\000H\000a\000n\000d\000\040\000o\000n\000\040\000t\000h\000e\000\040\000V\000o\000l\000u\000m\000e}{part.4}% 79
\BOOKMARK [1][-]{section.9.1}{\376\377\000O\000r\000i\000g\000i\000n\000\040\000o\000f\000\040\000t\000h\000e\000\040\000m\000e\000a\000s\000u\000r\000e}{chapter.9}% 80
\BOOKMARK [1][-]{section.9.2}{\376\377\000W\000h\000y\000\040\000v\000o\000l\000u\000m\000e\000\040\000b\000e\000h\000a\000v\000i\000o\000u\000r}{chapter.9}% 81
\BOOKMARK [1][-]{section.9.3}{\376\377\000R\000e\000c\000o\000r\000d\000i\000n\000g}{chapter.9}% 82
\BOOKMARK [1][-]{section.9.4}{\376\377\000A\000n\000n\000o\000t\000a\000t\000i\000o\000n\000\040\000o\000f\000\040\000c\000a\000n\000d\000i\000d\000a\000t\000e\000s}{chapter.9}% 83
\BOOKMARK [1][-]{section.9.5}{\376\377\000D\000e\000s\000i\000g\000n}{chapter.9}% 84
\BOOKMARK [2][-]{subsection.9.5.1}{\376\377\000P\000r\000e\000-\000r\000e\000g\000i\000s\000t\000r\000a\000t\000i\000o\000n}{section.9.5}% 85
\BOOKMARK [2][-]{subsection.9.5.2}{\376\377\000C\000o\000m\000p\000a\000r\000i\000s\000o\000n\000\040\000c\000o\000r\000p\000u\000s}{section.9.5}% 86
\BOOKMARK [2][-]{subsection.9.5.3}{\376\377\000P\000l\000a\000y\000b\000a\000c\000k\000\040\000c\000o\000n\000d\000i\000t\000i\000o\000n\000s}{section.9.5}% 87
\BOOKMARK [1][-]{section.9.6}{\376\377\000A\000n\000a\000l\000y\000s\000i\000s}{chapter.9}% 88
\BOOKMARK [1][-]{section.9.7}{\376\377\000A\000g\000g\000r\000e\000g\000a\000t\000i\000o\000n}{chapter.9}% 89
\BOOKMARK [0][-]{chapter.10}{\376\377\000R\000e\000m\000i\000x\000i\000n\000g\000\040\000f\000o\000r\000\040\000t\000h\000e\000\040\000L\000i\000s\000t\000e\000n\000e\000r}{part.4}% 90
\BOOKMARK [1][-]{section.10.1}{\376\377\000A\000\040\000c\000o\000n\000t\000i\000n\000u\000u\000m\000\040\000o\000f\000\040\000i\000n\000t\000e\000r\000v\000e\000n\000t\000i\000o\000n\000s}{chapter.10}% 91
\BOOKMARK [1][-]{section.10.2}{\376\377\000A\000\040\000d\000i\000a\000l\000o\000g\000u\000e\000-\000f\000o\000r\000w\000a\000r\000d\000\040\000d\000o\000w\000n\000m\000i\000x}{chapter.10}% 92
\BOOKMARK [1][-]{section.10.3}{\376\377\000L\000i\000m\000i\000t\000a\000t\000i\000o\000n\000s}{chapter.10}% 93
\BOOKMARK [1][-]{section.10.4}{\376\377\000B\000e\000y\000o\000n\000d\000\040\000c\000h\000a\000n\000n\000e\000l\000s}{chapter.10}% 94
\BOOKMARK [1][-]{section.10.5}{\376\377\000T\000h\000e\000\040\000o\000b\000j\000e\000c\000t\000i\000o\000n\000\040\000f\000r\000o\000m\000\040\000i\000n\000t\000e\000n\000t}{chapter.10}% 95
\BOOKMARK [1][-]{section.10.6}{\376\377\000E\000v\000a\000l\000u\000a\000t\000i\000o\000n}{chapter.10}% 96
\BOOKMARK [-1][-]{part.5}{\376\377\000V\000\040\000C\000o\000n\000c\000l\000u\000s\000i\000o\000n}{}% 97
\BOOKMARK [0][-]{chapter.11}{\376\377\000W\000h\000a\000t\000\040\000H\000a\000s\000\040\000B\000e\000e\000n\000\040\000S\000h\000o\000w\000n}{part.5}% 98
\BOOKMARK [1][-]{section.11.1}{\376\377\000T\000h\000e\000\040\000a\000r\000g\000u\000m\000e\000n\000t\000\040\000i\000n\000\040\000b\000r\000i\000e\000f}{chapter.11}% 99
\BOOKMARK [1][-]{section.11.2}{\376\377\000G\000r\000a\000d\000e\000d\000\040\000c\000l\000a\000i\000m\000s}{chapter.11}% 100
\BOOKMARK [1][-]{section.11.3}{\376\377\000L\000i\000m\000i\000t\000a\000t\000i\000o\000n\000s}{chapter.11}% 101
\BOOKMARK [1][-]{section.11.4}{\376\377\000A\000\040\000p\000r\000o\000g\000r\000a\000m\000m\000e}{chapter.11}% 102
\BOOKMARK [1][-]{section.11.5}{\376\377\000C\000l\000o\000s\000i\000n\000g}{chapter.11}% 103
\BOOKMARK [0][-]{appendix.A}{\376\377\000R\000e\000p\000r\000o\000d\000u\000c\000i\000n\000g\000\040\000t\000h\000e\000\040\000R\000e\000s\000u\000l\000t\000s}{part.5}% 104
\BOOKMARK [0][-]{appendix.B}{\376\377\000A\000n\000n\000o\000t\000a\000t\000i\000o\000n\000\040\000I\000n\000s\000t\000r\000u\000m\000e\000n\000t}{part.5}% 105
\BOOKMARK [1][-]{section.B.1}{\376\377\000L\000a\000b\000e\000l\000\040\000v\000o\000c\000a\000b\000u\000l\000a\000r\000y}{appendix.B}% 106
\BOOKMARK [1][-]{section.B.2}{\376\377\000F\000i\000e\000l\000d\000s}{appendix.B}% 107
\BOOKMARK [0][-]{appendix.C}{\376\377\000C\000o\000d\000e}{part.5}% 108
\BOOKMARK [1][-]{section.C.1}{\376\377\000F\000e\000a\000t\000u\000r\000e\000\040\000e\000x\000t\000r\000a\000c\000t\000i\000o\000n\000\040\000a\000n\000d\000\040\000d\000e\000t\000e\000c\000t\000i\000o\000n}{appendix.C}% 109
\BOOKMARK [1][-]{section.C.2}{\376\377\000D\000i\000a\000l\000o\000g\000u\000e\000-\000r\000e\000f\000e\000r\000e\000n\000c\000e\000d\000\040\000o\000c\000c\000u\000p\000a\000t\000i\000o\000n\000\040\000a\000n\000a\000l\000y\000s\000i\000s}{appendix.C}% 110
\BOOKMARK [1][-]{section.C.3}{\376\377\000S\000u\000p\000p\000l\000e\000m\000e\000n\000t\000a\000r\000y\000\040\000s\000t\000a\000t\000i\000s\000t\000i\000c\000s}{appendix.C}% 111
\BOOKMARK [1][-]{section.C.4}{\376\377\000B\000l\000i\000n\000d\000e\000d\000\040\000a\000n\000n\000o\000t\000a\000t\000i\000o\000n\000\040\000s\000e\000t}{appendix.C}% 112
\BOOKMARK [1][-]{section.C.5}{\376\377\000V\000o\000l\000u\000m\000e\000\040\000b\000e\000h\000a\000v\000i\000o\000u\000r\000\040\000l\000o\000g\000g\000e\000r\000\040\000f\000o\000r\000\040\000m\000p\000v}{appendix.C}% 113
\BOOKMARK [0][-]{appendix*.18}{\376\377\000R\000e\000f\000e\000r\000e\000n\000c\000e\000s}{part.5}% 114
