\BOOKMARK [0][-]{chapter*.2}{\376\377\000P\000r\000e\000f\000a\000c\000e}{}% 1
\BOOKMARK [0][-]{chapter*.4}{\376\377\000M\000e\000t\000h\000o\000d\000o\000l\000o\000g\000i\000c\000a\000l\000\040\000S\000t\000a\000t\000e\000m\000e\000n\000t}{}% 2
\BOOKMARK [0][-]{chapter*.5}{\376\377\000H\000o\000w\000\040\000t\000o\000\040\000R\000e\000a\000d\000\040\000T\000h\000i\000s\000\040\000M\000o\000n\000o\000g\000r\000a\000p\000h}{}% 3
\BOOKMARK [0][-]{chapter*.6}{\376\377\000N\000o\000t\000a\000t\000i\000o\000n\000\040\000a\000n\000d\000\040\000C\000o\000n\000v\000e\000n\000t\000i\000o\000n\000s}{}% 4
\BOOKMARK [-1][-]{part.1}{\376\377\000I\000\040\000E\000p\000i\000s\000t\000e\000m\000i\000c\000\040\000a\000n\000d\000\040\000H\000i\000s\000t\000o\000r\000i\000c\000a\000l\000\040\000B\000o\000u\000n\000d\000a\000r\000i\000e\000s}{}% 5
\BOOKMARK [0][-]{chapter.1}{\376\377\000E\000p\000i\000s\000t\000e\000m\000i\000c\000\040\000F\000r\000a\000m\000i\000n\000g\000,\000\040\000D\000i\000s\000e\000n\000t\000a\000n\000g\000l\000e\000m\000e\000n\000t\000,\000\040\000a\000n\000d\000\040\000P\000r\000i\000m\000a\000r\000y\000\040\000R\000e\000s\000e\000a\000r\000c\000h\000\040\000Q\000u\000e\000s\000t\000i\000o\000n\000s}{part.1}% 6
\BOOKMARK [1][-]{section.1.1}{\376\377\000I\000n\000t\000r\000o\000d\000u\000c\000t\000i\000o\000n}{chapter.1}% 7
\BOOKMARK [1][-]{section.1.2}{\376\377\000M\000o\000t\000i\000v\000a\000t\000i\000n\000g\000\040\000t\000h\000e\000\040\000P\000r\000o\000b\000l\000e\000m}{chapter.1}% 8
\BOOKMARK [1][-]{section.1.3}{\376\377\000E\000p\000i\000s\000t\000e\000m\000i\000c\000\040\000S\000e\000p\000a\000r\000a\000t\000i\000o\000n}{chapter.1}% 9
\BOOKMARK [1][-]{section.1.4}{\376\377\000F\000o\000r\000m\000a\000l\000\040\000F\000o\000u\000n\000d\000a\000t\000i\000o\000n\000s}{chapter.1}% 10
\BOOKMARK [2][-]{subsection.1.4.1}{\376\377\000R\000e\000p\000r\000e\000s\000e\000n\000t\000a\000t\000i\000o\000n\000s}{section.1.4}% 11
\BOOKMARK [2][-]{subsection.1.4.2}{\376\377\000T\000r\000a\000n\000s\000f\000o\000r\000m\000a\000t\000i\000o\000n}{section.1.4}% 12
\BOOKMARK [2][-]{subsection.1.4.3}{\376\377\000M\000o\000t\000i\000v\000a\000t\000i\000o\000n\000\040\000f\000o\000r\000\040\000S\000c\000o\000p\000e\000\040\000G\000e\000o\000m\000e\000t\000r\000y}{section.1.4}% 13
\BOOKMARK [1][-]{section.1.5}{\376\377\000T\000h\000e\000\040\000D\000i\000s\000e\000n\000t\000a\000n\000g\000l\000e\000m\000e\000n\000t\000\040\000O\000p\000e\000r\000a\000t\000o\000r}{chapter.1}% 14
\BOOKMARK [2][-]{subsection.1.5.1}{\376\377\000I\000n\000t\000e\000r\000p\000r\000e\000t\000a\000t\000i\000o\000n}{section.1.5}% 15
\BOOKMARK [1][-]{section.1.6}{\376\377\000B\000o\000u\000n\000d\000a\000r\000y\000\040\000C\000o\000n\000s\000t\000r\000a\000i\000n\000t\000s\000\040\000a\000n\000d\000\040\000B\000o\000u\000n\000d\000e\000d\000\040\000C\000o\000n\000t\000e\000x\000t\000s}{chapter.1}% 16
\BOOKMARK [2][-]{subsection.1.6.1}{\376\377\000B\000o\000u\000n\000d\000e\000d\000\040\000c\000o\000n\000t\000e\000x\000t\000s}{section.1.6}% 17
\BOOKMARK [2][-]{subsection.1.6.2}{\376\377\000M\000o\000t\000i\000v\000a\000t\000i\000o\000n\000\040\000f\000o\000r\000\040\000s\000c\000o\000p\000e\000\040\000g\000e\000o\000m\000e\000t\000r\000y}{section.1.6}% 18
\BOOKMARK [2][-]{subsection.1.6.3}{\376\377\000A\000\040\000p\000r\000e\000v\000i\000e\000w\000\040\000o\000f\000\040\000S\000t\000r\000u\000c\000t\000u\000r\000a\000l\000\040\000S\000e\000m\000a\000n\000t\000i\000c\000s}{section.1.6}% 19
\BOOKMARK [1][-]{section.1.7}{\376\377\000T\000h\000e\000\040\000R\000e\000s\000e\000a\000r\000c\000h\000\040\000P\000r\000o\000g\000r\000a\000m}{chapter.1}% 20
\BOOKMARK [1][-]{section.1.8}{\376\377\000S\000t\000a\000t\000e\000m\000e\000n\000t\000\040\000o\000f\000\040\000C\000o\000n\000t\000r\000i\000b\000u\000t\000i\000o\000n\000s}{chapter.1}% 21
\BOOKMARK [1][-]{section.1.9}{\376\377\000M\000e\000t\000h\000o\000d\000o\000l\000o\000g\000i\000c\000a\000l\000\040\000R\000o\000a\000d\000m\000a\000p}{chapter.1}% 22
\BOOKMARK [1][-]{section.1.10}{\376\377\000C\000o\000n\000c\000l\000u\000d\000i\000n\000g\000\040\000R\000e\000m\000a\000r\000k\000s}{chapter.1}% 23
\BOOKMARK [0][-]{chapter.2}{\376\377\000H\000i\000s\000t\000o\000r\000i\000c\000a\000l\000\040\000F\000o\000u\000n\000d\000a\000t\000i\000o\000n\000s}{part.1}% 24
\BOOKMARK [1][-]{section.2.1}{\376\377\000I\000n\000t\000r\000o\000d\000u\000c\000t\000i\000o\000n}{chapter.2}% 25
\BOOKMARK [1][-]{section.2.2}{\376\377\000T\000h\000e\000\040\000S\000t\000r\000u\000c\000t\000u\000r\000a\000l\000i\000s\000t\000\040\000T\000r\000a\000d\000i\000t\000i\000o\000n}{chapter.2}% 26
\BOOKMARK [1][-]{section.2.3}{\376\377\000F\000e\000r\000d\000i\000n\000a\000n\000d\000\040\000d\000e\000\040\000S\000a\000u\000s\000s\000u\000r\000e\000\040\000a\000n\000d\000\040\000R\000e\000l\000a\000t\000i\000o\000n\000a\000l\000\040\000S\000t\000r\000u\000c\000t\000u\000r\000e}{chapter.2}% 27
\BOOKMARK [1][-]{section.2.4}{\376\377\000L\000o\000u\000i\000s\000\040\000H\000j\000e\000l\000m\000s\000l\000e\000v\000\040\000a\000n\000d\000\040\000F\000o\000r\000m\000a\000l\000\040\000S\000t\000r\000u\000c\000t\000u\000r\000a\000l\000\040\000S\000y\000s\000t\000e\000m\000s}{chapter.2}% 28
\BOOKMARK [1][-]{section.2.5}{\376\377\000J\000o\000h\000n\000\040\000L\000y\000o\000n\000s\000\040\000a\000n\000d\000\040\000S\000t\000r\000u\000c\000t\000u\000r\000a\000l\000\040\000S\000e\000m\000a\000n\000t\000i\000c\000s}{chapter.2}% 29
\BOOKMARK [1][-]{section.2.6}{\376\377\000G\000o\000t\000t\000l\000o\000b\000\040\000F\000r\000e\000g\000e\000\040\000a\000n\000d\000\040\000C\000o\000m\000p\000o\000s\000i\000t\000i\000o\000n\000a\000l\000\040\000S\000e\000m\000a\000n\000t\000i\000c\000s}{chapter.2}% 30
\BOOKMARK [1][-]{section.2.7}{\376\377\000C\000h\000a\000r\000l\000e\000s\000\040\000S\000a\000n\000d\000e\000r\000s\000\040\000P\000e\000i\000r\000c\000e\000\040\000a\000n\000d\000\040\000T\000r\000i\000a\000d\000i\000c\000\040\000S\000e\000m\000i\000o\000t\000i\000c\000s}{chapter.2}% 31
\BOOKMARK [1][-]{section.2.8}{\376\377\000A\000l\000f\000r\000e\000d\000\040\000N\000o\000r\000t\000h\000\040\000W\000h\000i\000t\000e\000h\000e\000a\000d\000\040\000a\000n\000d\000\040\000P\000r\000o\000c\000e\000s\000s\000\040\000P\000h\000i\000l\000o\000s\000o\000p\000h\000y}{chapter.2}% 32
\BOOKMARK [1][-]{section.2.9}{\376\377\000J\000o\000h\000n\000\040\000S\000e\000a\000r\000l\000e\000\040\000a\000n\000d\000\040\000t\000h\000e\000\040\000C\000h\000i\000n\000e\000s\000e\000\040\000R\000o\000o\000m}{chapter.2}% 33
\BOOKMARK [1][-]{section.2.10}{\376\377\000N\000e\000d\000\040\000B\000l\000o\000c\000k\000\040\000a\000n\000d\000\040\000t\000h\000e\000\040\000S\000e\000p\000a\000r\000a\000t\000i\000o\000n\000\040\000o\000f\000\040\000C\000o\000n\000s\000c\000i\000o\000u\000s\000n\000e\000s\000s}{chapter.2}% 34
\BOOKMARK [1][-]{section.2.11}{\376\377\000P\000r\000e\000d\000i\000c\000t\000i\000v\000e\000\040\000P\000r\000o\000c\000e\000s\000s\000i\000n\000g\000\040\000a\000n\000d\000\040\000t\000h\000e\000\040\000F\000r\000e\000e\000\040\000E\000n\000e\000r\000g\000y\000\040\000P\000r\000i\000n\000c\000i\000p\000l\000e}{chapter.2}% 35
\BOOKMARK [1][-]{section.2.12}{\376\377\000M\000e\000c\000h\000a\000n\000i\000s\000t\000i\000c\000\040\000I\000n\000t\000e\000r\000p\000r\000e\000t\000a\000b\000i\000l\000i\000t\000y}{chapter.2}% 36
\BOOKMARK [1][-]{section.2.13}{\376\377\000H\000i\000s\000t\000o\000r\000i\000c\000a\000l\000\040\000S\000y\000n\000t\000h\000e\000s\000i\000s}{chapter.2}% 37
\BOOKMARK [0][-]{chapter.3}{\376\377\000T\000h\000r\000e\000e\000\040\000D\000e\000f\000i\000n\000i\000t\000i\000o\000n\000s\000\040\000o\000f\000\040\000U\000n\000d\000e\000r\000s\000t\000a\000n\000d\000i\000n\000g}{part.1}% 38
\BOOKMARK [1][-]{section.3.1}{\376\377\000M\000o\000t\000i\000v\000a\000t\000i\000n\000g\000\040\000t\000h\000e\000\040\000T\000a\000x\000o\000n\000o\000m\000y}{chapter.3}% 39
\BOOKMARK [1][-]{section.3.2}{\376\377\000P\000h\000e\000n\000o\000m\000e\000n\000o\000l\000o\000g\000i\000c\000a\000l\000\040\000U\000n\000d\000e\000r\000s\000t\000a\000n\000d\000i\000n\000g}{chapter.3}% 40
\BOOKMARK [1][-]{section.3.3}{\376\377\000F\000u\000n\000c\000t\000i\000o\000n\000a\000l\000\040\000U\000n\000d\000e\000r\000s\000t\000a\000n\000d\000i\000n\000g}{chapter.3}% 41
\BOOKMARK [1][-]{section.3.4}{\376\377\000S\000t\000r\000u\000c\000t\000u\000r\000a\000l\000\040\000U\000n\000d\000e\000r\000s\000t\000a\000n\000d\000i\000n\000g}{chapter.3}% 42
\BOOKMARK [1][-]{section.3.5}{\376\377\000C\000o\000m\000p\000a\000r\000i\000n\000g\000\040\000t\000h\000e\000\040\000T\000h\000r\000e\000e\000\040\000C\000o\000n\000c\000e\000p\000t\000i\000o\000n\000s}{chapter.3}% 43
\BOOKMARK [1][-]{section.3.6}{\376\377\000C\000h\000a\000p\000t\000e\000r\000\040\000S\000u\000m\000m\000a\000r\000y}{chapter.3}% 44
\BOOKMARK [0][-]{chapter.4}{\376\377\000T\000h\000e\000\040\000W\000h\000i\000t\000e\000h\000e\000a\000d\000i\000a\000n\000\040\000F\000r\000a\000m\000e\000w\000o\000r\000k}{part.1}% 45
\BOOKMARK [1][-]{section.4.1}{\376\377\000P\000r\000o\000c\000e\000s\000s\000\040\000R\000a\000t\000h\000e\000r\000\040\000T\000h\000a\000n\000\040\000S\000u\000b\000s\000t\000a\000n\000c\000e}{chapter.4}% 46
\BOOKMARK [1][-]{section.4.2}{\376\377\000A\000c\000t\000u\000a\000l\000\040\000O\000c\000c\000a\000s\000i\000o\000n\000s}{chapter.4}% 47
\BOOKMARK [1][-]{section.4.3}{\376\377\000P\000r\000e\000h\000e\000n\000s\000i\000o\000n}{chapter.4}% 48
\BOOKMARK [1][-]{section.4.4}{\376\377\000C\000o\000n\000c\000r\000e\000s\000c\000e\000n\000c\000e}{chapter.4}% 49
\BOOKMARK [1][-]{section.4.5}{\376\377\000S\000u\000b\000j\000e\000c\000t\000i\000v\000e\000\040\000F\000o\000r\000m}{chapter.4}% 50
\BOOKMARK [1][-]{section.4.6}{\376\377\000C\000h\000a\000p\000t\000e\000r\000\040\000S\000u\000m\000m\000a\000r\000y}{chapter.4}% 51
\BOOKMARK [0][-]{chapter.5}{\376\377\000T\000h\000e\000\040\000P\000h\000e\000n\000o\000m\000e\000n\000o\000l\000o\000g\000i\000c\000a\000l\000\040\000B\000o\000u\000n\000d\000a\000r\000y}{part.1}% 52
\BOOKMARK [1][-]{section.5.1}{\376\377\000S\000t\000r\000u\000c\000t\000u\000r\000a\000l\000\040\000a\000n\000d\000\040\000P\000h\000e\000n\000o\000m\000e\000n\000o\000l\000o\000g\000i\000c\000a\000l\000\040\000C\000o\000m\000p\000o\000n\000e\000n\000t\000s}{chapter.5}% 53
\BOOKMARK [1][-]{section.5.2}{\376\377\000A\000x\000i\000o\000m\000a\000t\000i\000c\000\040\000D\000e\000p\000e\000n\000d\000e\000n\000c\000e}{chapter.5}% 54
\BOOKMARK [1][-]{section.5.3}{\376\377\000D\000e\000f\000i\000n\000i\000t\000i\000o\000n\000s\000\040\000a\000n\000d\000\040\000E\000m\000p\000i\000r\000i\000c\000a\000l\000\040\000C\000r\000i\000t\000e\000r\000i\000a}{chapter.5}% 55
\BOOKMARK [1][-]{section.5.4}{\376\377\000T\000h\000e\000\040\000S\000t\000r\000u\000c\000t\000u\000r\000a\000l\000\040\000R\000e\000s\000e\000a\000r\000c\000h\000\040\000P\000r\000o\000g\000r\000a\000m}{chapter.5}% 56
\BOOKMARK [1][-]{section.5.5}{\376\377\000C\000h\000a\000p\000t\000e\000r\000\040\000S\000u\000m\000m\000a\000r\000y}{chapter.5}% 57
\BOOKMARK [-1][-]{part.2}{\376\377\000I\000I\000\040\000S\000c\000o\000p\000e\000\040\000G\000e\000o\000m\000e\000t\000r\000y\000,\000\040\000A\000l\000g\000e\000b\000r\000a\000,\000\040\000a\000n\000d\000\040\000C\000a\000t\000e\000g\000o\000r\000i\000e\000s}{}% 58
\BOOKMARK [0][-]{chapter.6}{\376\377\000S\000c\000o\000p\000e\000\040\000G\000e\000o\000m\000e\000t\000r\000y}{part.2}% 59
\BOOKMARK [1][-]{section.6.1}{\376\377\000M\000o\000t\000i\000v\000a\000t\000i\000o\000n}{chapter.6}% 60
\BOOKMARK [1][-]{section.6.2}{\376\377\000P\000r\000i\000m\000i\000t\000i\000v\000e\000\040\000I\000n\000t\000u\000i\000t\000i\000o\000n}{chapter.6}% 61
\BOOKMARK [1][-]{section.6.3}{\376\377\000S\000t\000a\000t\000e\000\040\000D\000o\000m\000a\000i\000n\000s}{chapter.6}% 62
\BOOKMARK [1][-]{section.6.4}{\376\377\000B\000o\000u\000n\000d\000a\000r\000i\000e\000s}{chapter.6}% 63
\BOOKMARK [1][-]{section.6.5}{\376\377\000I\000n\000t\000e\000r\000i\000o\000r\000\040\000S\000p\000a\000c\000e\000s}{chapter.6}% 64
\BOOKMARK [1][-]{section.6.6}{\376\377\000N\000e\000s\000t\000e\000d\000\040\000S\000c\000o\000p\000e\000\040\000G\000e\000o\000m\000e\000t\000r\000i\000e\000s}{chapter.6}% 65
\BOOKMARK [1][-]{section.6.7}{\376\377\000H\000i\000e\000r\000a\000r\000c\000h\000y\000,\000\040\000C\000o\000n\000t\000a\000i\000n\000m\000e\000n\000t\000,\000\040\000a\000n\000d\000\040\000I\000n\000h\000e\000r\000i\000t\000a\000n\000c\000e}{chapter.6}% 66
\BOOKMARK [2][-]{subsection.6.7.1}{\376\377\000L\000o\000c\000a\000l\000\040\000a\000n\000d\000\040\000G\000l\000o\000b\000a\000l\000\040\000A\000d\000m\000i\000s\000s\000i\000b\000i\000l\000i\000t\000y}{section.6.7}% 67
\BOOKMARK [2][-]{subsection.6.7.2}{\376\377\000B\000o\000u\000n\000d\000a\000r\000y\000\040\000V\000i\000o\000l\000a\000t\000i\000o\000n\000s}{section.6.7}% 68
\BOOKMARK [2][-]{subsection.6.7.3}{\376\377\000T\000h\000e\000\040\000S\000c\000o\000p\000e\000\040\000H\000i\000e\000r\000a\000r\000c\000h\000y\000\040\000a\000s\000\040\000a\000\040\000P\000a\000r\000t\000i\000a\000l\000l\000y\000\040\000O\000r\000d\000e\000r\000e\000d\000\040\000S\000t\000r\000u\000c\000t\000u\000r\000e}{section.6.7}% 69
\BOOKMARK [1][-]{section.6.8}{\376\377\000D\000i\000s\000c\000u\000s\000s\000i\000o\000n}{chapter.6}% 70
\BOOKMARK [1][-]{section.6.9}{\376\377\000C\000h\000a\000p\000t\000e\000r\000\040\000S\000u\000m\000m\000a\000r\000y}{chapter.6}% 71
\BOOKMARK [0][-]{chapter.7}{\376\377\000P\000r\000i\000m\000i\000t\000i\000v\000e\000\040\000O\000p\000e\000r\000a\000t\000i\000o\000n\000s\000\040\000a\000n\000d\000\040\000t\000h\000e\000\040\000S\000c\000o\000p\000e\000\040\000C\000a\000l\000c\000u\000l\000u\000s}{part.2}% 72
\BOOKMARK [1][-]{section.7.1}{\376\377\000M\000o\000t\000i\000v\000a\000t\000i\000o\000n}{chapter.7}% 73
\BOOKMARK [1][-]{section.7.2}{\376\377\000P\000r\000i\000m\000i\000t\000i\000v\000e\000\040\000A\000l\000p\000h\000a\000b\000e\000t}{chapter.7}% 74
\BOOKMARK [2][-]{subsection.7.2.1}{\376\377\000T\000h\000e\000\040\000P\000o\000p\000\040\000O\000p\000e\000r\000a\000t\000o\000r}{section.7.2}% 75
\BOOKMARK [2][-]{subsection.7.2.2}{\376\377\000T\000h\000e\000\040\000R\000e\000f\000u\000s\000e\000\040\000O\000p\000e\000r\000a\000t\000o\000r}{section.7.2}% 76
\BOOKMARK [2][-]{subsection.7.2.3}{\376\377\000T\000h\000e\000\040\000B\000i\000n\000d\000\040\000O\000p\000e\000r\000a\000t\000o\000r}{section.7.2}% 77
\BOOKMARK [2][-]{subsection.7.2.4}{\376\377\000T\000h\000e\000\040\000C\000o\000l\000l\000a\000p\000s\000e\000\040\000O\000p\000e\000r\000a\000t\000o\000r}{section.7.2}% 78
\BOOKMARK [2][-]{subsection.7.2.5}{\376\377\000O\000p\000e\000r\000a\000t\000i\000o\000n\000a\000l\000\040\000C\000o\000m\000p\000l\000e\000t\000e\000n\000e\000s\000s}{section.7.2}% 79
\BOOKMARK [1][-]{section.7.3}{\376\377\000C\000o\000m\000p\000o\000s\000i\000t\000i\000o\000n\000\040\000o\000f\000\040\000P\000r\000i\000m\000i\000t\000i\000v\000e\000\040\000O\000p\000e\000r\000a\000t\000i\000o\000n\000s}{chapter.7}% 80
\BOOKMARK [1][-]{section.7.4}{\376\377\000T\000h\000e\000\040\000P\000r\000i\000m\000i\000t\000i\000v\000e\000\040\000R\000e\000w\000r\000i\000t\000i\000n\000g\000\040\000S\000y\000s\000t\000e\000m}{chapter.7}% 81
\BOOKMARK [1][-]{section.7.5}{\376\377\000A\000l\000g\000e\000b\000r\000a\000i\000c\000\040\000P\000r\000o\000p\000e\000r\000t\000i\000e\000s\000\040\000o\000f\000\040\000t\000h\000e\000\040\000S\000c\000o\000p\000e\000\040\000C\000a\000l\000c\000u\000l\000u\000s}{chapter.7}% 82
\BOOKMARK [1][-]{section.7.6}{\376\377\000D\000i\000s\000c\000u\000s\000s\000i\000o\000n}{chapter.7}% 83
\BOOKMARK [1][-]{section.7.7}{\376\377\000C\000h\000a\000p\000t\000e\000r\000\040\000S\000u\000m\000m\000a\000r\000y}{chapter.7}% 84
\BOOKMARK [0][-]{chapter.8}{\376\377\000C\000a\000t\000e\000g\000o\000r\000y\000-\000T\000h\000e\000o\000r\000e\000t\000i\000c\000\040\000F\000o\000u\000n\000d\000a\000t\000i\000o\000n\000s\000\040\000o\000f\000\040\000S\000c\000o\000p\000e\000\040\000G\000e\000o\000m\000e\000t\000r\000y}{part.2}% 85
\BOOKMARK [1][-]{section.8.1}{\376\377\000M\000o\000t\000i\000v\000a\000t\000i\000o\000n}{chapter.8}% 86
\BOOKMARK [1][-]{section.8.2}{\376\377\000O\000b\000j\000e\000c\000t\000s}{chapter.8}% 87
\BOOKMARK [1][-]{section.8.3}{\376\377\000M\000o\000r\000p\000h\000i\000s\000m\000s}{chapter.8}% 88
\BOOKMARK [1][-]{section.8.4}{\376\377\000I\000n\000t\000e\000r\000p\000r\000e\000t\000a\000t\000i\000o\000n}{chapter.8}% 89
\BOOKMARK [1][-]{section.8.5}{\376\377\000C\000h\000a\000p\000t\000e\000r\000\040\000S\000u\000m\000m\000a\000r\000y}{chapter.8}% 90
\BOOKMARK [0][-]{chapter.9}{\376\377\000F\000o\000u\000n\000d\000a\000t\000i\000o\000n\000a\000l\000\040\000T\000h\000e\000o\000r\000e\000m\000s\000\040\000o\000f\000\040\000S\000t\000r\000u\000c\000t\000u\000r\000a\000l\000\040\000S\000e\000m\000a\000n\000t\000i\000c\000s}{part.2}% 91
\BOOKMARK [1][-]{section.9.1}{\376\377\000M\000o\000t\000i\000v\000a\000t\000i\000o\000n}{chapter.9}% 92
\BOOKMARK [1][-]{section.9.2}{\376\377\000P\000r\000e\000l\000i\000m\000i\000n\000a\000r\000y\000\040\000A\000s\000s\000u\000m\000p\000t\000i\000o\000n\000s}{chapter.9}% 93
\BOOKMARK [1][-]{section.9.3}{\376\377\000C\000l\000o\000s\000u\000r\000e\000\040\000o\000f\000\040\000S\000c\000o\000p\000e\000\040\000G\000e\000o\000m\000e\000t\000r\000y}{chapter.9}% 94
\BOOKMARK [1][-]{section.9.4}{\376\377\000C\000a\000n\000o\000n\000i\000c\000a\000l\000\040\000P\000r\000i\000m\000i\000t\000i\000v\000e\000\040\000D\000e\000c\000o\000m\000p\000o\000s\000i\000t\000i\000o\000n}{chapter.9}% 95
\BOOKMARK [1][-]{section.9.5}{\376\377\000C\000a\000n\000o\000n\000i\000c\000a\000l\000\040\000N\000o\000r\000m\000a\000l\000\040\000F\000o\000r\000m\000s}{chapter.9}% 96
\BOOKMARK [1][-]{section.9.6}{\376\377\000A\000d\000m\000i\000s\000s\000i\000b\000i\000l\000i\000t\000y\000\040\000P\000r\000e\000s\000e\000r\000v\000a\000t\000i\000o\000n}{chapter.9}% 97
\BOOKMARK [1][-]{section.9.7}{\376\377\000R\000e\000p\000r\000e\000s\000e\000n\000t\000a\000t\000i\000o\000n\000\040\000I\000n\000v\000a\000r\000i\000a\000n\000c\000e}{chapter.9}% 98
\BOOKMARK [2][-]{subsection.9.7.1}{\376\377\000I\000n\000t\000e\000r\000p\000r\000e\000t\000a\000t\000i\000o\000n\000\040\000o\000f\000\040\000R\000e\000p\000r\000e\000s\000e\000n\000t\000a\000t\000i\000o\000n\000\040\000I\000n\000v\000a\000r\000i\000a\000n\000c\000e}{section.9.7}% 99
\BOOKMARK [2][-]{subsection.9.7.2}{\376\377\000L\000i\000m\000i\000t\000a\000t\000i\000o\000n\000s\000\040\000o\000f\000\040\000t\000h\000e\000\040\000P\000r\000e\000s\000e\000n\000t\000\040\000R\000e\000s\000u\000l\000t\000s}{section.9.7}% 100
\BOOKMARK [1][-]{section.9.8}{\376\377\000C\000h\000a\000p\000t\000e\000r\000\040\000S\000u\000m\000m\000a\000r\000y}{chapter.9}% 101
\BOOKMARK [0][-]{chapter.10}{\376\377\000C\000o\000m\000p\000a\000r\000a\000t\000i\000v\000e\000\040\000O\000n\000t\000o\000l\000o\000g\000y\000\040\000a\000n\000d\000\040\000t\000h\000e\000\040\000T\000r\000a\000n\000s\000l\000a\000t\000i\000o\000n\000\040\000F\000u\000n\000c\000t\000o\000r}{part.2}% 102
\BOOKMARK [1][-]{section.10.1}{\376\377\000M\000o\000t\000i\000v\000a\000t\000i\000o\000n}{chapter.10}% 103
\BOOKMARK [1][-]{section.10.2}{\376\377\000T\000h\000e\000\040\000C\000a\000t\000e\000g\000o\000r\000y\000\040\000o\000f\000\040\000P\000r\000o\000c\000e\000s\000s\000e\000s}{chapter.10}% 104
\BOOKMARK [1][-]{section.10.3}{\376\377\000O\000p\000e\000r\000a\000t\000i\000o\000n\000a\000l\000\040\000C\000o\000r\000r\000e\000s\000p\000o\000n\000d\000e\000n\000c\000e}{chapter.10}% 105
\BOOKMARK [1][-]{section.10.4}{\376\377\000F\000u\000n\000c\000t\000o\000r\000i\000a\000l\000\040\000P\000r\000e\000s\000e\000r\000v\000a\000t\000i\000o\000n}{chapter.10}% 106
\BOOKMARK [1][-]{section.10.5}{\376\377\000T\000h\000e\000\040\000I\000m\000a\000g\000e\000\040\000o\000f\000\040\000S\000u\000b\000j\000e\000c\000t\000i\000v\000e\000\040\000F\000o\000r\000m}{chapter.10}% 107
\BOOKMARK [1][-]{section.10.6}{\376\377\000I\000n\000t\000e\000r\000p\000r\000e\000t\000i\000v\000e\000\040\000C\000o\000n\000s\000e\000q\000u\000e\000n\000c\000e\000s}{chapter.10}% 108
\BOOKMARK [1][-]{section.10.7}{\376\377\000C\000h\000a\000p\000t\000e\000r\000\040\000S\000u\000m\000m\000a\000r\000y}{chapter.10}% 109
\BOOKMARK [-1][-]{part.3}{\376\377\000I\000I\000I\000\040\000C\000o\000m\000p\000u\000t\000a\000t\000i\000o\000n\000a\000l\000\040\000S\000e\000m\000a\000n\000t\000i\000c\000s\000:\000\040\000T\000r\000a\000n\000s\000f\000o\000r\000m\000e\000r\000\040\000D\000i\000a\000g\000n\000o\000s\000t\000i\000c\000s}{}% 110
\BOOKMARK [0][-]{chapter.11}{\376\377\000T\000h\000e\000\040\000M\000a\000t\000h\000e\000m\000a\000t\000i\000c\000a\000l\000\040\000S\000t\000r\000u\000c\000t\000u\000r\000e\000\040\000o\000f\000\040\000T\000r\000a\000n\000s\000f\000o\000r\000m\000e\000r\000\040\000A\000r\000c\000h\000i\000t\000e\000c\000t\000u\000r\000e\000s}{part.3}% 111
\BOOKMARK [1][-]{section.11.1}{\376\377\000H\000i\000s\000t\000o\000r\000i\000c\000a\000l\000\040\000D\000e\000v\000e\000l\000o\000p\000m\000e\000n\000t}{chapter.11}% 112
\BOOKMARK [1][-]{section.11.2}{\376\377\000R\000e\000s\000i\000d\000u\000a\000l\000\040\000S\000t\000r\000e\000a\000m\000\040\000R\000e\000p\000r\000e\000s\000e\000n\000t\000a\000t\000i\000o\000n}{chapter.11}% 113
\BOOKMARK [1][-]{section.11.3}{\376\377\000A\000t\000t\000e\000n\000t\000i\000o\000n\000\040\000M\000e\000c\000h\000a\000n\000i\000s\000m\000s}{chapter.11}% 114
\BOOKMARK [1][-]{section.11.4}{\376\377\000F\000e\000e\000d\000-\000F\000o\000r\000w\000a\000r\000d\000\040\000N\000e\000t\000w\000o\000r\000k\000s}{chapter.11}% 115
\BOOKMARK [1][-]{section.11.5}{\376\377\000A\000c\000t\000i\000v\000a\000t\000i\000o\000n\000\040\000M\000a\000n\000i\000f\000o\000l\000d\000s}{chapter.11}% 116
\BOOKMARK [1][-]{section.11.6}{\376\377\000C\000u\000r\000r\000e\000n\000t\000\040\000D\000i\000r\000e\000c\000t\000i\000o\000n\000s\000\040\000i\000n\000\040\000M\000e\000c\000h\000a\000n\000i\000s\000t\000i\000c\000\040\000I\000n\000t\000e\000r\000p\000r\000e\000t\000a\000b\000i\000l\000i\000t\000y}{chapter.11}% 117
\BOOKMARK [1][-]{section.11.7}{\376\377\000R\000e\000l\000a\000t\000i\000o\000n\000s\000h\000i\000p\000\040\000t\000o\000\040\000S\000c\000o\000p\000e\000\040\000G\000e\000o\000m\000e\000t\000r\000y}{chapter.11}% 118
\BOOKMARK [1][-]{section.11.8}{\376\377\000C\000h\000a\000p\000t\000e\000r\000\040\000S\000u\000m\000m\000a\000r\000y}{chapter.11}% 119
\BOOKMARK [0][-]{chapter.12}{\376\377\000D\000y\000n\000a\000m\000i\000c\000\040\000G\000e\000o\000m\000e\000t\000r\000y\000\040\000o\000f\000\040\000A\000c\000t\000i\000v\000a\000t\000i\000o\000n\000\040\000T\000r\000a\000j\000e\000c\000t\000o\000r\000i\000e\000s}{part.3}% 120
\BOOKMARK [1][-]{section.12.1}{\376\377\000A\000c\000t\000i\000v\000a\000t\000i\000o\000n\000\040\000T\000r\000a\000j\000e\000c\000t\000o\000r\000i\000e\000s}{chapter.12}% 121
\BOOKMARK [1][-]{section.12.2}{\376\377\000D\000i\000s\000c\000r\000e\000t\000e\000\040\000D\000y\000n\000a\000m\000i\000c\000a\000l\000\040\000S\000y\000s\000t\000e\000m\000s\000\040\000I\000n\000t\000e\000r\000p\000r\000e\000t\000a\000t\000i\000o\000n}{chapter.12}% 122
\BOOKMARK [1][-]{section.12.3}{\376\377\000L\000a\000y\000e\000r\000w\000i\000s\000e\000\040\000J\000a\000c\000o\000b\000i\000a\000n\000s\000\040\000a\000n\000d\000\040\000L\000o\000c\000a\000l\000\040\000L\000i\000n\000e\000a\000r\000i\000z\000a\000t\000i\000o\000n}{chapter.12}% 123
\BOOKMARK [1][-]{section.12.4}{\376\377\000C\000u\000r\000v\000a\000t\000u\000r\000e\000\040\000a\000n\000d\000\040\000T\000r\000a\000j\000e\000c\000t\000o\000r\000y\000\040\000L\000e\000n\000g\000t\000h}{chapter.12}% 124
\BOOKMARK [1][-]{section.12.5}{\376\377\000L\000o\000c\000a\000l\000\040\000S\000t\000a\000b\000i\000l\000i\000t\000y\000\040\000a\000n\000d\000\040\000L\000y\000a\000p\000u\000n\000o\000v\000\040\000A\000n\000a\000l\000y\000s\000i\000s}{chapter.12}% 125
\BOOKMARK [1][-]{section.12.6}{\376\377\000R\000e\000l\000a\000t\000i\000o\000n\000s\000h\000i\000p\000\040\000t\000o\000\040\000S\000c\000o\000p\000e\000\040\000G\000e\000o\000m\000e\000t\000r\000y}{chapter.12}% 126
\BOOKMARK [1][-]{section.12.7}{\376\377\000C\000h\000a\000p\000t\000e\000r\000\040\000S\000u\000m\000m\000a\000r\000y}{chapter.12}% 127
\BOOKMARK [0][-]{chapter.13}{\376\377\000R\000e\000s\000o\000n\000a\000n\000t\000\040\000A\000n\000a\000l\000y\000s\000i\000s\000\040\000o\000f\000\040\000A\000c\000t\000i\000v\000a\000t\000i\000o\000n\000\040\000T\000r\000a\000j\000e\000c\000t\000o\000r\000i\000e\000s}{part.3}% 128
\BOOKMARK [1][-]{section.13.1}{\376\377\000M\000o\000t\000i\000v\000a\000t\000i\000o\000n}{chapter.13}% 129
\BOOKMARK [1][-]{section.13.2}{\376\377\000A\000n\000a\000l\000y\000t\000i\000c\000\040\000S\000i\000g\000n\000a\000l\000\040\000R\000e\000p\000r\000e\000s\000e\000n\000t\000a\000t\000i\000o\000n}{chapter.13}% 130
\BOOKMARK [1][-]{section.13.3}{\376\377\000A\000m\000p\000l\000i\000t\000u\000d\000e\000,\000\040\000I\000n\000s\000t\000a\000n\000t\000a\000n\000e\000o\000u\000s\000\040\000P\000h\000a\000s\000e\000,\000\040\000a\000n\000d\000\040\000S\000y\000n\000c\000h\000r\000o\000n\000i\000z\000a\000t\000i\000o\000n}{chapter.13}% 131
\BOOKMARK [1][-]{section.13.4}{\376\377\000S\000e\000m\000a\000n\000t\000i\000c\000\040\000C\000o\000h\000e\000r\000e\000n\000c\000e\000\040\000H\000y\000p\000o\000t\000h\000e\000s\000i\000s}{chapter.13}% 132
\BOOKMARK [1][-]{section.13.5}{\376\377\000T\000h\000e\000\040\000M\000a\000r\000i\000n\000e\000\040\000O\000p\000e\000r\000a\000t\000o\000r}{chapter.13}% 133
\BOOKMARK [2][-]{subsection.13.5.1}{\376\377\000D\000o\000p\000p\000l\000e\000r\000\040\000V\000e\000l\000o\000c\000i\000t\000y}{section.13.5}% 134
\BOOKMARK [2][-]{subsection.13.5.2}{\376\377\000T\000h\000e\000\040\000S\000a\000l\000i\000e\000n\000c\000e\000\040\000G\000a\000t\000e}{section.13.5}% 135
\BOOKMARK [2][-]{subsection.13.5.3}{\376\377\000E\000n\000e\000r\000g\000y\000\040\000C\000o\000n\000s\000e\000r\000v\000a\000t\000i\000o\000n}{section.13.5}% 136
\BOOKMARK [1][-]{section.13.6}{\376\377\000I\000n\000t\000e\000r\000p\000r\000e\000t\000i\000v\000e\000\040\000R\000e\000m\000a\000r\000k\000s}{chapter.13}% 137
\BOOKMARK [1][-]{section.13.7}{\376\377\000C\000h\000a\000p\000t\000e\000r\000\040\000S\000u\000m\000m\000a\000r\000y}{chapter.13}% 138
\BOOKMARK [0][-]{chapter.14}{\376\377\000T\000r\000a\000n\000s\000f\000o\000r\000m\000e\000r\000\040\000D\000i\000a\000g\000n\000o\000s\000t\000i\000c\000s\000\040\000a\000n\000d\000\040\000A\000l\000g\000o\000r\000i\000t\000h\000m\000i\000c\000\040\000A\000r\000c\000h\000i\000t\000e\000c\000t\000u\000r\000e}{part.3}% 139
\BOOKMARK [1][-]{section.14.1}{\376\377\000D\000i\000a\000g\000n\000o\000s\000t\000i\000c\000\040\000P\000i\000p\000e\000l\000i\000n\000e}{chapter.14}% 140
\BOOKMARK [1][-]{section.14.2}{\376\377\000A\000d\000m\000i\000s\000s\000i\000b\000i\000l\000i\000t\000y\000\040\000E\000s\000t\000i\000m\000a\000t\000i\000o\000n\000\040\000a\000n\000d\000\040\000C\000o\000n\000t\000e\000x\000t\000\040\000C\000o\000l\000l\000a\000p\000s\000e}{chapter.14}% 141
\BOOKMARK [1][-]{section.14.3}{\376\377\000C\000o\000m\000p\000u\000t\000a\000t\000i\000o\000n\000a\000l\000\040\000C\000o\000m\000p\000l\000e\000x\000i\000t\000y}{chapter.14}% 142
\BOOKMARK [1][-]{section.14.4}{\376\377\000R\000e\000l\000a\000t\000i\000o\000n\000s\000h\000i\000p\000\040\000t\000o\000\040\000E\000x\000i\000s\000t\000i\000n\000g\000\040\000I\000n\000t\000e\000r\000p\000r\000e\000t\000a\000b\000i\000l\000i\000t\000y\000\040\000M\000e\000t\000h\000o\000d\000s}{chapter.14}% 143
\BOOKMARK [1][-]{section.14.5}{\376\377\000L\000i\000m\000i\000t\000a\000t\000i\000o\000n\000s}{chapter.14}% 144
\BOOKMARK [1][-]{section.14.6}{\376\377\000C\000h\000a\000p\000t\000e\000r\000\040\000S\000u\000m\000m\000a\000r\000y}{chapter.14}% 145
\BOOKMARK [0][-]{chapter.15}{\376\377\000E\000x\000p\000e\000r\000i\000m\000e\000n\000t\000a\000l\000\040\000P\000r\000e\000d\000i\000c\000t\000i\000o\000n\000s\000,\000\040\000C\000o\000n\000t\000r\000o\000l\000s\000,\000\040\000a\000n\000d\000\040\000F\000a\000l\000s\000i\000f\000i\000c\000a\000t\000i\000o\000n\000\040\000P\000r\000o\000t\000o\000c\000o\000l\000s}{part.3}% 146
\BOOKMARK [1][-]{section.15.1}{\376\377\000S\000c\000i\000e\000n\000t\000i\000f\000i\000c\000\040\000M\000e\000t\000h\000o\000d\000o\000l\000o\000g\000y}{chapter.15}% 147
\BOOKMARK [1][-]{section.15.2}{\376\377\000G\000e\000n\000e\000r\000a\000l\000\040\000E\000x\000p\000e\000r\000i\000m\000e\000n\000t\000a\000l\000\040\000D\000e\000s\000i\000g\000n}{chapter.15}% 148
\BOOKMARK [1][-]{section.15.3}{\376\377\000H\000y\000p\000o\000t\000h\000e\000s\000i\000s\000\040\000I\000:\000\040\000P\000h\000a\000s\000e\000\040\000C\000o\000h\000e\000r\000e\000n\000c\000e\000\040\000a\000n\000d\000\040\000S\000e\000m\000a\000n\000t\000i\000c\000\040\000S\000t\000a\000b\000i\000l\000i\000t\000y}{chapter.15}% 149
\BOOKMARK [1][-]{section.15.4}{\376\377\000H\000y\000p\000o\000t\000h\000e\000s\000i\000s\000\040\000I\000I\000:\000\040\000F\000r\000e\000q\000u\000e\000n\000c\000y\000\040\000D\000r\000i\000f\000t\000\040\000a\000n\000d\000\040\000C\000o\000n\000t\000e\000x\000t\000\040\000C\000o\000l\000l\000a\000p\000s\000e}{chapter.15}% 150
\BOOKMARK [1][-]{section.15.5}{\376\377\000H\000y\000p\000o\000t\000h\000e\000s\000i\000s\000\040\000I\000I\000I\000:\000\040\000A\000d\000m\000i\000s\000s\000i\000b\000i\000l\000i\000t\000y\000\040\000a\000n\000d\000\040\000E\000r\000r\000o\000r\000\040\000P\000r\000e\000d\000i\000c\000t\000i\000o\000n}{chapter.15}% 151
\BOOKMARK [1][-]{section.15.6}{\376\377\000C\000o\000n\000t\000r\000o\000l\000\040\000E\000x\000p\000e\000r\000i\000m\000e\000n\000t\000s}{chapter.15}% 152
\BOOKMARK [1][-]{section.15.7}{\376\377\000B\000a\000s\000e\000l\000i\000n\000e\000\040\000C\000o\000m\000p\000a\000r\000i\000s\000o\000n\000s}{chapter.15}% 153
\BOOKMARK [1][-]{section.15.8}{\376\377\000F\000a\000i\000l\000u\000r\000e\000\040\000M\000o\000d\000e\000s}{chapter.15}% 154
\BOOKMARK [1][-]{section.15.9}{\376\377\000D\000i\000s\000c\000u\000s\000s\000i\000o\000n}{chapter.15}% 155
\BOOKMARK [1][-]{section.15.10}{\376\377\000C\000h\000a\000p\000t\000e\000r\000\040\000S\000u\000m\000m\000a\000r\000y}{chapter.15}% 156
\BOOKMARK [-1][-]{part.4}{\376\377\000I\000V\000\040\000S\000y\000n\000t\000h\000e\000s\000i\000s}{}% 157
\BOOKMARK [0][-]{chapter.16}{\376\377\000C\000r\000o\000s\000s\000-\000D\000i\000s\000c\000i\000p\000l\000i\000n\000a\000r\000y\000\040\000I\000n\000t\000e\000g\000r\000a\000t\000i\000o\000n\000\040\000a\000n\000d\000\040\000C\000o\000m\000p\000a\000r\000a\000t\000i\000v\000e\000\040\000L\000a\000n\000d\000s\000c\000a\000p\000e}{part.4}% 158
\BOOKMARK [1][-]{section.16.1}{\376\377\000P\000r\000e\000d\000i\000c\000t\000i\000v\000e\000\040\000P\000r\000o\000c\000e\000s\000s\000i\000n\000g\000\040\000a\000n\000d\000\040\000A\000c\000t\000i\000v\000e\000\040\000I\000n\000f\000e\000r\000e\000n\000c\000e}{chapter.16}% 159
\BOOKMARK [1][-]{section.16.2}{\376\377\000M\000e\000c\000h\000a\000n\000i\000s\000t\000i\000c\000\040\000I\000n\000t\000e\000r\000p\000r\000e\000t\000a\000b\000i\000l\000i\000t\000y}{chapter.16}% 160
\BOOKMARK [1][-]{section.16.3}{\376\377\000I\000n\000f\000o\000r\000m\000a\000t\000i\000o\000n\000\040\000G\000e\000o\000m\000e\000t\000r\000y}{chapter.16}% 161
\BOOKMARK [1][-]{section.16.4}{\376\377\000C\000a\000t\000e\000g\000o\000r\000y\000\040\000T\000h\000e\000o\000r\000y}{chapter.16}% 162
\BOOKMARK [1][-]{section.16.5}{\376\377\000F\000o\000r\000m\000a\000l\000\040\000L\000a\000n\000g\000u\000a\000g\000e\000\040\000T\000h\000e\000o\000r\000y}{chapter.16}% 163
\BOOKMARK [1][-]{section.16.6}{\376\377\000C\000l\000a\000s\000s\000i\000c\000a\000l\000\040\000S\000t\000r\000u\000c\000t\000u\000r\000a\000l\000\040\000S\000e\000m\000a\000n\000t\000i\000c\000s}{chapter.16}% 164
\BOOKMARK [1][-]{section.16.7}{\376\377\000P\000r\000o\000c\000e\000s\000s\000\040\000P\000h\000i\000l\000o\000s\000o\000p\000h\000y}{chapter.16}% 165
\BOOKMARK [1][-]{section.16.8}{\376\377\000L\000a\000r\000g\000e\000\040\000L\000a\000n\000g\000u\000a\000g\000e\000\040\000M\000o\000d\000e\000l\000s}{chapter.16}% 166
\BOOKMARK [1][-]{section.16.9}{\376\377\000S\000y\000n\000t\000h\000e\000s\000i\000s}{chapter.16}% 167
\BOOKMARK [1][-]{section.16.10}{\376\377\000C\000h\000a\000p\000t\000e\000r\000\040\000S\000u\000m\000m\000a\000r\000y}{chapter.16}% 168
\BOOKMARK [0][-]{chapter.17}{\376\377\000S\000c\000o\000p\000e\000\040\000L\000i\000m\000i\000t\000s\000,\000\040\000B\000o\000u\000n\000d\000a\000r\000y\000\040\000C\000o\000n\000d\000i\000t\000i\000o\000n\000s\000,\000\040\000a\000n\000d\000\040\000N\000o\000n\000-\000C\000l\000a\000i\000m\000s}{part.4}% 169
\BOOKMARK [1][-]{section.17.1}{\376\377\000T\000h\000e\000\040\000S\000c\000o\000p\000e\000\040\000o\000f\000\040\000S\000t\000r\000u\000c\000t\000u\000r\000a\000l\000\040\000S\000e\000m\000a\000n\000t\000i\000c\000s}{chapter.17}% 170
\BOOKMARK [1][-]{section.17.2}{\376\377\000C\000o\000n\000s\000c\000i\000o\000u\000s\000n\000e\000s\000s\000,\000\040\000T\000r\000u\000t\000h\000,\000\040\000A\000g\000e\000n\000c\000y\000,\000\040\000a\000n\000d\000\040\000E\000t\000h\000i\000c\000s}{chapter.17}% 171
\BOOKMARK [1][-]{section.17.3}{\376\377\000G\000e\000n\000e\000r\000a\000l\000\040\000I\000n\000t\000e\000l\000l\000i\000g\000e\000n\000c\000e\000\040\000a\000n\000d\000\040\000B\000i\000o\000l\000o\000g\000i\000c\000a\000l\000\040\000R\000e\000a\000l\000i\000s\000m}{chapter.17}% 172
\BOOKMARK [1][-]{section.17.4}{\376\377\000C\000o\000m\000p\000l\000e\000t\000e\000n\000e\000s\000s\000\040\000a\000n\000d\000\040\000B\000o\000u\000n\000d\000a\000r\000y\000\040\000C\000o\000n\000d\000i\000t\000i\000o\000n\000s}{chapter.17}% 173
\BOOKMARK [1][-]{section.17.5}{\376\377\000R\000e\000s\000e\000a\000r\000c\000h\000\040\000P\000r\000o\000g\000r\000a\000m\000m\000e\000\040\000V\000e\000r\000s\000u\000s\000\040\000F\000i\000n\000i\000s\000h\000e\000d\000\040\000T\000h\000e\000o\000r\000y}{chapter.17}% 174
\BOOKMARK [1][-]{section.17.6}{\376\377\000D\000i\000s\000c\000u\000s\000s\000i\000o\000n}{chapter.17}% 175
\BOOKMARK [1][-]{section.17.7}{\376\377\000C\000h\000a\000p\000t\000e\000r\000\040\000S\000u\000m\000m\000a\000r\000y}{chapter.17}% 176
\BOOKMARK [0][-]{chapter.18}{\376\377\000C\000o\000n\000c\000l\000u\000s\000i\000o\000n\000:\000\040\000T\000h\000e\000\040\000A\000r\000c\000h\000i\000t\000e\000c\000t\000u\000r\000e\000\040\000o\000f\000\040\000S\000t\000r\000u\000c\000t\000u\000r\000a\000l\000\040\000S\000e\000m\000a\000n\000t\000i\000c\000s}{part.4}% 177
\BOOKMARK [1][-]{section.18.1}{\376\377\000F\000r\000o\000m\000\040\000P\000h\000i\000l\000o\000s\000o\000p\000h\000y\000\040\000t\000o\000\040\000M\000a\000t\000h\000e\000m\000a\000t\000i\000c\000s}{chapter.18}% 178
\BOOKMARK [1][-]{section.18.2}{\376\377\000T\000h\000e\000\040\000S\000c\000o\000p\000e\000\040\000C\000a\000l\000c\000u\000l\000u\000s}{chapter.18}% 179
\BOOKMARK [1][-]{section.18.3}{\376\377\000G\000e\000o\000m\000e\000t\000r\000y\000\040\000o\000f\000\040\000S\000e\000m\000a\000n\000t\000i\000c\000\040\000O\000r\000g\000a\000n\000i\000z\000a\000t\000i\000o\000n}{chapter.18}% 180
\BOOKMARK [1][-]{section.18.4}{\376\377\000C\000o\000m\000p\000u\000t\000a\000t\000i\000o\000n\000a\000l\000\040\000R\000e\000a\000l\000i\000z\000a\000t\000i\000o\000n}{chapter.18}% 181
\BOOKMARK [1][-]{section.18.5}{\376\377\000S\000c\000i\000e\000n\000t\000i\000f\000i\000c\000\040\000S\000t\000a\000t\000u\000s}{chapter.18}% 182
\BOOKMARK [1][-]{section.18.6}{\376\377\000R\000e\000l\000a\000t\000i\000o\000n\000s\000h\000i\000p\000\040\000t\000o\000\040\000E\000x\000i\000s\000t\000i\000n\000g\000\040\000R\000e\000s\000e\000a\000r\000c\000h}{chapter.18}% 183
\BOOKMARK [1][-]{section.18.7}{\376\377\000L\000i\000m\000i\000t\000a\000t\000i\000o\000n\000s\000\040\000a\000n\000d\000\040\000F\000u\000t\000u\000r\000e\000\040\000D\000i\000r\000e\000c\000t\000i\000o\000n\000s}{chapter.18}% 184
\BOOKMARK [1][-]{section.18.8}{\376\377\000F\000i\000n\000a\000l\000\040\000R\000e\000m\000a\000r\000k\000s}{chapter.18}% 185
\BOOKMARK [0][-]{appendix.A}{\376\377\000L\000a\000m\000b\000d\000a\000\040\000C\000a\000l\000c\000u\000l\000u\000s\000\040\000a\000n\000d\000\040\000S\000c\000o\000p\000e\000\040\000C\000a\000l\000c\000u\000l\000u\000s}{part.4}% 186
\BOOKMARK [1][-]{section.A.1}{\376\377\000T\000r\000a\000n\000s\000l\000a\000t\000i\000o\000n\000\040\000o\000f\000\040\000L\000a\000m\000b\000d\000a\000\040\000T\000e\000r\000m\000s}{appendix.A}% 187
\BOOKMARK [1][-]{section.A.2}{\376\377\000T\000h\000e\000\040\000C\000o\000r\000r\000e\000s\000p\000o\000n\000d\000e\000n\000c\000e\000\040\000T\000h\000e\000o\000r\000e\000m}{appendix.A}% 188
\BOOKMARK [0][-]{appendix.B}{\376\377\000T\000h\000e\000\040\000S\000c\000o\000p\000e\000\040\000C\000a\000l\000c\000u\000l\000u\000s\000\040\000a\000s\000\040\000a\000n\000\040\000A\000b\000s\000t\000r\000a\000c\000t\000\040\000R\000e\000d\000u\000c\000t\000i\000o\000n\000\040\000S\000y\000s\000t\000e\000m}{part.4}% 189
\BOOKMARK [1][-]{section.B.1}{\376\377\000R\000e\000d\000u\000c\000t\000i\000o\000n\000\040\000S\000y\000s\000t\000e\000m\000s}{appendix.B}% 190
\BOOKMARK [1][-]{section.B.2}{\376\377\000P\000r\000i\000m\000i\000t\000i\000v\000e\000\040\000R\000e\000w\000r\000i\000t\000e\000\040\000R\000u\000l\000e\000s}{appendix.B}% 191
\BOOKMARK [1][-]{section.B.3}{\376\377\000T\000e\000r\000m\000i\000n\000a\000t\000i\000o\000n}{appendix.B}% 192
\BOOKMARK [1][-]{section.B.4}{\376\377\000C\000o\000n\000f\000l\000u\000e\000n\000c\000e\000\040\000a\000n\000d\000\040\000C\000a\000n\000o\000n\000i\000c\000a\000l\000\040\000N\000o\000r\000m\000a\000l\000\040\000F\000o\000r\000m\000s}{appendix.B}% 193
\BOOKMARK [1][-]{section.B.5}{\376\377\000C\000a\000t\000e\000g\000o\000r\000i\000c\000a\000l\000\040\000I\000n\000t\000e\000r\000p\000r\000e\000t\000a\000t\000i\000o\000n}{appendix.B}% 194
\BOOKMARK [1][-]{section.B.6}{\376\377\000D\000i\000s\000c\000u\000s\000s\000i\000o\000n}{appendix.B}% 195
\BOOKMARK [0][-]{appendix.C}{\376\377\000C\000a\000r\000t\000e\000s\000i\000a\000n\000\040\000C\000l\000o\000s\000e\000d\000\040\000C\000a\000t\000e\000g\000o\000r\000i\000e\000s\000\040\000a\000n\000d\000\040\000t\000h\000e\000\040\000S\000c\000o\000p\000e\000\040\000C\000a\000l\000c\000u\000l\000u\000s}{part.4}% 196
\BOOKMARK [1][-]{section.C.1}{\376\377\000C\000a\000r\000t\000e\000s\000i\000a\000n\000\040\000C\000l\000o\000s\000e\000d\000\040\000S\000t\000r\000u\000c\000t\000u\000r\000e}{appendix.C}% 197
\BOOKMARK [1][-]{section.C.2}{\376\377\000I\000n\000t\000e\000r\000p\000r\000e\000t\000a\000t\000i\000o\000n\000\040\000o\000f\000\040\000T\000y\000p\000e\000s\000\040\000a\000n\000d\000\040\000T\000e\000r\000m\000s}{appendix.C}% 198
\BOOKMARK [1][-]{section.C.3}{\376\377\000C\000u\000r\000r\000y\040\023\000H\000o\000w\000a\000r\000d\040\023\000L\000a\000m\000b\000e\000k\000\040\000I\000n\000t\000e\000r\000p\000r\000e\000t\000a\000t\000i\000o\000n}{appendix.C}% 199
\BOOKMARK [1][-]{section.C.4}{\376\377\000D\000i\000s\000c\000u\000s\000s\000i\000o\000n}{appendix.C}% 200
\BOOKMARK [0][-]{appendix.D}{\376\377\000H\000i\000g\000h\000e\000r\000\040\000C\000a\000t\000e\000g\000o\000r\000i\000e\000s\000,\000\040\000D\000o\000u\000b\000l\000e\000\040\000C\000a\000t\000e\000g\000o\000r\000i\000e\000s\000,\000\040\000a\000n\000d\000\040\000S\000c\000o\000p\000e\000\040\000G\000e\000o\000m\000e\000t\000r\000y}{part.4}% 201
\BOOKMARK [1][-]{section.D.1}{\376\377\000D\000o\000u\000b\000l\000e\000\040\000C\000a\000t\000e\000g\000o\000r\000i\000e\000s}{appendix.D}% 202
\BOOKMARK [1][-]{section.D.2}{\376\377\000B\000i\000c\000a\000t\000e\000g\000o\000r\000i\000c\000a\000l\000\040\000R\000e\000l\000a\000x\000a\000t\000i\000o\000n}{appendix.D}% 203
\BOOKMARK [1][-]{section.D.3}{\376\377\000C\000o\000m\000p\000u\000t\000a\000t\000i\000o\000n\000a\000l\000\040\000I\000n\000t\000e\000r\000p\000r\000e\000t\000a\000t\000i\000o\000n}{appendix.D}% 204
\BOOKMARK [1][-]{section.D.4}{\376\377\000D\000i\000s\000c\000u\000s\000s\000i\000o\000n}{appendix.D}% 205
\BOOKMARK [0][-]{appendix.E}{\376\377\000T\000o\000p\000o\000l\000o\000g\000i\000c\000a\000l\000\040\000S\000e\000m\000a\000n\000t\000i\000c\000s\000\040\000o\000f\000\040\000S\000c\000o\000p\000e\000\040\000G\000e\000o\000m\000e\000t\000r\000y}{part.4}% 206
\BOOKMARK [1][-]{section.E.1}{\376\377\000S\000c\000o\000p\000e\000\040\000S\000p\000a\000c\000e\000s}{appendix.E}% 207
\BOOKMARK [1][-]{section.E.2}{\376\377\000C\000o\000n\000t\000i\000n\000u\000i\000t\000y\000\040\000a\000n\000d\000\040\000A\000d\000m\000i\000s\000s\000i\000b\000l\000e\000\040\000M\000a\000p\000s}{appendix.E}% 208
\BOOKMARK [1][-]{section.E.3}{\376\377\000F\000i\000x\000e\000d\000\040\000P\000o\000i\000n\000t\000s\000\040\000a\000n\000d\000\040\000H\000o\000m\000o\000t\000o\000p\000y}{appendix.E}% 209
\BOOKMARK [1][-]{section.E.4}{\376\377\000D\000i\000s\000c\000u\000s\000s\000i\000o\000n}{appendix.E}% 210
\BOOKMARK [0][-]{appendix.F}{\376\377\000S\000h\000e\000a\000f\000\040\000T\000h\000e\000o\000r\000y\000\040\000a\000n\000d\000\040\000L\000o\000c\000a\000l\000-\000t\000o\000-\000G\000l\000o\000b\000a\000l\000\040\000R\000e\000c\000o\000n\000s\000t\000r\000u\000c\000t\000i\000o\000n}{part.4}% 211
\BOOKMARK [1][-]{section.F.1}{\376\377\000P\000r\000e\000s\000h\000e\000a\000v\000e\000s\000\040\000a\000n\000d\000\040\000S\000h\000e\000a\000v\000e\000s}{appendix.F}% 212
\BOOKMARK [1][-]{section.F.2}{\376\377\000R\000e\000c\000o\000n\000s\000t\000r\000u\000c\000t\000i\000o\000n\000\040\000a\000s\000\040\000G\000l\000u\000i\000n\000g}{appendix.F}% 213
\BOOKMARK [1][-]{section.F.3}{\376\377\000C\000o\000h\000o\000m\000o\000l\000o\000g\000i\000c\000a\000l\000\040\000O\000b\000s\000t\000r\000u\000c\000t\000i\000o\000n\000s}{appendix.F}% 214
\BOOKMARK [1][-]{section.F.4}{\376\377\000D\000i\000s\000c\000u\000s\000s\000i\000o\000n}{appendix.F}% 215
\BOOKMARK [0][-]{appendix.G}{\376\377\000M\000e\000a\000s\000u\000r\000e\000\040\000T\000h\000e\000o\000r\000y\000,\000\040\000E\000n\000t\000r\000o\000p\000y\000,\000\040\000a\000n\000d\000\040\000A\000d\000m\000i\000s\000s\000i\000b\000i\000l\000i\000t\000y}{part.4}% 216
\BOOKMARK [1][-]{section.G.1}{\376\377\000M\000e\000a\000s\000u\000r\000e\000s\000\040\000a\000n\000d\000\040\000A\000d\000m\000i\000s\000s\000i\000b\000i\000l\000i\000t\000y}{appendix.G}% 217
\BOOKMARK [1][-]{section.G.2}{\376\377\000E\000n\000t\000r\000o\000p\000y\000\040\000a\000n\000d\000\040\000M\000u\000t\000u\000a\000l\000\040\000I\000n\000f\000o\000r\000m\000a\000t\000i\000o\000n}{appendix.G}% 218
\BOOKMARK [1][-]{section.G.3}{\376\377\000M\000e\000a\000s\000u\000r\000e\000-\000P\000r\000e\000s\000e\000r\000v\000i\000n\000g\000\040\000D\000y\000n\000a\000m\000i\000c\000s}{appendix.G}% 219
\BOOKMARK [1][-]{section.G.4}{\376\377\000D\000i\000s\000c\000u\000s\000s\000i\000o\000n}{appendix.G}% 220
\BOOKMARK [0][-]{appendix.H}{\376\377\000N\000o\000t\000a\000t\000i\000o\000n\000\040\000a\000n\000d\000\040\000M\000a\000t\000h\000e\000m\000a\000t\000i\000c\000a\000l\000\040\000C\000o\000n\000v\000e\000n\000t\000i\000o\000n\000s}{part.4}% 221
\BOOKMARK [1][-]{section.H.1}{\376\377\000S\000c\000o\000p\000e\000\040\000C\000a\000l\000c\000u\000l\000u\000s\000\040\000\050\000C\000h\000a\000p\000t\000e\000r\000s\000\040\0001\000,\000\040\0006\040\023\0001\0000\000\051}{appendix.H}% 222
\BOOKMARK [1][-]{section.H.2}{\376\377\000W\000h\000i\000t\000e\000h\000e\000a\000d\000\040\000R\000e\000c\000o\000n\000s\000t\000r\000u\000c\000t\000i\000o\000n\000\040\000\050\000C\000h\000a\000p\000t\000e\000r\000s\000\040\0004\040\023\0005\000,\000\040\0001\0000\000\051}{appendix.H}% 223
\BOOKMARK [1][-]{section.H.3}{\376\377\000T\000r\000a\000n\000s\000f\000o\000r\000m\000e\000r\000\040\000A\000n\000a\000l\000y\000s\000i\000s\000\040\000\050\000C\000h\000a\000p\000t\000e\000r\000s\000\040\0001\0001\040\023\0001\0005\000\051}{appendix.H}% 224
\BOOKMARK [1][-]{section.H.4}{\376\377\000G\000e\000n\000e\000r\000a\000l\000\040\000C\000o\000n\000v\000e\000n\000t\000i\000o\000n\000s}{appendix.H}% 225
\BOOKMARK [0][-]{appendix.I}{\376\377\000C\000o\000l\000l\000e\000c\000t\000e\000d\000\040\000P\000r\000o\000o\000f\000s}{part.4}% 226
\BOOKMARK [1][-]{section.I.1}{\376\377\000O\000p\000e\000r\000a\000t\000i\000o\000n\000a\000l\000\040\000C\000o\000m\000p\000l\000e\000t\000e\000n\000e\000s\000s\000\040\000\050\000T\000h\000e\000o\000r\000e\000m\000\040\0007\000.\0006\000\051}{appendix.I}% 227
\BOOKMARK [1][-]{section.I.2}{\376\377\000L\000o\000c\000a\000l\000\040\000C\000o\000n\000f\000l\000u\000e\000n\000c\000e\000\040\000V\000e\000r\000i\000f\000i\000c\000a\000t\000i\000o\000n\000\040\000\050\000C\000h\000a\000p\000t\000e\000r\000\040\0007\000,\000\040\000\247\0007\000\040\000a\000n\000d\000\040\000A\000p\000p\000e\000n\000d\000i\000x\000\040\000B\000\051}{appendix.I}% 228
\BOOKMARK [1][-]{section.I.3}{\376\377\000C\000l\000o\000s\000u\000r\000e\000,\000\040\000D\000e\000c\000o\000m\000p\000o\000s\000i\000t\000i\000o\000n\000,\000\040\000a\000n\000d\000\040\000R\000e\000c\000o\000n\000s\000t\000r\000u\000c\000t\000i\000o\000n\000\040\000\050\000C\000h\000a\000p\000t\000e\000r\000\040\0009\000\051}{appendix.I}% 229
