This is XeTeX, Version 3.141592653-2.6-0.999995 (TeX Live 2023/Debian) (preloaded format=xelatex 2026.5.3)  2 AUG 2026 14:04
entering extended mode
 restricted \write18 enabled.
 %&-line parsing enabled.
**thinking-like-rust.tex
(./thinking-like-rust.tex
LaTeX2e <2023-11-01> patch level 1
L3 programming layer <2024-01-22>
(/usr/share/texlive/texmf-dist/tex/latex/base/book.cls
Document Class: book 2023/05/17 v1.4n Standard LaTeX document class
(/usr/share/texlive/texmf-dist/tex/latex/base/bk11.clo
File: bk11.clo 2023/05/17 v1.4n Standard LaTeX file (size option)
)
\c@part=\count183
\c@chapter=\count184
\c@section=\count185
\c@subsection=\count186
\c@subsubsection=\count187
\c@paragraph=\count188
\c@subparagraph=\count189
\c@figure=\count190
\c@table=\count191
\abovecaptionskip=\skip48
\belowcaptionskip=\skip49
\bibindent=\dimen140
)
(/usr/share/texlive/texmf-dist/tex/latex/fontspec/fontspec.sty
(/usr/share/texlive/texmf-dist/tex/latex/l3packages/xparse/xparse.sty
(/usr/share/texlive/texmf-dist/tex/latex/l3kernel/expl3.sty
Package: expl3 2024-01-22 L3 programming layer (loader) 

(/usr/share/texlive/texmf-dist/tex/latex/l3backend/l3backend-xetex.def
File: l3backend-xetex.def 2024-01-04 L3 backend support: XeTeX
\g__graphics_track_int=\count192
\l__pdf_internal_box=\box51
\g__pdf_backend_object_int=\count193
\g__pdf_backend_annotation_int=\count194
\g__pdf_backend_link_int=\count195
))
Package: xparse 2023-10-10 L3 Experimental document command parser
)
Package: fontspec 2022/01/15 v2.8a Font selection for XeLaTeX and LuaLaTeX

(/usr/share/texlive/texmf-dist/tex/latex/fontspec/fontspec-xetex.sty
Package: fontspec-xetex 2022/01/15 v2.8a Font selection for XeLaTeX and LuaLaTe
X
\l__fontspec_script_int=\count196
\l__fontspec_language_int=\count197
\l__fontspec_strnum_int=\count198
\l__fontspec_tmp_int=\count199
\l__fontspec_tmpa_int=\count266
\l__fontspec_tmpb_int=\count267
\l__fontspec_tmpc_int=\count268
\l__fontspec_em_int=\count269
\l__fontspec_emdef_int=\count270
\l__fontspec_strong_int=\count271
\l__fontspec_strongdef_int=\count272
\l__fontspec_tmpa_dim=\dimen141
\l__fontspec_tmpb_dim=\dimen142
\l__fontspec_tmpc_dim=\dimen143

(/usr/share/texlive/texmf-dist/tex/latex/base/fontenc.sty
Package: fontenc 2021/04/29 v2.0v Standard LaTeX package
)
(/usr/share/texlive/texmf-dist/tex/latex/fontspec/fontspec.cfg)))

Package fontspec Info: Font family 'TeXGyrePagella(0)' created for font 'TeX
(fontspec)             Gyre Pagella' with options [Ligatures=TeX].
(fontspec)              
(fontspec)              This font family consists of the following NFSS
(fontspec)             series/shapes:
(fontspec)              
(fontspec)             - 'normal' (m/n) with NFSS spec.: <->"TeX Gyre
(fontspec)             Pagella/OT:script=latn;language=dflt;mapping=tex-text;"
(fontspec)             - 'small caps'  (m/sc) with NFSS spec.: <->"TeX Gyre
(fontspec)             Pagella/OT:script=latn;language=dflt;+smcp;mapping=tex-t
ext;"
(fontspec)             - 'bold' (b/n) with NFSS spec.: <->"TeX Gyre
(fontspec)             Pagella/B/OT:script=latn;language=dflt;mapping=tex-text;
"
(fontspec)             - 'bold small caps'  (b/sc) with NFSS spec.: <->"TeX
(fontspec)             Gyre
(fontspec)             Pagella/B/OT:script=latn;language=dflt;+smcp;mapping=tex
-text;"
(fontspec)             - 'italic' (m/it) with NFSS spec.: <->"TeX Gyre
(fontspec)             Pagella/I/OT:script=latn;language=dflt;mapping=tex-text;
"
(fontspec)             - 'italic small caps'  (m/scit) with NFSS spec.:
(fontspec)             <->"TeX Gyre
(fontspec)             Pagella/I/OT:script=latn;language=dflt;+smcp;mapping=tex
-text;"
(fontspec)             - 'bold italic' (b/it) with NFSS spec.: <->"TeX Gyre
(fontspec)             Pagella/BI/OT:script=latn;language=dflt;mapping=tex-text
;"
(fontspec)             - 'bold italic small caps'  (b/scit) with NFSS spec.:
(fontspec)             <->"TeX Gyre
(fontspec)             Pagella/BI/OT:script=latn;language=dflt;+smcp;mapping=te
x-text;"


(/usr/share/texlive/texmf-dist/tex/latex/amsmath/amsmath.sty
Package: amsmath 2023/05/13 v2.17o AMS math features
\@mathmargin=\skip50

For additional information on amsmath, use the `?' option.
(/usr/share/texlive/texmf-dist/tex/latex/amsmath/amstext.sty
Package: amstext 2021/08/26 v2.01 AMS text

(/usr/share/texlive/texmf-dist/tex/latex/amsmath/amsgen.sty
File: amsgen.sty 1999/11/30 v2.0 generic functions
\@emptytoks=\toks17
\ex@=\dimen144
))
(/usr/share/texlive/texmf-dist/tex/latex/amsmath/amsbsy.sty
Package: amsbsy 1999/11/29 v1.2d Bold Symbols
\pmbraise@=\dimen145
)
(/usr/share/texlive/texmf-dist/tex/latex/amsmath/amsopn.sty
Package: amsopn 2022/04/08 v2.04 operator names
)
\inf@bad=\count273
LaTeX Info: Redefining \frac on input line 234.
\uproot@=\count274
\leftroot@=\count275
LaTeX Info: Redefining \overline on input line 399.
LaTeX Info: Redefining \colon on input line 410.
\classnum@=\count276
\DOTSCASE@=\count277
LaTeX Info: Redefining \ldots on input line 496.
LaTeX Info: Redefining \dots on input line 499.
LaTeX Info: Redefining \cdots on input line 620.
\Mathstrutbox@=\box52
\strutbox@=\box53
LaTeX Info: Redefining \big on input line 722.
LaTeX Info: Redefining \Big on input line 723.
LaTeX Info: Redefining \bigg on input line 724.
LaTeX Info: Redefining \Bigg on input line 725.
\big@size=\dimen146
LaTeX Font Info:    Redeclaring font encoding OML on input line 743.
LaTeX Font Info:    Redeclaring font encoding OMS on input line 744.
\macc@depth=\count278
LaTeX Info: Redefining \bmod on input line 905.
LaTeX Info: Redefining \pmod on input line 910.
LaTeX Info: Redefining \smash on input line 940.
LaTeX Info: Redefining \relbar on input line 970.
LaTeX Info: Redefining \Relbar on input line 971.
\c@MaxMatrixCols=\count279
\dotsspace@=\muskip16
\c@parentequation=\count280
\dspbrk@lvl=\count281
\tag@help=\toks18
\row@=\count282
\column@=\count283
\maxfields@=\count284
\andhelp@=\toks19
\eqnshift@=\dimen147
\alignsep@=\dimen148
\tagshift@=\dimen149
\tagwidth@=\dimen150
\totwidth@=\dimen151
\lineht@=\dimen152
\@envbody=\toks20
\multlinegap=\skip51
\multlinetaggap=\skip52
\mathdisplay@stack=\toks21
LaTeX Info: Redefining \[ on input line 2953.
LaTeX Info: Redefining \] on input line 2954.
)
(/usr/share/texlive/texmf-dist/tex/latex/amsfonts/amssymb.sty
Package: amssymb 2013/01/14 v3.01 AMS font symbols

(/usr/share/texlive/texmf-dist/tex/latex/amsfonts/amsfonts.sty
Package: amsfonts 2013/01/14 v3.01 Basic AMSFonts support
\symAMSa=\mathgroup4
\symAMSb=\mathgroup5
LaTeX Font Info:    Redeclaring math symbol \hbar on input line 98.
LaTeX Font Info:    Overwriting math alphabet `\mathfrak' in version `bold'
(Font)                  U/euf/m/n --> U/euf/b/n on input line 106.
))
(/usr/share/texlive/texmf-dist/tex/latex/geometry/geometry.sty
Package: geometry 2020/01/02 v5.9 Page Geometry

(/usr/share/texlive/texmf-dist/tex/latex/graphics/keyval.sty
Package: keyval 2022/05/29 v1.15 key=value parser (DPC)
\KV@toks@=\toks22
)
(/usr/share/texlive/texmf-dist/tex/generic/iftex/ifvtex.sty
Package: ifvtex 2019/10/25 v1.7 ifvtex legacy package. Use iftex instead.

(/usr/share/texlive/texmf-dist/tex/generic/iftex/iftex.sty
Package: iftex 2022/02/03 v1.0f TeX engine tests
))
\Gm@cnth=\count285
\Gm@cntv=\count286
\c@Gm@tempcnt=\count287
\Gm@bindingoffset=\dimen153
\Gm@wd@mp=\dimen154
\Gm@odd@mp=\dimen155
\Gm@even@mp=\dimen156
\Gm@layoutwidth=\dimen157
\Gm@layoutheight=\dimen158
\Gm@layouthoffset=\dimen159
\Gm@layoutvoffset=\dimen160
\Gm@dimlist=\toks23
)
(/usr/share/texlive/texmf-dist/tex/latex/listings/listings.sty
\lst@mode=\count288
\lst@gtempboxa=\box54
\lst@token=\toks24
\lst@length=\count289
\lst@currlwidth=\dimen161
\lst@column=\count290
\lst@pos=\count291
\lst@lostspace=\dimen162
\lst@width=\dimen163
\lst@newlines=\count292
\lst@lineno=\count293
\lst@maxwidth=\dimen164

(/usr/share/texlive/texmf-dist/tex/latex/listings/lstmisc.sty
File: lstmisc.sty 2023/02/27 1.9 (Carsten Heinz)
\c@lstnumber=\count294
\lst@skipnumbers=\count295
\lst@framebox=\box55
)
(/usr/share/texlive/texmf-dist/tex/latex/listings/listings.cfg
File: listings.cfg 2023/02/27 1.9 listings configuration
))
Package: listings 2023/02/27 1.9 (Carsten Heinz)

(/usr/share/texlive/texmf-dist/tex/latex/xcolor/xcolor.sty
Package: xcolor 2023/11/15 v3.01 LaTeX color extensions (UK)

(/usr/share/texlive/texmf-dist/tex/latex/graphics-cfg/color.cfg
File: color.cfg 2016/01/02 v1.6 sample color configuration
)
Package xcolor Info: Driver file: xetex.def on input line 274.

(/usr/share/texlive/texmf-dist/tex/latex/graphics-def/xetex.def
File: xetex.def 2022/09/22 v5.0n Graphics/color driver for xetex
)
(/usr/share/texlive/texmf-dist/tex/latex/graphics/mathcolor.ltx)
Package xcolor Info: Model `cmy' substituted by `cmy0' on input line 1350.
Package xcolor Info: Model `RGB' extended on input line 1366.
Package xcolor Info: Model `HTML' substituted by `rgb' on input line 1368.
Package xcolor Info: Model `Hsb' substituted by `hsb' on input line 1369.
Package xcolor Info: Model `tHsb' substituted by `hsb' on input line 1370.
Package xcolor Info: Model `HSB' substituted by `hsb' on input line 1371.
Package xcolor Info: Model `Gray' substituted by `gray' on input line 1372.
Package xcolor Info: Model `wave' substituted by `hsb' on input line 1373.
)
(/usr/share/texlive/texmf-dist/tex/latex/tcolorbox/tcolorbox.sty
Package: tcolorbox 2024/01/10 version 6.2.0 text color boxes

(/usr/share/texlive/texmf-dist/tex/latex/pgf/basiclayer/pgf.sty
(/usr/share/texlive/texmf-dist/tex/latex/pgf/utilities/pgfrcs.sty
(/usr/share/texlive/texmf-dist/tex/generic/pgf/utilities/pgfutil-common.tex
\pgfutil@everybye=\toks25
\pgfutil@tempdima=\dimen165
\pgfutil@tempdimb=\dimen166
)
(/usr/share/texlive/texmf-dist/tex/generic/pgf/utilities/pgfutil-latex.def
\pgfutil@abb=\box56
)
(/usr/share/texlive/texmf-dist/tex/generic/pgf/utilities/pgfrcs.code.tex
(/usr/share/texlive/texmf-dist/tex/generic/pgf/pgf.revision.tex)
Package: pgfrcs 2023-01-15 v3.1.10 (3.1.10)
))
Package: pgf 2023-01-15 v3.1.10 (3.1.10)

(/usr/share/texlive/texmf-dist/tex/latex/pgf/basiclayer/pgfcore.sty
(/usr/share/texlive/texmf-dist/tex/latex/graphics/graphicx.sty
Package: graphicx 2021/09/16 v1.2d Enhanced LaTeX Graphics (DPC,SPQR)

(/usr/share/texlive/texmf-dist/tex/latex/graphics/graphics.sty
Package: graphics 2022/03/10 v1.4e Standard LaTeX Graphics (DPC,SPQR)

(/usr/share/texlive/texmf-dist/tex/latex/graphics/trig.sty
Package: trig 2021/08/11 v1.11 sin cos tan (DPC)
)
(/usr/share/texlive/texmf-dist/tex/latex/graphics-cfg/graphics.cfg
File: graphics.cfg 2016/06/04 v1.11 sample graphics configuration
)
Package graphics Info: Driver file: xetex.def on input line 107.
)
\Gin@req@height=\dimen167
\Gin@req@width=\dimen168
)
(/usr/share/texlive/texmf-dist/tex/latex/pgf/systemlayer/pgfsys.sty
(/usr/share/texlive/texmf-dist/tex/generic/pgf/systemlayer/pgfsys.code.tex
Package: pgfsys 2023-01-15 v3.1.10 (3.1.10)

(/usr/share/texlive/texmf-dist/tex/generic/pgf/utilities/pgfkeys.code.tex
\pgfkeys@pathtoks=\toks26
\pgfkeys@temptoks=\toks27

(/usr/share/texlive/texmf-dist/tex/generic/pgf/utilities/pgfkeyslibraryfiltered
.code.tex
\pgfkeys@tmptoks=\toks28
))
\pgf@x=\dimen169
\pgf@y=\dimen170
\pgf@xa=\dimen171
\pgf@ya=\dimen172
\pgf@xb=\dimen173
\pgf@yb=\dimen174
\pgf@xc=\dimen175
\pgf@yc=\dimen176
\pgf@xd=\dimen177
\pgf@yd=\dimen178
\w@pgf@writea=\write3
\r@pgf@reada=\read2
\c@pgf@counta=\count296
\c@pgf@countb=\count297
\c@pgf@countc=\count298
\c@pgf@countd=\count299
\t@pgf@toka=\toks29
\t@pgf@tokb=\toks30
\t@pgf@tokc=\toks31
\pgf@sys@id@count=\count300
 (/usr/share/texlive/texmf-dist/tex/generic/pgf/systemlayer/pgf.cfg
File: pgf.cfg 2023-01-15 v3.1.10 (3.1.10)
)
Driver file for pgf: pgfsys-xetex.def
(/usr/share/texlive/texmf-dist/tex/generic/pgf/systemlayer/pgfsys-xetex.def
File: pgfsys-xetex.def 2023-01-15 v3.1.10 (3.1.10)

(/usr/share/texlive/texmf-dist/tex/generic/pgf/systemlayer/pgfsys-dvipdfmx.def
File: pgfsys-dvipdfmx.def 2023-01-15 v3.1.10 (3.1.10)

(/usr/share/texlive/texmf-dist/tex/generic/pgf/systemlayer/pgfsys-common-pdf.de
f
File: pgfsys-common-pdf.def 2023-01-15 v3.1.10 (3.1.10)
)
\pgfsys@objnum=\count301
)))
(/usr/share/texlive/texmf-dist/tex/generic/pgf/systemlayer/pgfsyssoftpath.code.
tex
File: pgfsyssoftpath.code.tex 2023-01-15 v3.1.10 (3.1.10)
\pgfsyssoftpath@smallbuffer@items=\count302
\pgfsyssoftpath@bigbuffer@items=\count303
)
(/usr/share/texlive/texmf-dist/tex/generic/pgf/systemlayer/pgfsysprotocol.code.
tex
File: pgfsysprotocol.code.tex 2023-01-15 v3.1.10 (3.1.10)
))
(/usr/share/texlive/texmf-dist/tex/generic/pgf/basiclayer/pgfcore.code.tex
Package: pgfcore 2023-01-15 v3.1.10 (3.1.10)

(/usr/share/texlive/texmf-dist/tex/generic/pgf/math/pgfmath.code.tex
(/usr/share/texlive/texmf-dist/tex/generic/pgf/math/pgfmathutil.code.tex)
(/usr/share/texlive/texmf-dist/tex/generic/pgf/math/pgfmathparser.code.tex
\pgfmath@dimen=\dimen179
\pgfmath@count=\count304
\pgfmath@box=\box57
\pgfmath@toks=\toks32
\pgfmath@stack@operand=\toks33
\pgfmath@stack@operation=\toks34
)
(/usr/share/texlive/texmf-dist/tex/generic/pgf/math/pgfmathfunctions.code.tex)
(/usr/share/texlive/texmf-dist/tex/generic/pgf/math/pgfmathfunctions.basic.code
.tex)
(/usr/share/texlive/texmf-dist/tex/generic/pgf/math/pgfmathfunctions.trigonomet
ric.code.tex)
(/usr/share/texlive/texmf-dist/tex/generic/pgf/math/pgfmathfunctions.random.cod
e.tex)
(/usr/share/texlive/texmf-dist/tex/generic/pgf/math/pgfmathfunctions.comparison
.code.tex)
(/usr/share/texlive/texmf-dist/tex/generic/pgf/math/pgfmathfunctions.base.code.
tex)
(/usr/share/texlive/texmf-dist/tex/generic/pgf/math/pgfmathfunctions.round.code
.tex)
(/usr/share/texlive/texmf-dist/tex/generic/pgf/math/pgfmathfunctions.misc.code.
tex)
(/usr/share/texlive/texmf-dist/tex/generic/pgf/math/pgfmathfunctions.integerari
thmetics.code.tex)
(/usr/share/texlive/texmf-dist/tex/generic/pgf/math/pgfmathcalc.code.tex)
(/usr/share/texlive/texmf-dist/tex/generic/pgf/math/pgfmathfloat.code.tex
\c@pgfmathroundto@lastzeros=\count305
))
(/usr/share/texlive/texmf-dist/tex/generic/pgf/math/pgfint.code.tex)
(/usr/share/texlive/texmf-dist/tex/generic/pgf/basiclayer/pgfcorepoints.code.te
x
File: pgfcorepoints.code.tex 2023-01-15 v3.1.10 (3.1.10)
\pgf@picminx=\dimen180
\pgf@picmaxx=\dimen181
\pgf@picminy=\dimen182
\pgf@picmaxy=\dimen183
\pgf@pathminx=\dimen184
\pgf@pathmaxx=\dimen185
\pgf@pathminy=\dimen186
\pgf@pathmaxy=\dimen187
\pgf@xx=\dimen188
\pgf@xy=\dimen189
\pgf@yx=\dimen190
\pgf@yy=\dimen191
\pgf@zx=\dimen192
\pgf@zy=\dimen193
)
(/usr/share/texlive/texmf-dist/tex/generic/pgf/basiclayer/pgfcorepathconstruct.
code.tex
File: pgfcorepathconstruct.code.tex 2023-01-15 v3.1.10 (3.1.10)
\pgf@path@lastx=\dimen194
\pgf@path@lasty=\dimen195
)
(/usr/share/texlive/texmf-dist/tex/generic/pgf/basiclayer/pgfcorepathusage.code
.tex
File: pgfcorepathusage.code.tex 2023-01-15 v3.1.10 (3.1.10)
\pgf@shorten@end@additional=\dimen196
\pgf@shorten@start@additional=\dimen197
)
(/usr/share/texlive/texmf-dist/tex/generic/pgf/basiclayer/pgfcorescopes.code.te
x
File: pgfcorescopes.code.tex 2023-01-15 v3.1.10 (3.1.10)
\pgfpic=\box58
\pgf@hbox=\box59
\pgf@layerbox@main=\box60
\pgf@picture@serial@count=\count306
)
(/usr/share/texlive/texmf-dist/tex/generic/pgf/basiclayer/pgfcoregraphicstate.c
ode.tex
File: pgfcoregraphicstate.code.tex 2023-01-15 v3.1.10 (3.1.10)
\pgflinewidth=\dimen198
)
(/usr/share/texlive/texmf-dist/tex/generic/pgf/basiclayer/pgfcoretransformation
s.code.tex
File: pgfcoretransformations.code.tex 2023-01-15 v3.1.10 (3.1.10)
\pgf@pt@x=\dimen199
\pgf@pt@y=\dimen256
\pgf@pt@temp=\dimen257
)
(/usr/share/texlive/texmf-dist/tex/generic/pgf/basiclayer/pgfcorequick.code.tex
File: pgfcorequick.code.tex 2023-01-15 v3.1.10 (3.1.10)
)
(/usr/share/texlive/texmf-dist/tex/generic/pgf/basiclayer/pgfcoreobjects.code.t
ex
File: pgfcoreobjects.code.tex 2023-01-15 v3.1.10 (3.1.10)
)
(/usr/share/texlive/texmf-dist/tex/generic/pgf/basiclayer/pgfcorepathprocessing
.code.tex
File: pgfcorepathprocessing.code.tex 2023-01-15 v3.1.10 (3.1.10)
)
(/usr/share/texlive/texmf-dist/tex/generic/pgf/basiclayer/pgfcorearrows.code.te
x
File: pgfcorearrows.code.tex 2023-01-15 v3.1.10 (3.1.10)
\pgfarrowsep=\dimen258
)
(/usr/share/texlive/texmf-dist/tex/generic/pgf/basiclayer/pgfcoreshade.code.tex
File: pgfcoreshade.code.tex 2023-01-15 v3.1.10 (3.1.10)
\pgf@max=\dimen259
\pgf@sys@shading@range@num=\count307
\pgf@shadingcount=\count308
)
(/usr/share/texlive/texmf-dist/tex/generic/pgf/basiclayer/pgfcoreimage.code.tex
File: pgfcoreimage.code.tex 2023-01-15 v3.1.10 (3.1.10)
)
(/usr/share/texlive/texmf-dist/tex/generic/pgf/basiclayer/pgfcoreexternal.code.
tex
File: pgfcoreexternal.code.tex 2023-01-15 v3.1.10 (3.1.10)
\pgfexternal@startupbox=\box61
)
(/usr/share/texlive/texmf-dist/tex/generic/pgf/basiclayer/pgfcorelayers.code.te
x
File: pgfcorelayers.code.tex 2023-01-15 v3.1.10 (3.1.10)
)
(/usr/share/texlive/texmf-dist/tex/generic/pgf/basiclayer/pgfcoretransparency.c
ode.tex
File: pgfcoretransparency.code.tex 2023-01-15 v3.1.10 (3.1.10)
)
(/usr/share/texlive/texmf-dist/tex/generic/pgf/basiclayer/pgfcorepatterns.code.
tex
File: pgfcorepatterns.code.tex 2023-01-15 v3.1.10 (3.1.10)
)
(/usr/share/texlive/texmf-dist/tex/generic/pgf/basiclayer/pgfcorerdf.code.tex
File: pgfcorerdf.code.tex 2023-01-15 v3.1.10 (3.1.10)
)))
(/usr/share/texlive/texmf-dist/tex/generic/pgf/modules/pgfmoduleshapes.code.tex
File: pgfmoduleshapes.code.tex 2023-01-15 v3.1.10 (3.1.10)
\pgfnodeparttextbox=\box62
) (/usr/share/texlive/texmf-dist/tex/generic/pgf/modules/pgfmoduleplot.code.tex
File: pgfmoduleplot.code.tex 2023-01-15 v3.1.10 (3.1.10)
)
(/usr/share/texlive/texmf-dist/tex/latex/pgf/compatibility/pgfcomp-version-0-65
.sty
Package: pgfcomp-version-0-65 2023-01-15 v3.1.10 (3.1.10)
\pgf@nodesepstart=\dimen260
\pgf@nodesepend=\dimen261
)
(/usr/share/texlive/texmf-dist/tex/latex/pgf/compatibility/pgfcomp-version-1-18
.sty
Package: pgfcomp-version-1-18 2023-01-15 v3.1.10 (3.1.10)
)) (/usr/share/texlive/texmf-dist/tex/latex/tools/verbatim.sty
Package: verbatim 2023-11-06 v1.5v LaTeX2e package for verbatim enhancements
\every@verbatim=\toks35
\verbatim@line=\toks36
\verbatim@in@stream=\read3
)
(/usr/share/texlive/texmf-dist/tex/latex/environ/environ.sty
Package: environ 2014/05/04 v0.3 A new way to define environments

(/usr/share/texlive/texmf-dist/tex/latex/trimspaces/trimspaces.sty
Package: trimspaces 2009/09/17 v1.1 Trim spaces around a token list
))
(/usr/share/texlive/texmf-dist/tex/latex/etoolbox/etoolbox.sty
Package: etoolbox 2020/10/05 v2.5k e-TeX tools for LaTeX (JAW)
\etb@tempcnta=\count309
)
\tcb@titlebox=\box63
\tcb@upperbox=\box64
\tcb@lowerbox=\box65
\tcb@phantombox=\box66
\c@tcbbreakpart=\count310
\c@tcblayer=\count311
\c@tcolorbox@number=\count312
\l__tcobox_tmpa_box=\box67
\l__tcobox_tmpa_dim=\dimen262
\tcb@temp=\box68
\tcb@temp=\box69
\tcb@temp=\box70
\tcb@temp=\box71
)
(/usr/share/texlive/texmf-dist/tex/latex/hyperref/hyperref.sty
Package: hyperref 2024-01-20 v7.01h Hypertext links for LaTeX

(/usr/share/texlive/texmf-dist/tex/latex/kvsetkeys/kvsetkeys.sty
Package: kvsetkeys 2022-10-05 v1.19 Key value parser (HO)
)
(/usr/share/texlive/texmf-dist/tex/generic/kvdefinekeys/kvdefinekeys.sty
Package: kvdefinekeys 2019-12-19 v1.6 Define keys (HO)
)
(/usr/share/texlive/texmf-dist/tex/generic/pdfescape/pdfescape.sty
Package: pdfescape 2019/12/09 v1.15 Implements pdfTeX's escape features (HO)

(/usr/share/texlive/texmf-dist/tex/generic/ltxcmds/ltxcmds.sty
Package: ltxcmds 2023-12-04 v1.26 LaTeX kernel commands for general use (HO)
)
(/usr/share/texlive/texmf-dist/tex/generic/pdftexcmds/pdftexcmds.sty
Package: pdftexcmds 2020-06-27 v0.33 Utility functions of pdfTeX for LuaTeX (HO
)

(/usr/share/texlive/texmf-dist/tex/generic/infwarerr/infwarerr.sty
Package: infwarerr 2019/12/03 v1.5 Providing info/warning/error messages (HO)
)
Package pdftexcmds Info: \pdf@primitive is available.
Package pdftexcmds Info: \pdf@ifprimitive is available.
Package pdftexcmds Info: \pdfdraftmode not found.
))
(/usr/share/texlive/texmf-dist/tex/latex/hycolor/hycolor.sty
Package: hycolor 2020-01-27 v1.10 Color options for hyperref/bookmark (HO)
)
(/usr/share/texlive/texmf-dist/tex/latex/auxhook/auxhook.sty
Package: auxhook 2019-12-17 v1.6 Hooks for auxiliary files (HO)
)
(/usr/share/texlive/texmf-dist/tex/latex/hyperref/nameref.sty
Package: nameref 2023-11-26 v2.56 Cross-referencing by name of section

(/usr/share/texlive/texmf-dist/tex/latex/refcount/refcount.sty
Package: refcount 2019/12/15 v3.6 Data extraction from label references (HO)
)
(/usr/share/texlive/texmf-dist/tex/generic/gettitlestring/gettitlestring.sty
Package: gettitlestring 2019/12/15 v1.6 Cleanup title references (HO)

(/usr/share/texlive/texmf-dist/tex/latex/kvoptions/kvoptions.sty
Package: kvoptions 2022-06-15 v3.15 Key value format for package options (HO)
))
\c@section@level=\count313
)
\@linkdim=\dimen263
\Hy@linkcounter=\count314
\Hy@pagecounter=\count315

(/usr/share/texlive/texmf-dist/tex/latex/hyperref/pd1enc.def
File: pd1enc.def 2024-01-20 v7.01h Hyperref: PDFDocEncoding definition (HO)
)
(/usr/share/texlive/texmf-dist/tex/generic/intcalc/intcalc.sty
Package: intcalc 2019/12/15 v1.3 Expandable calculations with integers (HO)
)
\Hy@SavedSpaceFactor=\count316

(/usr/share/texlive/texmf-dist/tex/latex/hyperref/puenc.def
File: puenc.def 2024-01-20 v7.01h Hyperref: PDF Unicode definition (HO)
)
Package hyperref Info: Hyper figures OFF on input line 4179.
Package hyperref Info: Link nesting OFF on input line 4184.
Package hyperref Info: Hyper index ON on input line 4187.
Package hyperref Info: Plain pages OFF on input line 4194.
Package hyperref Info: Backreferencing OFF on input line 4199.
Package hyperref Info: Implicit mode ON; LaTeX internals redefined.
Package hyperref Info: Bookmarks ON on input line 4446.
\c@Hy@tempcnt=\count317

(/usr/share/texlive/texmf-dist/tex/latex/url/url.sty
\Urlmuskip=\muskip17
Package: url 2013/09/16  ver 3.4  Verb mode for urls, etc.
)
LaTeX Info: Redefining \url on input line 4784.
\XeTeXLinkMargin=\dimen264

(/usr/share/texlive/texmf-dist/tex/generic/bitset/bitset.sty
Package: bitset 2019/12/09 v1.3 Handle bit-vector datatype (HO)

(/usr/share/texlive/texmf-dist/tex/generic/bigintcalc/bigintcalc.sty
Package: bigintcalc 2019/12/15 v1.5 Expandable calculations on big integers (HO
)
))
\Fld@menulength=\count318
\Field@Width=\dimen265
\Fld@charsize=\dimen266
Package hyperref Info: Hyper figures OFF on input line 6063.
Package hyperref Info: Link nesting OFF on input line 6068.
Package hyperref Info: Hyper index ON on input line 6071.
Package hyperref Info: backreferencing OFF on input line 6078.
Package hyperref Info: Link coloring OFF on input line 6083.
Package hyperref Info: Link coloring with OCG OFF on input line 6088.
Package hyperref Info: PDF/A mode OFF on input line 6093.

(/usr/share/texlive/texmf-dist/tex/latex/base/atbegshi-ltx.sty
Package: atbegshi-ltx 2021/01/10 v1.0c Emulation of the original atbegshi
package with kernel methods
)
\Hy@abspage=\count319
\c@Item=\count320
\c@Hfootnote=\count321
)
Package hyperref Info: Driver (autodetected): hxetex.

(/usr/share/texlive/texmf-dist/tex/latex/hyperref/hxetex.def
File: hxetex.def 2024-01-20 v7.01h Hyperref driver for XeTeX

(/usr/share/texlive/texmf-dist/tex/generic/stringenc/stringenc.sty
Package: stringenc 2019/11/29 v1.12 Convert strings between diff. encodings (HO
)
)
\pdfm@box=\box72
\c@Hy@AnnotLevel=\count322
\HyField@AnnotCount=\count323
\Fld@listcount=\count324
\c@bookmark@seq@number=\count325

(/usr/share/texlive/texmf-dist/tex/latex/rerunfilecheck/rerunfilecheck.sty
Package: rerunfilecheck 2022-07-10 v1.10 Rerun checks for auxiliary files (HO)

(/usr/share/texlive/texmf-dist/tex/latex/base/atveryend-ltx.sty
Package: atveryend-ltx 2020/08/19 v1.0a Emulation of the original atveryend pac
kage
with kernel methods
)
(/usr/share/texlive/texmf-dist/tex/generic/uniquecounter/uniquecounter.sty
Package: uniquecounter 2019/12/15 v1.4 Provide unlimited unique counter (HO)
)
Package uniquecounter Info: New unique counter `rerunfilecheck' on input line 2
85.
)
\Hy@SectionHShift=\skip53
)
(/usr/share/texlive/texmf-dist/tex/latex/titlesec/titletoc.sty
Package: titletoc 2023/10/27 v2.16 TOC entries
\ttl@leftsep=\dimen267
)
(/usr/share/texlive/texmf-dist/tex/latex/booktabs/booktabs.sty
Package: booktabs 2020/01/12 v1.61803398 Publication quality tables
\heavyrulewidth=\dimen268
\lightrulewidth=\dimen269
\cmidrulewidth=\dimen270
\belowrulesep=\dimen271
\belowbottomsep=\dimen272
\aboverulesep=\dimen273
\abovetopsep=\dimen274
\cmidrulesep=\dimen275
\cmidrulekern=\dimen276
\defaultaddspace=\dimen277
\@cmidla=\count326
\@cmidlb=\count327
\@aboverulesep=\dimen278
\@belowrulesep=\dimen279
\@thisruleclass=\count328
\@lastruleclass=\count329
\@thisrulewidth=\dimen280
)
(./thinking-like-rust.aux)
\openout1 = `thinking-like-rust.aux'.

LaTeX Font Info:    Checking defaults for OML/cmm/m/it on input line 33.
LaTeX Font Info:    ... okay on input line 33.
LaTeX Font Info:    Checking defaults for OMS/cmsy/m/n on input line 33.
LaTeX Font Info:    ... okay on input line 33.
LaTeX Font Info:    Checking defaults for OT1/cmr/m/n on input line 33.
LaTeX Font Info:    ... okay on input line 33.
LaTeX Font Info:    Checking defaults for T1/cmr/m/n on input line 33.
LaTeX Font Info:    ... okay on input line 33.
LaTeX Font Info:    Checking defaults for TS1/cmr/m/n on input line 33.
LaTeX Font Info:    Trying to load font information for TS1+cmr on input line 3
3.

(/usr/share/texlive/texmf-dist/tex/latex/base/ts1cmr.fd
File: ts1cmr.fd 2023/04/13 v2.5m Standard LaTeX font definitions
)
LaTeX Font Info:    ... okay on input line 33.
LaTeX Font Info:    Checking defaults for TU/lmr/m/n on input line 33.
LaTeX Font Info:    ... okay on input line 33.
LaTeX Font Info:    Checking defaults for OMX/cmex/m/n on input line 33.
LaTeX Font Info:    ... okay on input line 33.
LaTeX Font Info:    Checking defaults for U/cmr/m/n on input line 33.
LaTeX Font Info:    ... okay on input line 33.
LaTeX Font Info:    Checking defaults for PD1/pdf/m/n on input line 33.
LaTeX Font Info:    ... okay on input line 33.
LaTeX Font Info:    Checking defaults for PU/pdf/m/n on input line 33.
LaTeX Font Info:    ... okay on input line 33.

Package fontspec Info: Adjusting the maths setup (use [no-math] to avoid
(fontspec)             this).

\symlegacymaths=\mathgroup6
LaTeX Font Info:    Overwriting symbol font `legacymaths' in version `bold'
(Font)                  OT1/cmr/m/n --> OT1/cmr/bx/n on input line 33.
LaTeX Font Info:    Redeclaring math accent \acute on input line 33.
LaTeX Font Info:    Redeclaring math accent \grave on input line 33.
LaTeX Font Info:    Redeclaring math accent \ddot on input line 33.
LaTeX Font Info:    Redeclaring math accent \tilde on input line 33.
LaTeX Font Info:    Redeclaring math accent \bar on input line 33.
LaTeX Font Info:    Redeclaring math accent \breve on input line 33.
LaTeX Font Info:    Redeclaring math accent \check on input line 33.
LaTeX Font Info:    Redeclaring math accent \hat on input line 33.
LaTeX Font Info:    Redeclaring math accent \dot on input line 33.
LaTeX Font Info:    Redeclaring math accent \mathring on input line 33.
LaTeX Font Info:    Redeclaring math symbol \Gamma on input line 33.
LaTeX Font Info:    Redeclaring math symbol \Delta on input line 33.
LaTeX Font Info:    Redeclaring math symbol \Theta on input line 33.
LaTeX Font Info:    Redeclaring math symbol \Lambda on input line 33.
LaTeX Font Info:    Redeclaring math symbol \Xi on input line 33.
LaTeX Font Info:    Redeclaring math symbol \Pi on input line 33.
LaTeX Font Info:    Redeclaring math symbol \Sigma on input line 33.
LaTeX Font Info:    Redeclaring math symbol \Upsilon on input line 33.
LaTeX Font Info:    Redeclaring math symbol \Phi on input line 33.
LaTeX Font Info:    Redeclaring math symbol \Psi on input line 33.
LaTeX Font Info:    Redeclaring math symbol \Omega on input line 33.
LaTeX Font Info:    Redeclaring math symbol \mathdollar on input line 33.
LaTeX Font Info:    Redeclaring symbol font `operators' on input line 33.
LaTeX Font Info:    Encoding `OT1' has changed to `TU' for symbol font
(Font)              `operators' in the math version `normal' on input line 33.
LaTeX Font Info:    Overwriting symbol font `operators' in version `normal'
(Font)                  OT1/cmr/m/n --> TU/TeXGyrePagella(0)/m/n on input line 
33.
LaTeX Font Info:    Encoding `OT1' has changed to `TU' for symbol font
(Font)              `operators' in the math version `bold' on input line 33.
LaTeX Font Info:    Overwriting symbol font `operators' in version `bold'
(Font)                  OT1/cmr/bx/n --> TU/TeXGyrePagella(0)/m/n on input line
 33.
LaTeX Font Info:    Overwriting symbol font `operators' in version `normal'
(Font)                  TU/TeXGyrePagella(0)/m/n --> TU/TeXGyrePagella(0)/m/n o
n input line 33.
LaTeX Font Info:    Overwriting math alphabet `\mathit' in version `normal'
(Font)                  OT1/cmr/m/it --> TU/TeXGyrePagella(0)/m/it on input lin
e 33.
LaTeX Font Info:    Overwriting math alphabet `\mathbf' in version `normal'
(Font)                  OT1/cmr/bx/n --> TU/TeXGyrePagella(0)/b/n on input line
 33.
LaTeX Font Info:    Overwriting math alphabet `\mathsf' in version `normal'
(Font)                  OT1/cmss/m/n --> TU/lmss/m/n on input line 33.
LaTeX Font Info:    Overwriting math alphabet `\mathtt' in version `normal'
(Font)                  OT1/cmtt/m/n --> TU/lmtt/m/n on input line 33.
LaTeX Font Info:    Overwriting symbol font `operators' in version `bold'
(Font)                  TU/TeXGyrePagella(0)/m/n --> TU/TeXGyrePagella(0)/b/n o
n input line 33.
LaTeX Font Info:    Overwriting math alphabet `\mathit' in version `bold'
(Font)                  OT1/cmr/bx/it --> TU/TeXGyrePagella(0)/b/it on input li
ne 33.
LaTeX Font Info:    Overwriting math alphabet `\mathsf' in version `bold'
(Font)                  OT1/cmss/bx/n --> TU/lmss/b/n on input line 33.
LaTeX Font Info:    Overwriting math alphabet `\mathtt' in version `bold'
(Font)                  OT1/cmtt/m/n --> TU/lmtt/b/n on input line 33.

*geometry* driver: auto-detecting
*geometry* detected driver: xetex
*geometry* verbose mode - [ preamble ] result:
* driver: xetex
* paper: <default>
* layout: <same size as paper>
* layoutoffset:(h,v)=(0.0pt,0.0pt)
* modes: twoside 
* h-part:(L,W,R)=(83.11005pt, 448.0749pt, 83.11005pt)
* v-part:(T,H,B)=(83.11005pt, 628.7499pt, 83.11005pt)
* \paperwidth=614.295pt
* \paperheight=794.96999pt
* \textwidth=448.0749pt
* \textheight=628.7499pt
* \oddsidemargin=10.84006pt
* \evensidemargin=10.84006pt
* \topmargin=-21.03374pt
* \headheight=12.0pt
* \headsep=19.8738pt
* \topskip=11.0pt
* \footskip=27.46295pt
* \marginparwidth=116.0pt
* \marginparsep=7.0pt
* \columnsep=10.0pt
* \skip\footins=10.0pt plus 4.0pt minus 2.0pt
* \hoffset=0.0pt
* \voffset=0.0pt
* \mag=1000
* \@twocolumnfalse
* \@twosidetrue
* \@mparswitchtrue
* \@reversemarginfalse
* (1in=72.27pt=25.4mm, 1cm=28.453pt)

\c@lstlisting=\count330
Package hyperref Info: Link coloring OFF on input line 33.
(./thinking-like-rust.out) (./thinking-like-rust.out)
\@outlinefile=\write4
\openout4 = `thinking-like-rust.out'.

LaTeX Font Info:    Trying to load font information for U+msa on input line 36.


(/usr/share/texlive/texmf-dist/tex/latex/amsfonts/umsa.fd
File: umsa.fd 2013/01/14 v3.01 AMS symbols A
)
LaTeX Font Info:    Trying to load font information for U+msb on input line 36.


(/usr/share/texlive/texmf-dist/tex/latex/amsfonts/umsb.fd
File: umsb.fd 2013/01/14 v3.01 AMS symbols B
) [1


]
LaTeX Font Info:    Font shape `TU/TeXGyrePagella(0)/m/sl' in size <10.95> not 
available
(Font)              Font shape `TU/TeXGyrePagella(0)/m/it' tried instead on inp
ut line 37.
 [2

] [3] [4]
[5] [6


] (./thinking-like-rust.toc [7] [8])
\tf@toc=\write5
\openout5 = `thinking-like-rust.toc'.

 [9] [10


]
LaTeX Font Info:    Font shape `TU/lmtt/bx/n' in size <12> not available
(Font)              Font shape `TU/lmtt/b/n' tried instead on input line 75.
LaTeX Font Info:    Font shape `TU/lmtt/bx/n' in size <10> not available
(Font)              Font shape `TU/lmtt/b/n' tried instead on input line 80.
 [11] [12] [13


] [14]
[15] [16


] [17] [18] [19


] [20] [21


] [22]
Overfull \hbox (12.0962pt too wide) in paragraph at lines 387--387
[][]\TU/TeXGyrePagella(0)/b/n/14.4 1.6 Interpretation Exercise: When Two Implem
entations Are Not Equiv-
 []

[23]
Overfull \hbox (4.07544pt too wide) in paragraph at lines 410--410
[][]\TU/TeXGyrePagella(0)/b/n/14.4 1.7 Connections: Why This Framing Matters Be
fore Rust-Specific Con-
 []


Underfull \vbox (badness 10000) has occurred while \output is active []

 [24]
[25] [26


] [27] [28]
Overfull \hbox (10.9202pt too wide) in paragraph at lines 463--463
[][]\TU/TeXGyrePagella(0)/b/n/14.4 2.5 Worked Example: Composing Two Referentia
lly Transparent Stages 
 []


Overfull \hbox (9.38524pt too wide) in paragraph at lines 479--480
[]\TU/lmtt/m/n/10.95 checkout_total \TU/TeXGyrePagella(0)/m/n/10.95 can be unde
rstood entirely from the declared signatures of \TU/lmtt/m/n/10.95 apply_discou
nt
 []

[29] [30]
Overfull \hbox (10.35837pt too wide) detected at line 518
[]  \OMS/cmsy/m/n/10.95 !  []  !  []  !  []\OML/cmm/m/it/10.95 :
 []


Overfull \hbox (4.62738pt too wide) in paragraph at lines 518--520
\TU/lmtt/m/n/10.95 apply_tax \TU/TeXGyrePagella(0)/m/n/10.95 in Section 2.5: th
e connection could only reach “trusted” by actually passing through
 []


Underfull \vbox (badness 10000) has occurred while \output is active []

 [31]
[32] [33


] [34] [35] [36] [37


]
Underfull \vbox (badness 3439) has occurred while \output is active []

 [38]
Overfull \hbox (17.68214pt too wide) in paragraph at lines 664--665
\TU/TeXGyrePagella(0)/m/n/10.95 Consider a function whose signature is \TU/lmtt
/m/n/10.95 fn total(v: &Vec<i32>) -> i32\TU/TeXGyrePagella(0)/m/n/10.95 . To de
termine whether
 []

[39] [40]
Underfull \vbox (badness 1783) has occurred while \output is active []

 [41]
[42] [43


] [44


] [45] [46]
Overfull \hbox (0.749pt too wide) in paragraph at lines 759--759
[][]\TU/TeXGyrePagella(0)/b/n/14.4 5.1 Why Memory Management Is Fundamentally a
 Reachability Prob-
 []

[47


] [48] [49] [50] [51] [52] [53] [54] [55] [56] [57] [58] [59


] [60


] [61]
[62] [63


] [64]
Overfull \hbox (2.2226pt too wide) in paragraph at lines 1114--1114
[][]\TU/TeXGyrePagella(0)/b/n/14.4 6.5 Worked Example: Encoding a Narrower Stat
e Space Than the Prod-
 []

[65] [66]
Overfull \hbox (3.81143pt too wide) in paragraph at lines 1202--1202
[][]\TU/TeXGyrePagella(0)/b/n/14.4 6.7 Connections: Structs as the First of Sev
eral Shape-Declaring Mech-
 []

[67] [68] [69


] [70] [71]
Overfull \hbox (12.629pt too wide) in paragraph at lines 1303--1303
[][]\TU/TeXGyrePagella(0)/b/n/14.4 7.6 Interpretation Exercise: Which Possibili
ties Did the Catch-All Hide? 
 []

[72] [73] [74


] [75] [76] [77]
Overfull \hbox (3.26782pt too wide) in paragraph at lines 1438--1438
[][]\TU/TeXGyrePagella(0)/b/n/14.4 8.6 Interpretation Exercise: A Reconstructio
n That Assumes Too Much 
 []

[78]
Overfull \hbox (4.26114pt too wide) in paragraph at lines 1475--1476
\TU/TeXGyrePagella(0)/m/n/10.95 makes it trustworthy, reappears throughout the 
rest of this book under different names. \TU/lmtt/m/n/10.95 Option\TU/TeXGyrePa
gella(0)/m/n/10.95 ,
 []


Underfull \vbox (badness 1348) has occurred while \output is active []

 [79]
[80] [81


]
Overfull \hbox (45.20546pt too wide) in paragraph at lines 1514--1515
[]\TU/TeXGyrePagella(0)/m/n/10.95 Each function is fine in isolation; the failu
re is systemic. A bug fixed in \TU/lmtt/m/n/10.95 print_circle_description\TU/T
eXGyrePagella(0)/m/n/10.95 ’s
 []

[82] [83]
Overfull \hbox (18.13234pt too wide) in paragraph at lines 1583--1584
\TU/TeXGyrePagella(0)/m/n/10.95 cepts \TU/lmtt/m/n/10.95 Triangle \TU/TeXGyrePa
gella(0)/m/n/10.95 without modification, because \TU/lmtt/m/n/10.95 Triangle\TU
/TeXGyrePagella(0)/m/n/10.95 ’s only obligation was to honor \TU/lmtt/m/n/10.95
 Describe\TU/TeXGyrePagella(0)/m/n/10.95 ’s
 []

[84] [85] [86] [87


] [88] [89] [90]
Overfull \hbox (23.61829pt too wide) in paragraph at lines 1744--1745
\TU/TeXGyrePagella(0)/m/n/10.95 bounded only by Chapter 9’s \TU/lmtt/m/n/10.95 
Searchable \TU/TeXGyrePagella(0)/m/n/10.95 contract, in exactly Section 10.3’s 
parametric-admissibility
 []

[91] [92]
Underfull \vbox (badness 7012) has occurred while \output is active []

 [93


]
[94] [95]
Overfull \hbox (18.76259pt too wide) in paragraph at lines 1870--1871
\TU/TeXGyrePagella(0)/m/it/10.95 grammer that a base-class hierarchy would have
 hidden? \TU/TeXGyrePagella(0)/m/n/10.95 Under single inheritance, if \TU/lmtt/
m/n/10.95 ImmersionBlender
 []


Underfull \vbox (badness 10000) has occurred while \output is active []

 [96]
[97] [98


] [99


] [100] [101


]
Overfull \hbox (29.9944pt too wide) in paragraph at lines 1946--1947
[]\TU/TeXGyrePagella(0)/m/n/10.95 Rust’s type system does not, by itself, preve
nt this kind of dishonest signature; \TU/lmtt/m/n/10.95 fn first_char(s:
 []

[102] [103]
Underfull \vbox (badness 5331) has occurred while \output is active []

 [104]
[105] [106


] [107] [108] [109] [110]
Underfull \vbox (badness 10000) has occurred while \output is active []

 [111


]
[112]
LaTeX Font Info:    Font shape `TU/lmtt/bx/n' in size <14.4> not available
(Font)              Font shape `TU/lmtt/b/n' tried instead on input line 2138.

Overfull \hbox (2.452pt too wide) in paragraph at lines 2150--2151
\TU/TeXGyrePagella(0)/m/n/10.95 some generic error; if the read fails, the \TU/
lmtt/m/n/10.95 ? \TU/TeXGyrePagella(0)/m/n/10.95 operator returns immediately f
rom \TU/lmtt/m/n/10.95 read_first_line\TU/TeXGyrePagella(0)/m/n/10.95 ,
 []

[113] [114]
Overfull \hbox (0.87343pt too wide) in paragraph at lines 2217--2218
[]\TU/TeXGyrePagella(0)/m/n/10.95 This chapter’s argument has a considerably hi
gher-stakes analogue outside software, worth
 []


Overfull \hbox (1.08682pt too wide) in paragraph at lines 2217--2218
\TU/TeXGyrePagella(0)/m/n/10.95 the professional-managerial class describes a p
attern of institutional abstraction in which struc-
 []


Overfull \hbox (4.5434pt too wide) in paragraph at lines 2217--2218
\TU/TeXGyrePagella(0)/m/n/10.95 tural and economic consequences are treated as 
someone else’s department, formally accounted
 []

[115] [116]
Underfull \vbox (badness 7012) has occurred while \output is active []

 [117


]
Overfull \hbox (6.4226pt too wide) in paragraph at lines 2248--2248
[][]\TU/TeXGyrePagella(0)/b/n/14.4 15.3 Formal Definition: The Admissible Manif
old and Departure From
 []

[118]
Overfull \hbox (0.33499pt too wide) in paragraph at lines 2266--2267
\TU/TeXGyrePagella(0)/m/n/10.95 claimed domain, any \TU/lmtt/m/n/10.95 usize\TU
/TeXGyrePagella(0)/m/n/10.95 , is broader than its honest domain, indices less 
than \TU/lmtt/m/n/10.95 values.len()\TU/TeXGyrePagella(0)/m/n/10.95 ,
 []

[119] [120] [121


] [122


] [123] [124] [125


]
Underfull \vbox (badness 1540) has occurred while \output is active []

 [126]
[127] [128] [129]
Overfull \hbox (2.20009pt too wide) in paragraph at lines 2464--2465
\TU/TeXGyrePagella(0)/m/n/10.95 this chapter’s abstract communication geometrie
s a concrete, documented setting to be checked
 []

[130] [131] [132


] [133]
Overfull \hbox (8.19534pt too wide) in paragraph at lines 2501--2502
[]\TU/TeXGyrePagella(0)/m/n/10.95 This is what licenses the following, otherwis
e surprising, claim: an interleaving-independent
 []

[134] [135] [136] [137] [138


] [139]
Overfull \hbox (1.02483pt too wide) in paragraph at lines 2612--2613
\TU/TeXGyrePagella(0)/m/n/10.95 whichever summand the future currently occupies
 to the next, exactly the same reconstruction-
 []

[140]
Overfull \hbox (0.80942pt too wide) in paragraph at lines 2648--2649
\TU/TeXGyrePagella(0)/m/n/10.95 ture’s entire lifetime, including however long 
it sits suspended waiting on \TU/lmtt/m/n/10.95 slow_network_call\TU/TeXGyrePag
ella(0)/m/n/10.95 .
 []

[141] [142] [143] [144


] [145


] [146] [147


] [148] [149] [150] [151


] [152]
[153] [154] [155


]
Underfull \vbox (badness 10000) has occurred while \output is active []

 [156]
[157]
Underfull \vbox (badness 10000) has occurred while \output is active []

 [158]
[159] [160]
Underfull \vbox (badness 10000) has occurred while \output is active []

 [161


]
Underfull \vbox (badness 5417) has occurred while \output is active []

 [162]
[163] [164] [165] [166


]
Underfull \vbox (badness 4726) has occurred while \output is active []

 [167]
Overfull \hbox (0.10695pt too wide) in paragraph at lines 3058--3059
[]\TU/TeXGyrePagella(0)/m/n/10.95 This parallel explains, without needing any a
dditional principle, why so much of idiomatic,
 []

[168]
Overfull \hbox (15.77182pt too wide) in paragraph at lines 3095--3095
[][]\TU/TeXGyrePagella(0)/b/n/14.4 23.6 Interpretation Exercise: A Local-Lookin
g Optimization That Breaks
 []


Underfull \vbox (badness 6047) has occurred while \output is active []

 [169]
[170] [171] [172


] [173] [174]
Overfull \hbox (7.88312pt too wide) in paragraph at lines 3200--3201
\TU/TeXGyrePagella(0)/m/n/10.95 question worth asking is: \TU/TeXGyrePagella(0)
/m/it/10.95 which of this book’s earlier interpretation exercises does \TU/lmtt
/m/it/10.95 unwrap_or_default
 []


Overfull \hbox (2.45924pt too wide) in paragraph at lines 3200--3201
\TU/TeXGyrePagella(0)/m/n/10.95 fabricated, empty \TU/lmtt/m/n/10.95 CreateOrde
r \TU/TeXGyrePagella(0)/m/n/10.95 for a malformed request, which then proceeds 
to \TU/lmtt/m/n/10.95 insert_order
 []

[175] [176] [177


]
Overfull \hbox (5.81181pt too wide) in paragraph at lines 3231--3231
[][]\TU/TeXGyrePagella(0)/b/n/14.4 25.3 Formal Definition: A Test as a Point-Sa
mpled Admissibility Claim 
 []

[178]
Underfull \vbox (badness 2111) has occurred while \output is active []

 [179]
[180] [181] [182


]
Appendix A.
[183


]
Overfull \hbox (1.69273pt too wide) in paragraph at lines 3344--3345
\TU/TeXGyrePagella(0)/m/n/10.95 The \TU/lmtt/m/n/10.95 entheai \TU/TeXGyrePagel
la(0)/m/n/10.95 project’s \TU/lmtt/m/n/10.95 repair_stop.rs \TU/TeXGyrePagella(
0)/m/n/10.95 implements a \TU/lmtt/m/n/10.95 RepairLedger \TU/TeXGyrePagella(0)
/m/n/10.95 governed by a \TU/lmtt/m/n/10.95 StopReason
 []


Overfull \hbox (57.04501pt too wide) in paragraph at lines 3344--3345
\TU/TeXGyrePagella(0)/m/n/10.95 enum, currently distinguishing three ways a rep
air process can conclude: \TU/lmtt/m/n/10.95 MaxAttempts\TU/TeXGyrePagella(0)/m
/n/10.95 , \TU/lmtt/m/n/10.95 NoMarginalValue\TU/TeXGyrePagella(0)/m/n/10.95 ,
 []


Overfull \hbox (63.1806pt too wide) in paragraph at lines 3348--3349
\TU/TeXGyrePagella(0)/m/n/10.95 Attestal, an illustrative Rust program built ar
ound a deliberately named function \TU/lmtt/m/n/10.95 dangerously_compress()\TU
/TeXGyrePagella(0)/m/n/10.95 ,
 []

[184] [185] [186


]
Appendix B.

Underfull \vbox (badness 1259) has occurred while \output is active []

 [187]
[188] [189] [190


]
Appendix C.
[191]
Overfull \hbox (63.83156pt too wide) in paragraph at lines 3444--3445
\TU/TeXGyrePagella(0)/m/n/10.95 tion at compile time; this is how \TU/lmtt/m/n/
10.95 #[derive(Debug)]\TU/TeXGyrePagella(0)/m/n/10.95 , \TU/lmtt/m/n/10.95 #[de
rive(Clone)]\TU/TeXGyrePagella(0)/m/n/10.95 , and \TU/lmtt/m/n/10.95 serde\TU/T
eXGyrePagella(0)/m/n/10.95 ’s \TU/lmtt/m/n/10.95 #[derive(Serialize,
 []

[192]
Overfull \hbox (19.97981pt too wide) in paragraph at lines 3469--3470
[]\TU/TeXGyrePagella(0)/b/n/10.95 Subprocesses. \TU/lmtt/m/n/10.95 std::process
::Command::new("program").arg("value").output() \TU/TeXGyrePagella(0)/m/n/10.95
 spawns
 []

[193] [194


] [195] [196

] [197] [198]
Appendix D.

Overfull \hbox (4.58719pt too wide) in paragraph at lines 3559--3560
\TU/TeXGyrePagella(0)/m/n/10.95 Spherepop’s primitives are defined generally, o
ver arbitrary admissibility structures, not merely
 []

[199


] [200]
Underfull \vbox (badness 3471) has occurred while \output is active []

 [201]
[202]
Appendix E.

Underfull \hbox (badness 3240) in paragraph at lines 3682--3682
[]\TU/TeXGyrePagella(0)/m/n/10.95 A transition that changes nothing
 []


Underfull \hbox (badness 10000) in paragraph at lines 3684--3684
[]\TU/TeXGyrePagella(0)/m/n/10.95 Enum, disjoint-sum state space
 []


Underfull \hbox (badness 10000) in paragraph at lines 3685--3685
[]\TU/TeXGyrePagella(0)/m/n/10.95 Pattern matching’s case analysis
 []


Underfull \hbox (badness 10000) in paragraph at lines 3692--3692
[]\TU/TeXGyrePagella(0)/m/n/10.95 Iterator’s \TU/lmtt/m/n/10.95 fold \TU/TeXGyr
ePagella(0)/m/n/10.95 (Chapter 10, Ap-
 []


Underfull \hbox (badness 1281) in paragraph at lines 3693--3693
[]\TU/lmtt/m/n/10.95 async\TU/TeXGyrePagella(0)/m/n/10.95 /\TU/lmtt/m/n/10.95 .
await \TU/TeXGyrePagella(0)/m/n/10.95 sequencing (Chapter
 []


Underfull \hbox (badness 1418) in paragraph at lines 3693--3694
[]\TU/TeXGyrePagella(0)/m/n/10.95 Monadic sequencing (an advanced
 []


Underfull \vbox (badness 10000) has occurred while \output is active []

 [203


]
[204] [205] (./thinking-like-rust.aux)
 ***********
LaTeX2e <2023-11-01> patch level 1
L3 programming layer <2024-01-22>
 ***********
Package rerunfilecheck Info: File `thinking-like-rust.out' has not changed.
(rerunfilecheck)             Checksum: A374218E12D9A0674EA5792050A52695;12031.
 ) 
Here is how much of TeX's memory you used:
 24313 strings out of 476837
 488148 string characters out of 5803525
 2082627 words of memory out of 5000000
 45860 multiletter control sequences out of 15000+600000
 564902 words of font info for 96 fonts, out of 8000000 for 9000
 14 hyphenation exceptions out of 8191
 101i,8n,107p,2451b,1737s stack positions out of 10000i,1000n,20000p,200000b,200000s

Output written on thinking-like-rust.pdf (205 pages).
