\BOOKMARK [0][-]{chapter*.1}{\376\377\000P\000r\000e\000f\000a\000c\000e\000:\000\040\000H\000o\000w\000\040\000t\000o\000\040\000R\000e\000a\000d\000\040\000T\000h\000i\000s\000\040\000B\000o\000o\000k}{}% 1
\BOOKMARK [0][-]{chapter*.7}{\376\377\000P\000r\000i\000m\000e\000r\000\040\0001\000:\000\040\000V\000a\000r\000i\000a\000b\000l\000e\000s\000,\000\040\000M\000u\000t\000a\000b\000i\000l\000i\000t\000y\000,\000\040\000a\000n\000d\000\040\000B\000a\000s\000i\000c\000\040\000T\000y\000p\000e\000s}{}% 2
\BOOKMARK [0][-]{chapter*.13}{\376\377\000P\000r\000i\000m\000e\000r\000\040\0002\000:\000\040\000C\000o\000n\000t\000r\000o\000l\000\040\000F\000l\000o\000w\000\040\000a\000n\000d\000\040\000F\000u\000n\000c\000t\000i\000o\000n\000s}{}% 3
\BOOKMARK [0][-]{chapter*.19}{\376\377\000P\000r\000i\000m\000e\000r\000\040\0003\000:\000\040\000C\000o\000l\000l\000e\000c\000t\000i\000o\000n\000s\000\040\000a\000n\000d\000\040\000S\000t\000r\000i\000n\000g\000s\000\040\000a\000t\000\040\000a\000\040\000G\000l\000a\000n\000c\000e}{}% 4
\BOOKMARK [-1][-]{part.1}{\376\377\000I\000\040\000T\000h\000i\000n\000k\000i\000n\000g\000\040\000L\000i\000k\000e\000\040\000R\000u\000s\000t}{}% 5
\BOOKMARK [0][-]{chapter*.25}{\376\377\000C\000h\000a\000p\000t\000e\000r\000\040\0001\000:\000\040\000W\000h\000a\000t\000\040\000I\000s\000\040\000a\000\040\000P\000r\000o\000g\000r\000a\000m\000?}{part.1}% 6
\BOOKMARK [0][-]{chapter*.34}{\376\377\000C\000h\000a\000p\000t\000e\000r\000\040\0002\000:\000\040\000P\000r\000o\000g\000r\000a\000m\000s\000\040\000a\000s\000\040\000S\000t\000a\000t\000e\000\040\000T\000r\000a\000n\000s\000f\000o\000r\000m\000a\000t\000i\000o\000n\000s}{part.1}% 7
\BOOKMARK [0][-]{chapter*.45}{\376\377\000C\000h\000a\000p\000t\000e\000r\000\040\0003\000:\000\040\000M\000u\000t\000a\000t\000i\000o\000n\000,\000\040\000C\000o\000n\000s\000t\000r\000a\000i\000n\000t\000s\000,\000\040\000a\000n\000d\000\040\000t\000h\000e\000\040\000C\000o\000s\000t\000\040\000o\000f\000\040\000G\000l\000o\000b\000a\000l\000\040\000K\000n\000o\000w\000l\000e\000d\000g\000e}{part.1}% 8
\BOOKMARK [0][-]{chapter*.54}{\376\377\000C\000h\000a\000p\000t\000e\000r\000\040\0004\000:\000\040\000W\000h\000y\000\040\000L\000o\000c\000a\000l\000i\000t\000y\000\040\000I\000s\000\040\000V\000a\000l\000u\000a\000b\000l\000e}{part.1}% 9
\BOOKMARK [-1][-]{part.2}{\376\377\000I\000I\000\040\000O\000w\000n\000e\000r\000s\000h\000i\000p\000\040\000a\000s\000\040\000R\000e\000a\000c\000h\000a\000b\000i\000l\000i\000t\000y}{}% 10
\BOOKMARK [0][-]{chapter*.64}{\376\377\000C\000h\000a\000p\000t\000e\000r\000\040\0005\000:\000\040\000O\000w\000n\000e\000r\000s\000h\000i\000p\000\040\000a\000s\000\040\000R\000e\000a\000c\000h\000a\000b\000i\000l\000i\000t\000y}{part.2}% 11
\BOOKMARK [-1][-]{part.3}{\376\377\000I\000I\000I\000\040\000C\000o\000m\000p\000o\000s\000i\000t\000i\000o\000n\000\040\000B\000e\000f\000o\000r\000e\000\040\000I\000n\000h\000e\000r\000i\000t\000a\000n\000c\000e}{}% 12
\BOOKMARK [0][-]{chapter*.83}{\376\377\000C\000h\000a\000p\000t\000e\000r\000\040\0006\000:\000\040\000S\000t\000r\000u\000c\000t\000s\000\040\000a\000n\000d\000\040\000t\000h\000e\000\040\000S\000h\000a\000p\000e\000\040\000o\000f\000\040\000S\000t\000a\000t\000e}{part.3}% 13
\BOOKMARK [0][-]{chapter*.93}{\376\377\000C\000h\000a\000p\000t\000e\000r\000\040\0007\000:\000\040\000E\000n\000u\000m\000s\000\040\000a\000n\000d\000\040\000E\000x\000p\000l\000i\000c\000i\000t\000\040\000B\000r\000a\000n\000c\000h\000i\000n\000g}{part.3}% 14
\BOOKMARK [0][-]{chapter*.103}{\376\377\000C\000h\000a\000p\000t\000e\000r\000\040\0008\000:\000\040\000P\000a\000t\000t\000e\000r\000n\000\040\000M\000a\000t\000c\000h\000i\000n\000g\000\040\000a\000s\000\040\000R\000e\000c\000o\000n\000s\000t\000r\000u\000c\000t\000i\000o\000n}{part.3}% 15
\BOOKMARK [0][-]{chapter*.113}{\376\377\000C\000h\000a\000p\000t\000e\000r\000\040\0009\000:\000\040\000T\000r\000a\000i\000t\000s\000\040\000a\000s\000\040\000I\000n\000t\000e\000r\000f\000a\000c\000e\000\040\000C\000o\000n\000t\000r\000a\000c\000t\000s}{part.3}% 16
\BOOKMARK [0][-]{chapter*.123}{\376\377\000C\000h\000a\000p\000t\000e\000r\000\040\0001\0000\000:\000\040\000G\000e\000n\000e\000r\000i\000c\000s\000\040\000a\000n\000d\000\040\000P\000a\000r\000a\000m\000e\000t\000r\000i\000c\000\040\000A\000d\000m\000i\000s\000s\000i\000b\000i\000l\000i\000t\000y}{part.3}% 17
\BOOKMARK [0][-]{chapter*.134}{\376\377\000C\000h\000a\000p\000t\000e\000r\000\040\0001\0001\000:\000\040\000C\000o\000m\000p\000o\000s\000i\000t\000i\000o\000n\000\040\000O\000v\000e\000r\000\040\000I\000n\000h\000e\000r\000i\000t\000a\000n\000c\000e}{part.3}% 18
\BOOKMARK [-1][-]{part.4}{\376\377\000I\000V\000\040\000P\000r\000o\000g\000r\000a\000m\000s\000\040\000a\000s\000\040\000C\000o\000n\000s\000t\000r\000a\000i\000n\000t\000\040\000S\000y\000s\000t\000e\000m\000s}{}% 19
\BOOKMARK [0][-]{chapter*.143}{\376\377\000C\000h\000a\000p\000t\000e\000r\000\040\0001\0002\000:\000\040\000P\000a\000r\000t\000i\000a\000l\000\040\000F\000u\000n\000c\000t\000i\000o\000n\000s\000\040\000a\000n\000d\000\040\000t\000h\000e\000\040\000E\000d\000g\000e\000\040\000o\000f\000\040\000D\000e\000f\000i\000n\000i\000t\000i\000o\000n}{part.4}% 20
\BOOKMARK [0][-]{chapter*.152}{\376\377\000C\000h\000a\000p\000t\000e\000r\000\040\0001\0003\000:\000\040\000O\000p\000t\000i\000o\000n\000\040\000a\000s\000\040\000T\000o\000p\000o\000l\000o\000g\000i\000c\000a\000l\000\040\000I\000n\000c\000o\000m\000p\000l\000e\000t\000e\000n\000e\000s\000s}{part.4}% 21
\BOOKMARK [0][-]{chapter*.160}{\376\377\000C\000h\000a\000p\000t\000e\000r\000\040\0001\0004\000:\000\040\000R\000e\000s\000u\000l\000t\000\040\000a\000s\000\040\000B\000o\000u\000n\000d\000a\000r\000y\000\040\000P\000r\000o\000p\000a\000g\000a\000t\000i\000o\000n}{part.4}% 22
\BOOKMARK [0][-]{chapter*.170}{\376\377\000C\000h\000a\000p\000t\000e\000r\000\040\0001\0005\000:\000\040\000P\000a\000n\000i\000c\000\040\000a\000s\000\040\000L\000e\000a\000v\000i\000n\000g\000\040\000t\000h\000e\000\040\000A\000d\000m\000i\000s\000s\000i\000b\000l\000e\000\040\000M\000a\000n\000i\000f\000o\000l\000d}{part.4}% 23
\BOOKMARK [-1][-]{part.5}{\376\377\000V\000\040\000C\000o\000n\000c\000u\000r\000r\000e\000n\000t\000\040\000W\000o\000r\000l\000d\000s}{}% 24
\BOOKMARK [0][-]{chapter*.179}{\376\377\000C\000h\000a\000p\000t\000e\000r\000\040\0001\0006\000:\000\040\000C\000o\000n\000c\000u\000r\000r\000e\000n\000c\000y\000\040\000a\000s\000\040\000C\000o\000m\000m\000u\000n\000i\000c\000a\000t\000i\000o\000n\000\040\000G\000e\000o\000m\000e\000t\000r\000y}{part.5}% 25
\BOOKMARK [0][-]{chapter*.190}{\376\377\000C\000h\000a\000p\000t\000e\000r\000\040\0001\0007\000:\000\040\000O\000w\000n\000e\000r\000s\000h\000i\000p\000\040\000a\000n\000d\000\040\000F\000e\000a\000r\000l\000e\000s\000s\000\040\000C\000o\000n\000c\000u\000r\000r\000e\000n\000c\000y}{part.5}% 26
\BOOKMARK [0][-]{chapter*.199}{\376\377\000C\000h\000a\000p\000t\000e\000r\000\040\0001\0008\000:\000\040\000A\000s\000y\000n\000c\000\040\000a\000s\000\040\000D\000e\000f\000e\000r\000r\000e\000d\000\040\000C\000o\000n\000t\000i\000n\000u\000a\000t\000i\000o\000n}{part.5}% 27
\BOOKMARK [-1][-]{part.6}{\376\377\000V\000I\000\040\000B\000o\000u\000n\000d\000a\000r\000i\000e\000s\000\040\000a\000n\000d\000\040\000A\000r\000c\000h\000i\000t\000e\000c\000t\000u\000r\000e}{}% 28
\BOOKMARK [0][-]{chapter*.209}{\376\377\000C\000h\000a\000p\000t\000e\000r\000\040\0001\0009\000:\000\040\000C\000a\000r\000g\000o\000\040\000a\000s\000\040\000E\000c\000o\000s\000y\000s\000t\000e\000m\000\040\000A\000r\000c\000h\000i\000t\000e\000c\000t\000u\000r\000e}{part.6}% 29
\BOOKMARK [0][-]{chapter*.217}{\376\377\000C\000h\000a\000p\000t\000e\000r\000\040\0002\0000\000:\000\040\000M\000a\000c\000r\000o\000s\000\040\000a\000s\000\040\000C\000o\000n\000t\000r\000o\000l\000l\000e\000d\000\040\000C\000o\000d\000e\000\040\000G\000e\000n\000e\000r\000a\000t\000i\000o\000n}{part.6}% 30
\BOOKMARK [0][-]{chapter*.225}{\376\377\000C\000h\000a\000p\000t\000e\000r\000\040\0002\0001\000:\000\040\000U\000n\000s\000a\000f\000e\000\040\000R\000u\000s\000t\000\040\000a\000s\000\040\000E\000x\000p\000l\000i\000c\000i\000t\000\040\000B\000o\000u\000n\000d\000a\000r\000y\000\040\000C\000r\000o\000s\000s\000i\000n\000g}{part.6}% 31
\BOOKMARK [0][-]{chapter*.234}{\376\377\000C\000h\000a\000p\000t\000e\000r\000\040\0002\0002\000:\000\040\000F\000F\000I\000\040\000a\000s\000\040\000I\000n\000t\000e\000r\000f\000a\000c\000e\000\040\000T\000o\000p\000o\000l\000o\000g\000y}{part.6}% 32
\BOOKMARK [0][-]{chapter*.242}{\376\377\000C\000h\000a\000p\000t\000e\000r\000\040\0002\0003\000:\000\040\000P\000e\000r\000f\000o\000r\000m\000a\000n\000c\000e\000\040\000a\000s\000\040\000P\000r\000e\000s\000e\000r\000v\000a\000t\000i\000o\000n\000\040\000o\000f\000\040\000L\000o\000c\000a\000l\000i\000t\000y}{part.6}% 33
\BOOKMARK [0][-]{chapter*.250}{\376\377\000C\000h\000a\000p\000t\000e\000r\000\040\0002\0004\000:\000\040\000N\000e\000t\000w\000o\000r\000k\000i\000n\000g\000\040\000a\000s\000\040\000C\000o\000m\000p\000o\000s\000e\000d\000\040\000B\000o\000u\000n\000d\000a\000r\000i\000e\000s}{part.6}% 34
\BOOKMARK [0][-]{chapter*.257}{\376\377\000C\000h\000a\000p\000t\000e\000r\000\040\0002\0005\000:\000\040\000T\000e\000s\000t\000i\000n\000g\000\040\000a\000s\000\040\000A\000d\000m\000i\000s\000s\000i\000b\000i\000l\000i\000t\000y\000\040\000V\000e\000r\000i\000f\000i\000c\000a\000t\000i\000o\000n}{part.6}% 35
\BOOKMARK [0][-]{appendix.A}{\376\377\000T\000h\000e\000s\000e\000\040\000I\000d\000e\000a\000s\000\040\000i\000n\000\040\000P\000r\000a\000c\000t\000i\000c\000e}{part.6}% 36
\BOOKMARK [0][-]{appendix.A}{\376\377\000A\000p\000p\000e\000n\000d\000i\000x\000\040\000A\000:\000\040\000T\000h\000e\000s\000e\000\040\000I\000d\000e\000a\000s\000\040\000i\000n\000\040\000P\000r\000a\000c\000t\000i\000c\000e}{part.6}% 37
\BOOKMARK [0][-]{appendix.B}{\376\377\000Q\000u\000i\000c\000k\000\040\000R\000e\000f\000e\000r\000e\000n\000c\000e\000,\000\040\000C\000o\000m\000p\000r\000e\000s\000s\000e\000d}{part.6}% 38
\BOOKMARK [0][-]{appendix.B}{\376\377\000A\000p\000p\000e\000n\000d\000i\000x\000\040\000B\000:\000\040\000Q\000u\000i\000c\000k\000\040\000R\000e\000f\000e\000r\000e\000n\000c\000e}{part.6}% 39
\BOOKMARK [0][-]{appendix.C}{\376\377\000A\000\040\000P\000r\000a\000c\000t\000i\000c\000a\000l\000\040\000C\000o\000m\000p\000a\000n\000i\000o\000n}{part.6}% 40
\BOOKMARK [0][-]{appendix.C}{\376\377\000A\000p\000p\000e\000n\000d\000i\000x\000\040\000C\000:\000\040\000A\000\040\000P\000r\000a\000c\000t\000i\000c\000a\000l\000\040\000C\000o\000m\000p\000a\000n\000i\000o\000n}{part.6}% 41
\BOOKMARK [0][-]{appendix*.282}{\376\377\000A\000p\000p\000e\000n\000d\000i\000x\000\040\000D\000:\000\040\000R\000e\000f\000e\000r\000e\000n\000c\000e\000s}{part.6}% 42
\BOOKMARK [0][-]{appendix.D}{\376\377\000L\000o\000g\000i\000c\000\040\000G\000a\000t\000e\000s\000\040\000f\000r\000o\000m\000\040\000S\000p\000h\000e\000r\000e\000p\000o\000p\000-\000S\000t\000y\000l\000e\000\040\000O\000p\000e\000r\000a\000t\000o\000r\000s}{part.6}% 43
\BOOKMARK [0][-]{appendix.D}{\376\377\000A\000p\000p\000e\000n\000d\000i\000x\000\040\000E\000:\000\040\000L\000o\000g\000i\000c\000\040\000G\000a\000t\000e\000s\000\040\000f\000r\000o\000m\000\040\000S\000p\000h\000e\000r\000e\000p\000o\000p\000-\000S\000t\000y\000l\000e\000\040\000O\000p\000e\000r\000a\000t\000o\000r\000s}{part.6}% 44
\BOOKMARK [0][-]{appendix.E}{\376\377\000C\000o\000r\000r\000e\000s\000p\000o\000n\000d\000e\000n\000c\000e\000\040\000w\000i\000t\000h\000\040\000C\000a\000t\000e\000g\000o\000r\000y\000\040\000T\000h\000e\000o\000r\000y}{part.6}% 45
\BOOKMARK [0][-]{appendix.E}{\376\377\000A\000p\000p\000e\000n\000d\000i\000x\000\040\000F\000:\000\040\000C\000o\000r\000r\000e\000s\000p\000o\000n\000d\000e\000n\000c\000e\000\040\000w\000i\000t\000h\000\040\000C\000a\000t\000e\000g\000o\000r\000y\000\040\000T\000h\000e\000o\000r\000y}{part.6}% 46
