
================================================================
Flyxion correction run - 2026-10-07 20:48:25
Backup snapshot: backup_20261007_204825
================================================================

[substitution] ./The_Advanced_Mathematics_of_Generative_Film.tsv
  L40: 160500	165820	And it's written by an independent researcher named Flexion. I have been poring over these
  L95: 371200	377420	Right. And Flexion introduces a foundational distinction here between scenario space and
  L147: 569520	575100	But Flaxian takes this further. Once you establish the scenario space, how does the camera naturally
  L148: 575100	580420	move through it? It's not random. Flaxian proposes a concept using something called the
  L211: 834020	838920	Now, on the surface, that is just standard screenwriting. But Flaxian points out that
  L260: 1126020	1134260	To answer it mathematically, Flixion translates the most famous psychological experiment in film history into formal algebra. I'm talking about the Kuleshov effect.
  L293: 1266380	1271620	And Flixian's text shows that this montage surplus carries what is known in algebraic topology
  L361: 1595900	1600500	Correct. But Flixian takes sheaf theory to an even more mind-bending place.
  L395: 1745340	1748580	Flyaxian actually dedicates a whole section to the multi-camera problem.
  L402: 1772980	1780320	Flyaxian compares this failure to glue to a concept in quantum mechanics known as contextuality,
  L423: 1843500	1848500	Flyaxian argues that in these films, the multiple viewpoints are mathematically contextual.
  L448: 1934120	1938500	Flexion translates Chekhov's dramatic principle into an absolute mathematical law.
  L491: 2089800	2093380	And in Flaxion's framework, that scene fails the type-checking compiler.
  L498: 2111220	2116140	Flaxion calls this the reverse parable and applies it to character motivations using game theory.
  L526: 2208540	2211340	FlyXon exposes the fatal flaw of early AI video.
  L533: 2236360	2240020	To fix this, FlyXon proposes a radical restructuring.
  L549: 2288280	2291720	FlyXian relates this to the Myhill-Narod theorem.
  L630: 2658580	2660920	Flaxion proposes a radical new protocol.
  L688: 2901780	2905540	In Flexine's framework, a trope is not just a lazy writing habit.
  L723: 3054640	3057760	Flexion talks about frame multiplexing and branching narratives.
  (20 line(s) changed)

[substitution] ./The_Advanced_Mathematics_of_Generative_Film.srt
  L155: And it's written by an independent researcher named Flexion. I have been poring over these
  L375: Right. And Flexion introduces a foundational distinction here between scenario space and
  L583: But Flaxian takes this further. Once you establish the scenario space, how does the camera naturally
  L587: move through it? It's not random. Flaxian proposes a concept using something called the
  L839: Now, on the surface, that is just standard screenwriting. But Flaxian points out that
  L1035: To answer it mathematically, Flixion translates the most famous psychological experiment in film history into formal algebra. I'm talking about the Kuleshov effect.
  L1167: And Flixian's text shows that this montage surplus carries what is known in algebraic topology
  L1439: Correct. But Flixian takes sheaf theory to an even more mind-bending place.
  L1575: Flyaxian actually dedicates a whole section to the multi-camera problem.
  L1603: Flyaxian compares this failure to glue to a concept in quantum mechanics known as contextuality,
  L1687: Flyaxian argues that in these films, the multiple viewpoints are mathematically contextual.
  L1787: Flexion translates Chekhov's dramatic principle into an absolute mathematical law.
  L1959: And in Flaxion's framework, that scene fails the type-checking compiler.
  L1987: Flaxion calls this the reverse parable and applies it to character motivations using game theory.
  L2099: FlyXon exposes the fatal flaw of early AI video.
  L2127: To fix this, FlyXon proposes a radical restructuring.
  L2191: FlyXian relates this to the Myhill-Narod theorem.
  L2515: Flaxion proposes a radical new protocol.
  L2747: In Flexine's framework, a trope is not just a lazy writing habit.
  L2887: Flexion talks about frame multiplexing and branching narratives.
  (20 line(s) changed)

[substitution] ./The_Advanced_Mathematics_of_Generative_Film.txt
  L39: And it's written by an independent researcher named Flexion. I have been poring over these
  L94: Right. And Flexion introduces a foundational distinction here between scenario space and
  L146: But Flaxian takes this further. Once you establish the scenario space, how does the camera naturally
  L147: move through it? It's not random. Flaxian proposes a concept using something called the
  L210: Now, on the surface, that is just standard screenwriting. But Flaxian points out that
  L259: To answer it mathematically, Flixion translates the most famous psychological experiment in film history into formal algebra. I'm talking about the Kuleshov effect.
  L292: And Flixian's text shows that this montage surplus carries what is known in algebraic topology
  L360: Correct. But Flixian takes sheaf theory to an even more mind-bending place.
  L394: Flyaxian actually dedicates a whole section to the multi-camera problem.
  L401: Flyaxian compares this failure to glue to a concept in quantum mechanics known as contextuality,
  L422: Flyaxian argues that in these films, the multiple viewpoints are mathematically contextual.
  L447: Flexion translates Chekhov's dramatic principle into an absolute mathematical law.
  L490: And in Flaxion's framework, that scene fails the type-checking compiler.
  L497: Flaxion calls this the reverse parable and applies it to character motivations using game theory.
  L525: FlyXon exposes the fatal flaw of early AI video.
  L532: To fix this, FlyXon proposes a radical restructuring.
  L548: FlyXian relates this to the Myhill-Narod theorem.
  L629: Flaxion proposes a radical new protocol.
  L687: In Flexine's framework, a trope is not just a lazy writing habit.
  L722: Flexion talks about frame multiplexing and branching narratives.
  (20 line(s) changed)

[substitution] ./The_Advanced_Mathematics_of_Generative_Film.vtt
  L118: And it's written by an independent researcher named Flexion. I have been poring over these
  L283: Right. And Flexion introduces a foundational distinction here between scenario space and
  L439: But Flaxian takes this further. Once you establish the scenario space, how does the camera naturally
  L442: move through it? It's not random. Flaxian proposes a concept using something called the
  L631: Now, on the surface, that is just standard screenwriting. But Flaxian points out that
  L778: To answer it mathematically, Flixion translates the most famous psychological experiment in film history into formal algebra. I'm talking about the Kuleshov effect.
  L877: And Flixian's text shows that this montage surplus carries what is known in algebraic topology
  L1081: Correct. But Flixian takes sheaf theory to an even more mind-bending place.
  L1183: Flyaxian actually dedicates a whole section to the multi-camera problem.
  L1204: Flyaxian compares this failure to glue to a concept in quantum mechanics known as contextuality,
  L1267: Flyaxian argues that in these films, the multiple viewpoints are mathematically contextual.
  L1342: Flexion translates Chekhov's dramatic principle into an absolute mathematical law.
  L1471: And in Flaxion's framework, that scene fails the type-checking compiler.
  L1492: Flaxion calls this the reverse parable and applies it to character motivations using game theory.
  L1576: FlyXon exposes the fatal flaw of early AI video.
  L1597: To fix this, FlyXon proposes a radical restructuring.
  L1645: FlyXian relates this to the Myhill-Narod theorem.
  L1888: Flaxion proposes a radical new protocol.
  L2062: In Flexine's framework, a trope is not just a lazy writing habit.
  L2167: Flexion talks about frame multiplexing and branching narratives.
  (20 line(s) changed)

[substitution] ./The_Advanced_Mathematics_of_Generative_Film.json
  L1: [JSON content omitted]
  (1 line(s) changed)

==== Candidate Variants (aggregated, 2 unique) ====
     12 flison
      6 flying

==== Summary ====
Files scanned        : 5
Files updated        : 5
Files unchanged      : 0
Unique candidates    : 2
Elapsed time         : 12s

================================================================
Run complete at 2026-10-07 20:48:37
================================================================

================================================================
Flyxion correction run - 2026-10-07 20:53:27
Backup snapshot: backup_20261007_205327
================================================================

[substitution] ./The_Advanced_Mathematics_of_Generative_Film.tsv
  L164: 638580	646060	But Flison asks, what makes a camera movement feel natural versus jarring or amateurish?
  L169: 655860	660940	Flison proposes that natural cinematic camera motion follows a mathematical path of least
  (2 line(s) changed)

[substitution] ./The_Advanced_Mathematics_of_Generative_Film.srt
  L651: But Flison asks, what makes a camera movement feel natural versus jarring or amateurish?
  L671: Flison proposes that natural cinematic camera motion follows a mathematical path of least
  (2 line(s) changed)

[substitution] ./The_Advanced_Mathematics_of_Generative_Film.txt
  L163: But Flison asks, what makes a camera movement feel natural versus jarring or amateurish?
  L168: Flison proposes that natural cinematic camera motion follows a mathematical path of least
  (2 line(s) changed)

[substitution] ./The_Advanced_Mathematics_of_Generative_Film.vtt
  L490: But Flison asks, what makes a camera movement feel natural versus jarring or amateurish?
  L505: Flison proposes that natural cinematic camera motion follows a mathematical path of least
  (2 line(s) changed)

[substitution] ./The_Advanced_Mathematics_of_Generative_Film.json
  L1: [JSON content omitted]
  (1 line(s) changed)

==== Candidate Variants (aggregated, 1 unique) ====
      6 flying

==== Summary ====
Files scanned        : 5
Files updated        : 5
Files unchanged      : 0
Unique candidates    : 1
Elapsed time         : 12s

================================================================
Run complete at 2026-10-07 20:53:39
================================================================
